Component: ARM Compiler 5.05 update 1 (build 106) Tool: armlink [4d0efa]

==============================================================================

Section Cross References

    startup_stm32f407xx.o(STACK) refers (Special) to heapauxi.o(.text) for __use_two_region_memory
    startup_stm32f407xx.o(HEAP) refers (Special) to heapauxi.o(.text) for __use_two_region_memory
    startup_stm32f407xx.o(RESET) refers (Special) to heapauxi.o(.text) for __use_two_region_memory
    startup_stm32f407xx.o(RESET) refers to startup_stm32f407xx.o(STACK) for __initial_sp
    startup_stm32f407xx.o(RESET) refers to startup_stm32f407xx.o(.text) for Reset_Handler
    startup_stm32f407xx.o(RESET) refers to stm32f4xx_it.o(i.NMI_Handler) for NMI_Handler
    startup_stm32f407xx.o(RESET) refers to stm32f4xx_it.o(i.HardFault_Handler) for HardFault_Handler
    startup_stm32f407xx.o(RESET) refers to stm32f4xx_it.o(i.MemManage_Handler) for MemManage_Handler
    startup_stm32f407xx.o(RESET) refers to stm32f4xx_it.o(i.BusFault_Handler) for BusFault_Handler
    startup_stm32f407xx.o(RESET) refers to stm32f4xx_it.o(i.UsageFault_Handler) for UsageFault_Handler
    startup_stm32f407xx.o(RESET) refers to stm32f4xx_it.o(i.SVC_Handler) for SVC_Handler
    startup_stm32f407xx.o(RESET) refers to stm32f4xx_it.o(i.DebugMon_Handler) for DebugMon_Handler
    startup_stm32f407xx.o(RESET) refers to stm32f4xx_it.o(i.PendSV_Handler) for PendSV_Handler
    startup_stm32f407xx.o(RESET) refers to stm32f4xx_it.o(i.SysTick_Handler) for SysTick_Handler
    startup_stm32f407xx.o(RESET) refers to stm32f4xx_it.o(i.DMA1_Stream1_IRQHandler) for DMA1_Stream1_IRQHandler
    startup_stm32f407xx.o(RESET) refers to stm32f4xx_it.o(i.CAN1_RX0_IRQHandler) for CAN1_RX0_IRQHandler
    startup_stm32f407xx.o(RESET) refers to stm32f4xx_it.o(i.TIM2_IRQHandler) for TIM2_IRQHandler
    startup_stm32f407xx.o(RESET) refers to stm32f4xx_it.o(i.TIM3_IRQHandler) for TIM3_IRQHandler
    startup_stm32f407xx.o(RESET) refers to stm32f4xx_it.o(i.USART1_IRQHandler) for USART1_IRQHandler
    startup_stm32f407xx.o(RESET) refers to stm32f4xx_it.o(i.USART3_IRQHandler) for USART3_IRQHandler
    startup_stm32f407xx.o(RESET) refers to stm32f4xx_it.o(i.DMA2_Stream2_IRQHandler) for DMA2_Stream2_IRQHandler
    startup_stm32f407xx.o(.text) refers (Special) to heapauxi.o(.text) for __use_two_region_memory
    startup_stm32f407xx.o(.text) refers to system_stm32f4xx.o(i.SystemInit) for SystemInit
    startup_stm32f407xx.o(.text) refers to __main.o(!!!main) for __main
    startup_stm32f407xx.o(.text) refers to startup_stm32f407xx.o(HEAP) for Heap_Mem
    startup_stm32f407xx.o(.text) refers to startup_stm32f407xx.o(STACK) for Stack_Mem
    main.o(i.MX_CAN1_Init) refers to stm32f4xx_hal_can.o(i.HAL_CAN_Init) for HAL_CAN_Init
    main.o(i.MX_CAN1_Init) refers to main.o(i.Error_Handler) for Error_Handler
    main.o(i.MX_CAN1_Init) refers to drv_can.o(i.Can_Init) for Can_Init
    main.o(i.MX_CAN1_Init) refers to main.o(.bss) for hcan1
    main.o(i.MX_DMA_Init) refers to stm32f4xx_hal_cortex.o(i.HAL_NVIC_SetPriority) for HAL_NVIC_SetPriority
    main.o(i.MX_DMA_Init) refers to stm32f4xx_hal_cortex.o(i.HAL_NVIC_EnableIRQ) for HAL_NVIC_EnableIRQ
    main.o(i.MX_TIM2_Init) refers to stm32f4xx_hal_tim.o(i.HAL_TIM_Base_Init) for HAL_TIM_Base_Init
    main.o(i.MX_TIM2_Init) refers to main.o(i.Error_Handler) for Error_Handler
    main.o(i.MX_TIM2_Init) refers to stm32f4xx_hal_tim.o(i.HAL_TIM_ConfigClockSource) for HAL_TIM_ConfigClockSource
    main.o(i.MX_TIM2_Init) refers to stm32f4xx_hal_tim_ex.o(i.HAL_TIMEx_MasterConfigSynchronization) for HAL_TIMEx_MasterConfigSynchronization
    main.o(i.MX_TIM2_Init) refers to stm32f4xx_hal_tim.o(i.HAL_TIM_Base_Start_IT) for HAL_TIM_Base_Start_IT
    main.o(i.MX_TIM2_Init) refers to main.o(.bss) for htim2
    main.o(i.MX_TIM3_Init) refers to stm32f4xx_hal_tim.o(i.HAL_TIM_Base_Init) for HAL_TIM_Base_Init
    main.o(i.MX_TIM3_Init) refers to main.o(i.Error_Handler) for Error_Handler
    main.o(i.MX_TIM3_Init) refers to stm32f4xx_hal_tim.o(i.HAL_TIM_ConfigClockSource) for HAL_TIM_ConfigClockSource
    main.o(i.MX_TIM3_Init) refers to stm32f4xx_hal_tim_ex.o(i.HAL_TIMEx_MasterConfigSynchronization) for HAL_TIMEx_MasterConfigSynchronization
    main.o(i.MX_TIM3_Init) refers to stm32f4xx_hal_tim.o(i.HAL_TIM_Base_Start_IT) for HAL_TIM_Base_Start_IT
    main.o(i.MX_TIM3_Init) refers to main.o(.bss) for htim3
    main.o(i.MX_TIM4_Init) refers to rt_memclr_w.o(.text) for __aeabi_memclr4
    main.o(i.MX_TIM4_Init) refers to stm32f4xx_hal_tim.o(i.HAL_TIM_Base_Init) for HAL_TIM_Base_Init
    main.o(i.MX_TIM4_Init) refers to main.o(i.Error_Handler) for Error_Handler
    main.o(i.MX_TIM4_Init) refers to stm32f4xx_hal_tim.o(i.HAL_TIM_ConfigClockSource) for HAL_TIM_ConfigClockSource
    main.o(i.MX_TIM4_Init) refers to stm32f4xx_hal_tim.o(i.HAL_TIM_PWM_Init) for HAL_TIM_PWM_Init
[...]
    i.TIM_TI1_ConfigInputStage               0x08004630   Section        0  stm32f4xx_hal_tim.o(i.TIM_TI1_ConfigInputStage)
    TIM_TI1_ConfigInputStage                 0x08004631   Thumb Code    38  stm32f4xx_hal_tim.o(i.TIM_TI1_ConfigInputStage)
    i.TIM_TI2_ConfigInputStage               0x08004656   Section        0  stm32f4xx_hal_tim.o(i.TIM_TI2_ConfigInputStage)
    TIM_TI2_ConfigInputStage                 0x08004657   Thumb Code    40  stm32f4xx_hal_tim.o(i.TIM_TI2_ConfigInputStage)
    i.UART_DMAAbortOnError                   0x0800467e   Section        0  stm32f4xx_hal_uart.o(i.UART_DMAAbortOnError)
    UART_DMAAbortOnError                     0x0800467f   Thumb Code    20  stm32f4xx_hal_uart.o(i.UART_DMAAbortOnError)
    i.UART_DMAError                          0x08004692   Section        0  stm32f4xx_hal_uart.o(i.UART_DMAError)
    UART_DMAError                            0x08004693   Thumb Code    80  stm32f4xx_hal_uart.o(i.UART_DMAError)
    i.UART_DMAReceiveCplt                    0x080046e2   Section        0  stm32f4xx_hal_uart.o(i.UART_DMAReceiveCplt)
    UART_DMAReceiveCplt                      0x080046e3   Thumb Code   176  stm32f4xx_hal_uart.o(i.UART_DMAReceiveCplt)
    i.UART_DMARxHalfCplt                     0x08004792   Section        0  stm32f4xx_hal_uart.o(i.UART_DMARxHalfCplt)
    UART_DMARxHalfCplt                       0x08004793   Thumb Code    32  stm32f4xx_hal_uart.o(i.UART_DMARxHalfCplt)
    i.UART_EndRxTransfer                     0x080047b2   Section        0  stm32f4xx_hal_uart.o(i.UART_EndRxTransfer)
    UART_EndRxTransfer                       0x080047b3   Thumb Code   108  stm32f4xx_hal_uart.o(i.UART_EndRxTransfer)
    i.UART_EndTransmit_IT                    0x0800481e   Section        0  stm32f4xx_hal_uart.o(i.UART_EndTransmit_IT)
    UART_EndTransmit_IT                      0x0800481f   Thumb Code    32  stm32f4xx_hal_uart.o(i.UART_EndTransmit_IT)
    i.UART_EndTxTransfer                     0x0800483e   Section        0  stm32f4xx_hal_uart.o(i.UART_EndTxTransfer)
    UART_EndTxTransfer                       0x0800483f   Thumb Code    38  stm32f4xx_hal_uart.o(i.UART_EndTxTransfer)
    i.UART_Receive_IT                        0x08004864   Section        0  stm32f4xx_hal_uart.o(i.UART_Receive_IT)
    UART_Receive_IT                          0x08004865   Thumb Code   248  stm32f4xx_hal_uart.o(i.UART_Receive_IT)
    i.UART_SetConfig                         0x0800495c   Section        0  stm32f4xx_hal_uart.o(i.UART_SetConfig)
    UART_SetConfig                           0x0800495d   Thumb Code   546  stm32f4xx_hal_uart.o(i.UART_SetConfig)
    i.UART_Start_Receive_DMA                 0x08004b88   Section        0  stm32f4xx_hal_uart.o(i.UART_Start_Receive_DMA)
    i.UART_Transmit_IT                       0x08004c54   Section        0  stm32f4xx_hal_uart.o(i.UART_Transmit_IT)
    UART_Transmit_IT                         0x08004c55   Thumb Code    96  stm32f4xx_hal_uart.o(i.UART_Transmit_IT)
    i.UART_WaitOnFlagUntilTimeout            0x08004cb4   Section        0  stm32f4xx_hal_uart.o(i.UART_WaitOnFlagUntilTimeout)
    UART_WaitOnFlagUntilTimeout              0x08004cb5   Thumb Code   146  stm32f4xx_hal_uart.o(i.UART_WaitOnFlagUntilTimeout)
    i.USART1_IRQHandler                      0x08004d48   Section        0  stm32f4xx_it.o(i.USART1_IRQHandler)
    i.USART3_IRQHandler                      0x08004d5c   Section        0  stm32f4xx_it.o(i.USART3_IRQHandler)
    i.UsageFault_Handler                     0x08004d70   Section        0  stm32f4xx_it.o(i.UsageFault_Handler)
    i.__ARM_fpclassify                       0x08004d74   Section        0  fpclassify.o(i.__ARM_fpclassify)
    i.__NVIC_GetPriorityGrouping             0x08004da4   Section        0  stm32f4xx_hal_cortex.o(i.__NVIC_GetPriorityGrouping)
    __NVIC_GetPriorityGrouping               0x08004da5   Thumb Code    10  stm32f4xx_hal_cortex.o(i.__NVIC_GetPriorityGrouping)
    i.__NVIC_SetPriority                     0x08004db4   Section        0  stm32f4xx_hal_cortex.o(i.__NVIC_SetPriority)
    __NVIC_SetPriority                       0x08004db5   Thumb Code    32  stm32f4xx_hal_cortex.o(i.__NVIC_SetPriority)
    i.__hardfp_cos                           0x08004de0   Section        0  cos.o(i.__hardfp_cos)
    i.__hardfp_sin                           0x08004ea8   Section        0  sin.o(i.__hardfp_sin)
    i.__ieee754_rem_pio2                     0x08004f70   Section        0  rred.o(i.__ieee754_rem_pio2)
    i.__kernel_cos                           0x080053a8   Section        0  cos_i.o(i.__kernel_cos)
    i.__kernel_poly                          0x08005518   Section        0  poly.o(i.__kernel_poly)
    i.__kernel_sin                           0x08005610   Section        0  sin_i.o(i.__kernel_sin)
    i.__mathlib_dbl_infnan                   0x08005740   Section        0  dunder.o(i.__mathlib_dbl_infnan)
    i.__mathlib_dbl_invalid                  0x08005758   Section        0  dunder.o(i.__mathlib_dbl_invalid)
    i.__mathlib_dbl_underflow                0x08005778   Section        0  dunder.o(i.__mathlib_dbl_underflow)
    i.chasiss_control                        0x08005798   Section        0  chasiss.o(i.chasiss_control)
    i.convert_6623speed                      0x08005c3c   Section        0  drv_can.o(i.convert_6623speed)
    i.fabs                                   0x08005cd6   Section        0  fabs.o(i.fabs)
    i.gimbals_control                        0x08005cf0   Section        0  gimbals.o(i.gimbals_control)
    i.main                                   0x08005dd0   Section        0  main.o(i.main)
    i.pitch_loops_pid                        0x08005e50   Section        0  pid.o(i.pitch_loops_pid)
    i.shoot_control                          0x08005ed8   Section        0  shoot.o(i.shoot_control)
    i.tardy_start                            0x08005fa0   Section        0  chasiss.o(i.tardy_start)
    i.tardy_stop                             0x08005faa   Section        0  chasiss.o(i.tardy_stop)
    i.yaw_loops_pid                          0x08005fc0   Section        0  pid.o(i.yaw_loops_pid)
    i.zero_point_compensate                  0x08006048   Section        0  pid.o(i.zero_point_compensate)
    x$fpl$basic                              0x0800605c   Section       24  basic.o(x$fpl$basic)
    $v0                                      0x0800605c   Number         0  basic.o(x$fpl$basic)
    x$fpl$d2f                                0x08006074   Section       98  d2f.o(x$fpl$d2f)
    $v0                                      0x08006074   Number         0  d2f.o(x$fpl$d2f)
    x$fpl$dadd                               0x080060d8   Section      336  daddsub_clz.o(x$fpl$dadd)
    $v0                                      0x080060d8   Number         0  daddsub_clz.o(x$fpl$dadd)
    _dadd1                                   0x080060e9   Thumb Code     0  daddsub_clz.o(x$fpl$dadd)
    x$fpl$ddiv                               0x08006228   Section      688  ddiv.o(x$fpl$ddiv)
    $v0                                      0x08006228   Number         0  ddiv.o(x$fpl$ddiv)
    ddiv_entry                               0x0800622f   Thumb Code     0  ddiv.o(x$fpl$ddiv)
    x$fpl$dfix                               0x080064d8   Section       94  dfix.o(x$fpl$dfix)
    $v0                                      0x080064d8   Number         0  dfix.o(x$fpl$dfix)
    x$fpl$dflt                               0x08006536   Section       46  dflt_clz.o(x$fpl$dflt)
    $v0                                      0x08006536   Number         0  dflt_clz.o(x$fpl$dflt)
    x$fpl$dfltu                              0x08006564   Section       38  dflt_clz.o(x$fpl$dfltu)
    $v0                                      0x08006564   Number         0  dflt_clz.o(x$fpl$dfltu)
    x$fpl$dmul                               0x0800658c   Section      340  dmul.o(x$fpl$dmul)
    $v0                                      0x0800658c   Number         0  dmul.o(x$fpl$dmul)
    x$fpl$dnaninf                            0x080066e0   Section      156  dnaninf.o(x$fpl$dnaninf)
    $v0                                      0x080066e0   Number         0  dnaninf.o(x$fpl$dnaninf)
    x$fpl$dretinf                            0x0800677c   Section       12  dretinf.o(x$fpl$dretinf)
    $v0                                      0x0800677c   Number         0  dretinf.o(x$fpl$dretinf)
    x$fpl$drsb                               0x08006788   Section       22  daddsub_clz.o(x$fpl$drsb)
    $v0                                      0x08006788   Number         0  daddsub_clz.o(x$fpl$drsb)
    x$fpl$dsub                               0x080067a0   Section      468  daddsub_clz.o(x$fpl$dsub)
    $v0                                      0x080067a0   Number         0  daddsub_clz.o(x$fpl$dsub)
    _dsub1                                   0x080067b1   Thumb Code     0  daddsub_clz.o(x$fpl$dsub)
    x$fpl$f2d                                0x08006974   Section       86  f2d.o(x$fpl$f2d)
    $v0                                      0x08006974   Number         0  f2d.o(x$fpl$f2d)
    x$fpl$fnaninf                            0x080069ca   Section      140  fnaninf.o(x$fpl$fnaninf)
    $v0                                      0x080069ca   Number         0  fnaninf.o(x$fpl$fnaninf)
    x$fpl$fpinit                             0x08006a56   Section       10  fpinit.o(x$fpl$fpinit)
    $v0                                      0x08006a56   Number         0  fpinit.o(x$fpl$fpinit)
    x$fpl$fretinf                            0x08006a60   Section       10  fretinf.o(x$fpl$fretinf)
    $v0                                      0x08006a60   Number         0  fretinf.o(x$fpl$fretinf)
    .constdata                               0x08006a6a   Section        8  stm32f4xx_hal_dma.o(.constdata)
    x$fpl$usenofp                            0x08006a6a   Section        0  usenofp.o(x$fpl$usenofp)
    flagBitshiftOffset                       0x08006a6a   Data           8  stm32f4xx_hal_dma.o(.constdata)
    .constdata                               0x08006a72   Section       24  system_stm32f4xx.o(.constdata)
    .constdata                               0x08006a90   Section       48  cos_i.o(.constdata)
    C                                        0x08006a90   Data          48  cos_i.o(.constdata)
    .constdata                               0x08006ac0   Section      200  rred.o(.constdata)
    pio2s                                    0x08006ac0   Data          48  rred.o(.constdata)
    twooverpi                                0x08006af0   Data         152  rred.o(.constdata)
    .constdata                               0x08006b88   Section       40  sin_i.o(.constdata)
    S                                        0x08006b88   Data          40  sin_i.o(.constdata)
    .data                                    0x20000000   Section        9  stm32f4xx_hal.o(.data)
    .data                                    0x2000000c   Section        4  system_stm32f4xx.o(.data)
    .data                                    0x20000010   Section      104  drv_can.o(.data)
    .data                                    0x20000078   Section        2  drv_usart.o(.data)
    .data                                    0x2000007a   Section       10  dr16.o(.data)
    .data                                    0x20000084   Section        8  jy901s.o(.data)
    .data                                    0x2000008c   Section       56  chasiss.o(.data)
    .data                                    0x200000c4   Section       42  gimbals.o(.data)
    yaw_out                                  0x200000ea   Data           2  gimbals.o(.data)
    pitch_out                                0x200000ec   Data           2  gimbals.o(.data)
    .data                                    0x200000f0   Section       42  pid.o(.data)
    position_out1                            0x20000112   Data           2  pid.o(.data)
    position_out2                            0x20000114   Data           2  pid.o(.data)
    position_out1                            0x20000116   Data           2  pid.o(.data)
    position_out2                            0x20000118   Data           2  pid.o(.data)
    .bss                                     0x2000011c   Section      724  main.o(.bss)
    .bss                                     0x200003f0   Section       62  drv_can.o(.bss)
    .bss                                     0x2000042e   Section       58  drv_usart.o(.bss)
    .bss                                     0x20000468   Section       58  dr16.o(.bss)
    .bss                                     0x200004a4   Section       24  jy901s.o(.bss)
    .bss                                     0x200004bc   Section       16  oscilloscope.o(.bss)
    .bss                                     0x200004cc   Section       40  chasiss.o(.bss)
    .bss                                     0x200004f4   Section       10  shoot.o(.bss)
    .bss                                     0x20000500   Section       96  libspace.o(.bss)
    HEAP                                     0x20000560   Section      512  startup_stm32f407xx.o(HEAP)
    Heap_Mem                                 0x20000560   Data         512  startup_stm32f407xx.o(HEAP)
    STACK                                    0x20000760   Section     1024  startup_stm32f407xx.o(STACK)
    Stack_Mem                                0x20000760   Data        1024  startup_stm32f407xx.o(STACK)
    __initial_sp                             0x20000b60   Data           0  startup_stm32f407xx.o(STACK)

    Global Symbols

    Symbol Name                              Value     Ov Type        Size  Object(Section)

    BuildAttributes$$THM_ISAv4$E$P$D$K$B$S$7EM$VFPi3$EXTD16$VFPS$VFMA$PE$A:L22UL41UL21$X:L11$S22US41US21$IEEE1$IW$USESV6$~STKCKD$USESV7$~SHL$OTIME$ROPI$IEEEX$EBA8$UX$STANDARDLIB$REQ8$PRES8$EABIv2 0x00000000   Number         0  anon$$obj.o ABSOLUTE
    __ARM_use_no_argv                        0x00000000   Number         0  main.o ABSOLUTE
    __ARM_exceptions_init                     - Undefined Weak Reference
    __alloca_initialize                       - Undefined Weak Reference
    __arm_preinit_                            - Undefined Weak Reference
    __cpp_initialize__aeabi_                  - Undefined Weak Reference
    __cxa_finalize                            - Undefined Weak Reference
    __rt_locale                               - Undefined Weak Reference
    __sigvec_lookup                           - Undefined Weak Reference
    _atexit_init                              - Undefined Weak Reference
    _call_atexit_fns                          - Undefined Weak Reference
    _clock_init                               - Undefined Weak Reference
    _fp_trap_init                             - Undefined Weak Reference
    _fp_trap_shutdown                         - Undefined Weak Reference
    _get_lc_collate                           - Undefined Weak Reference
    _get_lc_ctype                             - Undefined Weak Reference
    _get_lc_monetary                          - Undefined Weak Reference
    _get_lc_numeric                           - Undefined Weak Reference
    _get_lc_time                              - Undefined Weak Reference
    _getenv_init                              - Undefined Weak Reference
    _handle_redirection                       - Undefined Weak Reference
    _init_alloc                               - Undefined Weak Reference
    _init_user_alloc                          - Undefined Weak Reference
    _initio                                   - Undefined Weak Reference
    _rand_init                                - Undefined Weak Reference
    _signal_finish                            - Undefined Weak Reference
    _signal_init                              - Undefined Weak Reference
    _terminate_alloc                          - Undefined Weak Reference
    _terminate_user_alloc                     - Undefined Weak Reference
    _terminateio                              - Undefined Weak Reference
    __Vectors_Size                           0x00000188   Number         0  startup_stm32f407xx.o ABSOLUTE
    __Vectors                                0x08000000   Data           4  startup_stm32f407xx.o(RESET)
    __Vectors_End                            0x08000188   Data           0  startup_stm32f407xx.o(RESET)
    __main                                   0x08000189   Thumb Code     8  __main.o(!!!main)
    __scatterload                            0x08000191   Thumb Code     0  __scatter.o(!!!scatter)
    __scatterload_rt2                        0x08000191   Thumb Code    44  __scatter.o(!!!scatter)
    __scatterload_rt2_thumb_only             0x08000191   Thumb Code     0  __scatter.o(!!!scatter)
    __scatterload_null                       0x0800019f   Thumb Code     0  __scatter.o(!!!scatter)
    __scatterload_copy                       0x080001c5   Thumb Code    26  __scatter_copy.o(!!handler_copy)
    __scatterload_zeroinit                   0x080001e1   Thumb Code    28  __scatter_zi.o(!!handler_zi)
    __rt_lib_init                            0x080001fd   Thumb Code     0  libinit.o(.ARM.Collect$$libinit$$00000000)
    __rt_lib_init_fp_1                       0x080001ff   Thumb Code     0  libinit2.o(.ARM.Collect$$libinit$$00000001)
    __rt_lib_init_alloca_1                   0x08000203   Thumb Code     0  libinit2.o(.ARM.Collect$$libinit$$0000002E)
    __rt_lib_init_argv_1                     0x08000203   Thumb Code     0  libinit2.o(.ARM.Collect$$libinit$$0000002C)
    __rt_lib_init_atexit_1                   0x08000203   Thumb Code     0  libinit2.o(.ARM.Collect$$libinit$$0000001B)
    __rt_lib_init_clock_1                    0x08000203   Thumb Code     0  libinit2.o(.ARM.Collect$$libinit$$00000021)
    __rt_lib_init_cpp_1                      0x08000203   Thumb Code     0  libinit2.o(.ARM.Collect$$libinit$$00000032)
    __rt_lib_init_exceptions_1               0x08000203   Thumb Code     0  libinit2.o(.ARM.Collect$$libinit$$00000030)
    __rt_lib_init_fp_trap_1                  0x08000203   Thumb Code     0  libinit2.o(.ARM.Collect$$libinit$$0000001F)
    __rt_lib_init_getenv_1                   0x08000203   Thumb Code     0  libinit2.o(.ARM.Collect$$libinit$$00000023)
    __rt_lib_init_heap_1                     0x08000203   Thumb Code     0  libinit2.o(.ARM.Collect$$libinit$$0000000A)
    __rt_lib_init_lc_collate_1               0x08000203   Thumb Code     0  libinit2.o(.ARM.Collect$$libinit$$00000011)
    __rt_lib_init_lc_ctype_1                 0x08000203   Thumb Code     0  libinit2.o(.ARM.Collect$$libinit$$00000013)
    __rt_lib_init_lc_monetary_1              0x08000203   Thumb Code     0  libinit2.o(.ARM.Collect$$libinit$$00000015)
    __rt_lib_init_lc_numeric_1               0x08000203   Thumb Code     0  libinit2.o(.ARM.Collect$$libinit$$00000017)
    __rt_lib_init_lc_time_1                  0x08000203   Thumb Code     0  libinit2.o(.ARM.Collect$$libinit$$00000019)
    __rt_lib_init_preinit_1                  0x08000203   Thumb Code     0  libinit2.o(.ARM.Collect$$libinit$$00000004)
    __rt_lib_init_rand_1                     0x08000203   Thumb Code     0  libinit2.o(.ARM.Collect$$libinit$$0000000E)
    __rt_lib_init_return                     0x08000203   Thumb Code     0  libinit2.o(.ARM.Collect$$libinit$$00000033)
    __rt_lib_init_signal_1                   0x08000203   Thumb Code     0  libinit2.o(.ARM.Collect$$libinit$$0000001D)
    __rt_lib_init_stdio_1                    0x08000203   Thumb Code     0  libinit2.o(.ARM.Collect$$libinit$$00000025)
    __rt_lib_init_user_alloc_1               0x08000203   Thumb Code     0  libinit2.o(.ARM.Collect$$libinit$$0000000C)
    __rt_lib_shutdown                        0x08000205   Thumb Code     0  libshutdown.o(.ARM.Collect$$libshutdown$$00000000)
    __rt_lib_shutdown_fp_trap_1              0x08000207   Thumb Code     0  libshutdown2.o(.ARM.Collect$$libshutdown$$00000006)
    __rt_lib_shutdown_heap_1                 0x08000207   Thumb Code     0  libshutdown2.o(.ARM.Collect$$libshutdown$$0000000E)
    __rt_lib_shutdown_return                 0x08000207   Thumb Code     0  libshutdown2.o(.ARM.Collect$$libshutdown$$0000000F)
    __rt_lib_shutdown_signal_1               0x08000207   Thumb Code     0  libshutdown2.o(.ARM.Collect$$libshutdown$$00000009)
    __rt_lib_shutdown_stdio_1                0x08000207   Thumb Code     0  libshutdown2.o(.ARM.Collect$$libshutdown$$00000003)
    __rt_lib_shutdown_user_alloc_1           0x08000207   Thumb Code     0  libshutdown2.o(.ARM.Collect$$libshutdown$$0000000B)
    __rt_entry                               0x08000209   Thumb Code     0  __rtentry.o(.ARM.Collect$$rtentry$$00000000)
    __rt_entry_presh_1                       0x08000209   Thumb Code     0  __rtentry2.o(.ARM.Collect$$rtentry$$00000002)
    __rt_entry_sh                            0x08000209   Thumb Code     0  __rtentry4.o(.ARM.Collect$$rtentry$$00000004)
    __rt_entry_li                            0x0800020f   Thumb Code     0  __rtentry2.o(.ARM.Collect$$rtentry$$0000000A)
    __rt_entry_postsh_1                      0x0800020f   Thumb Code     0  __rtentry2.o(.ARM.Collect$$rtentry$$00000009)
    __rt_entry_main                          0x08000213   Thumb Code     0  __rtentry2.o(.ARM.Collect$$rtentry$$0000000D)
    __rt_entry_postli_1                      0x08000213   Thumb Code     0  __rtentry2.o(.ARM.Collect$$rtentry$$0000000C)
    __rt_exit                                0x0800021b   Thumb Code     0  rtexit.o(.ARM.Collect$$rtexit$$00000000)
    __rt_exit_ls                             0x0800021d   Thumb Code     0  rtexit2.o(.ARM.Collect$$rtexit$$00000003)
    __rt_exit_prels_1                        0x0800021d   Thumb Code     0  rtexit2.o(.ARM.Collect$$rtexit$$00000002)
    __rt_exit_exit                           0x08000221   Thumb Code     0  rtexit2.o(.ARM.Collect$$rtexit$$00000004)
    Reset_Handler                            0x08000229   Thumb Code     8  startup_stm32f407xx.o(.text)
    ADC_IRQHandler                           0x08000243   Thumb Code     0  startup_stm32f407xx.o(.text)
    CAN1_RX1_IRQHandler                      0x08000243   Thumb Code     0  startup_stm32f407xx.o(.text)
    CAN1_SCE_IRQHandler                      0x08000243   Thumb Code     0  startup_stm32f407xx.o(.text)
    CAN1_TX_IRQHandler                       0x08000243   Thumb Code     0  startup_stm32f407xx.o(.text)
    CAN2_RX0_IRQHandler                      0x08000243   Thumb Code     0  startup_stm32f407xx.o(.text)
    CAN2_RX1_IRQHandler                      0x08000243   Thumb Code     0  startup_stm32f407xx.o(.text)
    CAN2_SCE_IRQHandler                      0x08000243   Thumb Code     0  startup_stm32f407xx.o(.text)
    CAN2_TX_IRQHandler                       0x08000243   Thumb Code     0  startup_stm32f407xx.o(.text)
    DCMI_IRQHandler                          0x08000243   Thumb Code     0  startup_stm32f407xx.o(.text)
    DMA1_Stream0_IRQHandler                  0x08000243   Thumb Code     0  startup_stm32f407xx.o(.text)
    DMA1_Stream2_IRQHandler                  0x08000243   Thumb Code     0  startup_stm32f407xx.o(.text)
    DMA1_Stream3_IRQHandler                  0x08000243   Thumb Code     0  startup_stm32f407xx.o(.text)
    DMA1_Stream4_IRQHandler                  0x08000243   Thumb Code     0  startup_stm32f407xx.o(.text)
    DMA1_Stream5_IRQHandler                  0x08000243   Thumb Code     0  startup_stm32f407xx.o(.text)
    DMA1_Stream6_IRQHandler                  0x08000243   Thumb Code     0  startup_stm32f407xx.o(.text)
    DMA1_Stream7_IRQHandler                  0x08000243   Thumb Code     0  startup_stm32f407xx.o(.text)
    DMA2_Stream0_IRQHandler                  0x08000243   Thumb Code     0  startup_stm32f407xx.o(.text)
    DMA2_Stream1_IRQHandler                  0x08000243   Thumb Code     0  startup_stm32f407xx.o(.text)
    DMA2_Stream3_IRQHandler                  0x08000243   Thumb Code     0  startup_stm32f407xx.o(.text)
    DMA2_Stream4_IRQHandler                  0x08000243   Thumb Code     0  startup_stm32f407xx.o(.text)
    DMA2_Stream5_IRQHandler                  0x08000243   Thumb Code     0  startup_stm32f407xx.o(.text)
    DMA2_Stream6_IRQHandler                  0x08000243   Thumb Code     0  startup_stm32f407xx.o(.text)
    DMA2_Stream7_IRQHandler                  0x08000243   Thumb Code     0  startup_stm32f407xx.o(.text)
    ETH_IRQHandler                           0x08000243   Thumb Code     0  startup_stm32f407xx.o(.text)
    ETH_WKUP_IRQHandler                      0x08000243   Thumb Code     0  startup_stm32f407xx.o(.text)
    EXTI0_IRQHandler                         0x08000243   Thumb Code     0  startup_stm32f407xx.o(.text)
    EXTI15_10_IRQHandler                     0x08000243   Thumb Code     0  startup_stm32f407xx.o(.text)
    EXTI1_IRQHandler                         0x08000243   Thumb Code     0  startup_stm32f407xx.o(.text)
    EXTI2_IRQHandler                         0x08000243   Thumb Code     0  startup_stm32f407xx.o(.text)
    EXTI3_IRQHandler                         0x08000243   Thumb Code     0  startup_stm32f407xx.o(.text)
    EXTI4_IRQHandler                         0x08000243   Thumb Code     0  startup_stm32f407xx.o(.text)
    EXTI9_5_IRQHandler                       0x08000243   Thumb Code     0  startup_stm32f407xx.o(.text)
    FLASH_IRQHandler                         0x08000243   Thumb Code     0  startup_stm32f407xx.o(.text)
    FMC_IRQHandler                           0x08000243   Thumb Code     0  startup_stm32f407xx.o(.text)
    FPU_IRQHandler                           0x08000243   Thumb Code     0  startup_stm32f407xx.o(.text)
    HASH_RNG_IRQHandler                      0x08000243   Thumb Code     0  startup_stm32f407xx.o(.text)
    I2C1_ER_IRQHandler                       0x08000243   Thumb Code     0  startup_stm32f407xx.o(.text)
    I2C1_EV_IRQHandler                       0x08000243   Thumb Code     0  startup_stm32f407xx.o(.text)
    I2C2_ER_IRQHandler                       0x08000243   Thumb Code     0  startup_stm32f407xx.o(.text)
    I2C2_EV_IRQHandler                       0x08000243   Thumb Code     0  startup_stm32f407xx.o(.text)
    I2C3_ER_IRQHandler                       0x08000243   Thumb Code     0  startup_stm32f407xx.o(.text)
    I2C3_EV_IRQHandler                       0x08000243   Thumb Code     0  startup_stm32f407xx.o(.text)
    OTG_FS_IRQHandler                        0x08000243   Thumb Code     0  startup_stm32f407xx.o(.text)
    OTG_FS_WKUP_IRQHandler                   0x08000243   Thumb Code     0  startup_stm32f407xx.o(.text)
    OTG_HS_EP1_IN_IRQHandler                 0x08000243   Thumb Code     0  startup_stm32f407xx.o(.text)
    OTG_HS_EP1_OUT_IRQHandler                0x08000243   Thumb Code     0  startup_stm32f407xx.o(.text)
    OTG_HS_IRQHandler                        0x08000243   Thumb Code     0  startup_stm32f407xx.o(.text)
    OTG_HS_WKUP_IRQHandler                   0x08000243   Thumb Code     0  startup_stm32f407xx.o(.text)
    PVD_IRQHandler                           0x08000243   Thumb Code     0  startup_stm32f407xx.o(.text)
    RCC_IRQHandler                           0x08000243   Thumb Code     0  startup_stm32f407xx.o(.text)
    RTC_Alarm_IRQHandler                     0x08000243   Thumb Code     0  startup_stm32f407xx.o(.text)
    RTC_WKUP_IRQHandler                      0x08000243   Thumb Code     0  startup_stm32f407xx.o(.text)
    SDIO_IRQHandler                          0x08000243   Thumb Code     0  startup_stm32f407xx.o(.text)
    SPI1_IRQHandler                          0x08000243   Thumb Code     0  startup_stm32f407xx.o(.text)
    SPI2_IRQHandler                          0x08000243   Thumb Code     0  startup_stm32f407xx.o(.text)
    SPI3_IRQHandler                          0x08000243   Thumb Code     0  startup_stm32f407xx.o(.text)
    TAMP_STAMP_IRQHandler                    0x08000243   Thumb Code     0  startup_stm32f407xx.o(.text)
    TIM1_BRK_TIM9_IRQHandler                 0x08000243   Thumb Code     0  startup_stm32f407xx.o(.text)
    TIM1_CC_IRQHandler                       0x08000243   Thumb Code     0  startup_stm32f407xx.o(.text)
    TIM1_TRG_COM_TIM11_IRQHandler            0x08000243   Thumb Code     0  startup_stm32f407xx.o(.text)
    TIM1_UP_TIM10_IRQHandler                 0x08000243   Thumb Code     0  startup_stm32f407xx.o(.text)
    TIM4_IRQHandler                          0x08000243   Thumb Code     0  startup_stm32f407xx.o(.text)
    TIM5_IRQHandler                          0x08000243   Thumb Code     0  startup_stm32f407xx.o(.text)
    TIM6_DAC_IRQHandler                      0x08000243   Thumb Code     0  startup_stm32f407xx.o(.text)
    TIM7_IRQHandler                          0x08000243   Thumb Code     0  startup_stm32f407xx.o(.text)
    TIM8_BRK_TIM12_IRQHandler                0x08000243   Thumb Code     0  startup_stm32f407xx.o(.text)
    TIM8_CC_IRQHandler                       0x08000243   Thumb Code     0  startup_stm32f407xx.o(.text)
    TIM8_TRG_COM_TIM14_IRQHandler            0x08000243   Thumb Code     0  startup_stm32f407xx.o(.text)
    TIM8_UP_TIM13_IRQHandler                 0x08000243   Thumb Code     0  startup_stm32f407xx.o(.text)
    UART4_IRQHandler                         0x08000243   Thumb Code     0  startup_stm32f407xx.o(.text)
    UART5_IRQHandler                         0x08000243   Thumb Code     0  startup_stm32f407xx.o(.text)
    USART2_IRQHandler                        0x08000243   Thumb Code     0  startup_stm32f407xx.o(.text)
    USART6_IRQHandler                        0x08000243   Thumb Code     0  startup_stm32f407xx.o(.text)
    WWDG_IRQHandler                          0x08000243   Thumb Code     0  startup_stm32f407xx.o(.text)
    __user_initial_stackheap                 0x08000245   Thumb Code     0  startup_stm32f407xx.o(.text)
    __aeabi_uldivmod                         0x08000269   Thumb Code     0  lludivv7m.o(.text)
    _ll_udiv                                 0x08000269   Thumb Code   238  lludivv7m.o(.text)
    __aeabi_memclr4                          0x08000357   Thumb Code     0  rt_memclr_w.o(.text)
    __aeabi_memclr8                          0x08000357   Thumb Code     0  rt_memclr_w.o(.text)
    __rt_memclr_w                            0x08000357   Thumb Code    78  rt_memclr_w.o(.text)
    _memset_w                                0x0800035b   Thumb Code     0  rt_memclr_w.o(.text)
    __use_two_region_memory                  0x080003a5   Thumb Code     2  heapauxi.o(.text)
    __rt_heap_escrow$2region                 0x080003a7   Thumb Code     2  heapauxi.o(.text)
    __rt_heap_expand$2region                 0x080003a9   Thumb Code     2  heapauxi.o(.text)
    __read_errno                             0x080003ab   Thumb Code    10  _rserrno.o(.text)
    __set_errno                              0x080003b5   Thumb Code    12  _rserrno.o(.text)
    __aeabi_errno_addr                       0x080003c1   Thumb Code     8  rt_errno_addr_intlibspace.o(.text)
    __errno$intlibspace                      0x080003c1   Thumb Code     0  rt_errno_addr_intlibspace.o(.text)
    __rt_errno_addr$intlibspace              0x080003c1   Thumb Code     0  rt_errno_addr_intlibspace.o(.text)
    __user_libspace                          0x080003c9   Thumb Code     8  libspace.o(.text)
    __user_perproc_libspace                  0x080003c9   Thumb Code     0  libspace.o(.text)
    __user_perthread_libspace                0x080003c9   Thumb Code     0  libspace.o(.text)
    __user_setup_stackheap                   0x080003d1   Thumb Code    74  sys_stackheap_outer.o(.text)
    exit                                     0x0800041b   Thumb Code    12  exit.o(.text)
    _sys_exit                                0x08000429   Thumb Code     8  sys_exit.o(.text)
    __I$use$semihosting                      0x08000435   Thumb Code     0  use_no_semi.o(.text)
    __use_no_semihosting_swi                 0x08000435   Thumb Code     2  use_no_semi.o(.text)
    BusFault_Handler                         0x08000437   Thumb Code     4  stm32f4xx_it.o(i.BusFault_Handler)
    __semihosting_library_function           0x08000437   Thumb Code     0  indicate_semi.o(.text)
    CAN1_RX0_IRQHandler                      0x0800043d   Thumb Code    10  stm32f4xx_it.o(i.CAN1_RX0_IRQHandler)
    CRC_CHECK                                0x0800044d   Thumb Code    58  oscilloscope.o(i.CRC_CHECK)
    CanFilter_Init                           0x08000489   Thumb Code    56  drv_can.o(i.CanFilter_Init)
    Can_Init                                 0x080004c5   Thumb Code    22  drv_can.o(i.Can_Init)
    Can_SendMoto_Chassis                     0x080004e1   Thumb Code    78  drv_can.o(i.Can_SendMoto_Chassis)
    Can_SendMoto_Gimbals                     0x08000541   Thumb Code   106  drv_can.o(i.Can_SendMoto_Gimbals)
    Controller_handler                       0x080005bd   Thumb Code   734  dr16.o(i.Controller_handler)
    DMA1_Stream1_IRQHandler                  0x080008c1   Thumb Code    10  stm32f4xx_it.o(i.DMA1_Stream1_IRQHandler)
    DMA2_Stream2_IRQHandler                  0x080008d1   Thumb Code    10  stm32f4xx_it.o(i.DMA2_Stream2_IRQHandler)
    DebugMon_Handler                         0x080009eb   Thumb Code     2  stm32f4xx_it.o(i.DebugMon_Handler)
    Error_Handler                            0x080009ed   Thumb Code     6  main.o(i.Error_Handler)
    Gyro_Chasiss                             0x080009f5   Thumb Code   564  chasiss.o(i.Gyro_Chasiss)
    Gyro_handler                             0x08000c5d   Thumb Code   262  jy901s.o(i.Gyro_handler)
    HAL_CAN_ActivateNotification             0x08000d89   Thumb Code    42  stm32f4xx_hal_can.o(i.HAL_CAN_ActivateNotification)
    HAL_CAN_AddTxMessage                     0x08000db3   Thumb Code   342  stm32f4xx_hal_can.o(i.HAL_CAN_AddTxMessage)
    HAL_CAN_ConfigFilter                     0x08000f09   Thumb Code   286  stm32f4xx_hal_can.o(i.HAL_CAN_ConfigFilter)
    HAL_CAN_ErrorCallback                    0x0800102d   Thumb Code     2  stm32f4xx_hal_can.o(i.HAL_CAN_ErrorCallback)
    HAL_CAN_GetRxMessage                     0x0800102f   Thumb Code   378  stm32f4xx_hal_can.o(i.HAL_CAN_GetRxMessage)
    HAL_CAN_IRQHandler                       0x080011a9   Thumb Code   590  stm32f4xx_hal_can.o(i.HAL_CAN_IRQHandler)
    HAL_CAN_Init                             0x080013f7   Thumb Code   372  stm32f4xx_hal_can.o(i.HAL_CAN_Init)
    HAL_CAN_MspInit                          0x0800156d   Thumb Code   138  stm32f4xx_hal_msp.o(i.HAL_CAN_MspInit)
    HAL_CAN_RxFifo0FullCallback              0x08001605   Thumb Code     2  stm32f4xx_hal_can.o(i.HAL_CAN_RxFifo0FullCallback)
    HAL_CAN_RxFifo0MsgPendingCallback        0x08001609   Thumb Code   592  drv_can.o(i.HAL_CAN_RxFifo0MsgPendingCallback)
    HAL_CAN_RxFifo1FullCallback              0x080018a5   Thumb Code     2  stm32f4xx_hal_can.o(i.HAL_CAN_RxFifo1FullCallback)
    HAL_CAN_RxFifo1MsgPendingCallback        0x080018a7   Thumb Code     2  stm32f4xx_hal_can.o(i.HAL_CAN_RxFifo1MsgPendingCallback)
    HAL_CAN_SleepCallback                    0x080018a9   Thumb Code     2  stm32f4xx_hal_can.o(i.HAL_CAN_SleepCallback)
    HAL_CAN_Start                            0x080018ab   Thumb Code    94  stm32f4xx_hal_can.o(i.HAL_CAN_Start)
    HAL_CAN_TxMailbox0AbortCallback          0x08001909   Thumb Code     2  stm32f4xx_hal_can.o(i.HAL_CAN_TxMailbox0AbortCallback)
    HAL_CAN_TxMailbox0CompleteCallback       0x0800190b   Thumb Code     2  stm32f4xx_hal_can.o(i.HAL_CAN_TxMailbox0CompleteCallback)
    HAL_CAN_TxMailbox1AbortCallback          0x0800190d   Thumb Code     2  stm32f4xx_hal_can.o(i.HAL_CAN_TxMailbox1AbortCallback)
    HAL_CAN_TxMailbox1CompleteCallback       0x0800190f   Thumb Code     2  stm32f4xx_hal_can.o(i.HAL_CAN_TxMailbox1CompleteCallback)
    HAL_CAN_TxMailbox2AbortCallback          0x08001911   Thumb Code     2  stm32f4xx_hal_can.o(i.HAL_CAN_TxMailbox2AbortCallback)
    HAL_CAN_TxMailbox2CompleteCallback       0x08001913   Thumb Code     2  stm32f4xx_hal_can.o(i.HAL_CAN_TxMailbox2CompleteCallback)
    HAL_CAN_WakeUpFromRxMsgCallback          0x08001915   Thumb Code     2  stm32f4xx_hal_can.o(i.HAL_CAN_WakeUpFromRxMsgCallback)
    HAL_DMA_Abort                            0x08001917   Thumb Code   172  stm32f4xx_hal_dma.o(i.HAL_DMA_Abort)
    HAL_DMA_Abort_IT                         0x080019c3   Thumb Code    40  stm32f4xx_hal_dma.o(i.HAL_DMA_Abort_IT)
    HAL_DMA_IRQHandler                       0x080019ed   Thumb Code   570  stm32f4xx_hal_dma.o(i.HAL_DMA_IRQHandler)
    HAL_DMA_Init                             0x08001c2d   Thumb Code   232  stm32f4xx_hal_dma.o(i.HAL_DMA_Init)
    HAL_DMA_Start_IT                         0x08001d19   Thumb Code   146  stm32f4xx_hal_dma.o(i.HAL_DMA_Start_IT)
    HAL_Delay                                0x08001dad   Thumb Code    36  stm32f4xx_hal.o(i.HAL_Delay)
    HAL_GPIO_Init                            0x08001dd5   Thumb Code   452  stm32f4xx_hal_gpio.o(i.HAL_GPIO_Init)
    HAL_GetTick                              0x08001fc5   Thumb Code     6  stm32f4xx_hal.o(i.HAL_GetTick)
    HAL_IncTick                              0x08001fd1   Thumb Code    16  stm32f4xx_hal.o(i.HAL_IncTick)
    HAL_Init                                 0x08001fe9   Thumb Code    54  stm32f4xx_hal.o(i.HAL_Init)
    HAL_InitTick                             0x08002025   Thumb Code    64  stm32f4xx_hal.o(i.HAL_InitTick)
    HAL_MspInit                              0x08002071   Thumb Code    68  stm32f4xx_hal_msp.o(i.HAL_MspInit)
    HAL_NVIC_EnableIRQ                       0x080020b9   Thumb Code    32  stm32f4xx_hal_cortex.o(i.HAL_NVIC_EnableIRQ)
    HAL_NVIC_SetPriority                     0x080020d9   Thumb Code   124  stm32f4xx_hal_cortex.o(i.HAL_NVIC_SetPriority)
    HAL_NVIC_SetPriorityGrouping             0x08002155   Thumb Code    32  stm32f4xx_hal_cortex.o(i.HAL_NVIC_SetPriorityGrouping)
    HAL_RCC_ClockConfig                      0x0800217d   Thumb Code   368  stm32f4xx_hal_rcc.o(i.HAL_RCC_ClockConfig)
    HAL_RCC_GetHCLKFreq                      0x08002301   Thumb Code     6  stm32f4xx_hal_rcc.o(i.HAL_RCC_GetHCLKFreq)
    HAL_RCC_GetPCLK1Freq                     0x0800230d   Thumb Code    22  stm32f4xx_hal_rcc.o(i.HAL_RCC_GetPCLK1Freq)
    HAL_RCC_GetPCLK2Freq                     0x0800232d   Thumb Code    22  stm32f4xx_hal_rcc.o(i.HAL_RCC_GetPCLK2Freq)
    HAL_RCC_GetSysClockFreq                  0x0800234d   Thumb Code   162  stm32f4xx_hal_rcc.o(i.HAL_RCC_GetSysClockFreq)
    HAL_RCC_OscConfig                        0x080023fd   Thumb Code  1172  stm32f4xx_hal_rcc.o(i.HAL_RCC_OscConfig)
    HAL_SYSTICK_Config                       0x08002899   Thumb Code    52  stm32f4xx_hal_cortex.o(i.HAL_SYSTICK_Config)
    HAL_TIMEx_BreakCallback                  0x080028cd   Thumb Code     2  stm32f4xx_hal_tim_ex.o(i.HAL_TIMEx_BreakCallback)
    HAL_TIMEx_CommutCallback                 0x080028cf   Thumb Code     2  stm32f4xx_hal_tim_ex.o(i.HAL_TIMEx_CommutCallback)
    HAL_TIMEx_ConfigBreakDeadTime            0x080028d1   Thumb Code   116  stm32f4xx_hal_tim_ex.o(i.HAL_TIMEx_ConfigBreakDeadTime)
    HAL_TIMEx_MasterConfigSynchronization    0x08002945   Thumb Code   150  stm32f4xx_hal_tim_ex.o(i.HAL_TIMEx_MasterConfigSynchronization)
    HAL_TIM_Base_Init                        0x080029f9   Thumb Code   102  stm32f4xx_hal_tim.o(i.HAL_TIM_Base_Init)
    HAL_TIM_Base_MspInit                     0x08002a61   Thumb Code   206  stm32f4xx_hal_msp.o(i.HAL_TIM_Base_MspInit)
    HAL_TIM_Base_Start_IT                    0x08002b41   Thumb Code   138  stm32f4xx_hal_tim.o(i.HAL_TIM_Base_Start_IT)
    HAL_TIM_ConfigClockSource                0x08002be9   Thumb Code   268  stm32f4xx_hal_tim.o(i.HAL_TIM_ConfigClockSource)
    HAL_TIM_IC_CaptureCallback               0x08002cf5   Thumb Code     2  stm32f4xx_hal_tim.o(i.HAL_TIM_IC_CaptureCallback)
    HAL_TIM_IRQHandler                       0x08002cf7   Thumb Code   406  stm32f4xx_hal_tim.o(i.HAL_TIM_IRQHandler)
    HAL_TIM_MspPostInit                      0x08002e8d   Thumb Code   154  stm32f4xx_hal_msp.o(i.HAL_TIM_MspPostInit)
    HAL_TIM_OC_DelayElapsedCallback          0x08002f3d   Thumb Code     2  stm32f4xx_hal_tim.o(i.HAL_TIM_OC_DelayElapsedCallback)
    HAL_TIM_PWM_ConfigChannel                0x08002f3f   Thumb Code   260  stm32f4xx_hal_tim.o(i.HAL_TIM_PWM_ConfigChannel)
    HAL_TIM_PWM_Init                         0x08003043   Thumb Code   102  stm32f4xx_hal_tim.o(i.HAL_TIM_PWM_Init)
    HAL_TIM_PWM_MspInit                      0x080030a9   Thumb Code     2  stm32f4xx_hal_tim.o(i.HAL_TIM_PWM_MspInit)
    HAL_TIM_PWM_PulseFinishedCallback        0x080030ab   Thumb Code     2  stm32f4xx_hal_tim.o(i.HAL_TIM_PWM_PulseFinishedCallback)
    HAL_TIM_PWM_Start                        0x080030ad   Thumb Code   238  stm32f4xx_hal_tim.o(i.HAL_TIM_PWM_Start)
    HAL_TIM_PeriodElapsedCallback            0x080031b9   Thumb Code     2  stm32f4xx_hal_tim.o(i.HAL_TIM_PeriodElapsedCallback)
    HAL_TIM_TriggerCallback                  0x080031bb   Thumb Code     2  stm32f4xx_hal_tim.o(i.HAL_TIM_TriggerCallback)
    HAL_UARTEx_RxEventCallback               0x080031bd   Thumb Code     2  stm32f4xx_hal_uart.o(i.HAL_UARTEx_RxEventCallback)
    HAL_UART_DMAStop                         0x080031bf   Thumb Code   138  stm32f4xx_hal_uart.o(i.HAL_UART_DMAStop)
    HAL_UART_ErrorCallback                   0x08003249   Thumb Code     2  stm32f4xx_hal_uart.o(i.HAL_UART_ErrorCallback)
    HAL_UART_IRQHandler                      0x0800324d   Thumb Code   732  stm32f4xx_hal_uart.o(i.HAL_UART_IRQHandler)
    HAL_UART_Init                            0x0800352d   Thumb Code   114  stm32f4xx_hal_uart.o(i.HAL_UART_Init)
    HAL_UART_MspInit                         0x080035a1   Thumb Code   568  stm32f4xx_hal_msp.o(i.HAL_UART_MspInit)
    HAL_UART_Receive_DMA                     0x08003809   Thumb Code    66  stm32f4xx_hal_uart.o(i.HAL_UART_Receive_DMA)
    HAL_UART_RxCpltCallback                  0x0800384b   Thumb Code     2  stm32f4xx_hal_uart.o(i.HAL_UART_RxCpltCallback)
    HAL_UART_RxHalfCpltCallback              0x0800384d   Thumb Code     2  stm32f4xx_hal_uart.o(i.HAL_UART_RxHalfCpltCallback)
    HAL_UART_Transmit                        0x0800384f   Thumb Code   210  stm32f4xx_hal_uart.o(i.HAL_UART_Transmit)
    HAL_UART_TxCpltCallback                  0x08003921   Thumb Code     2  stm32f4xx_hal_uart.o(i.HAL_UART_TxCpltCallback)
    HardFault_Handler                        0x08003923   Thumb Code     4  stm32f4xx_it.o(i.HardFault_Handler)
    IDLE_Gyro_Handler                        0x08003929   Thumb Code    76  drv_usart.o(i.IDLE_Gyro_Handler)
    IDLE_Handler                             0x08003981   Thumb Code    82  drv_usart.o(i.IDLE_Handler)
    Increment_PID                            0x080039e5   Thumb Code   150  pid.o(i.Increment_PID)
    JY901_Init                               0x08003a7d   Thumb Code    56  drv_usart.o(i.JY901_Init)
    MemManage_Handler                        0x08003f95   Thumb Code     4  stm32f4xx_it.o(i.MemManage_Handler)
    NMI_Handler                              0x08003f99   Thumb Code     4  stm32f4xx_it.o(i.NMI_Handler)
    OutPut_Data                              0x08003f9d   Thumb Code   192  oscilloscope.o(i.OutPut_Data)
    PendSV_Handler                           0x08004065   Thumb Code     2  stm32f4xx_it.o(i.PendSV_Handler)
    Position_Aangle_pid                      0x08004069   Thumb Code   186  pid.o(i.Position_Aangle_pid)
    Position_Gyro_pid                        0x0800412d   Thumb Code   164  pid.o(i.Position_Gyro_pid)
    RC_Init                                  0x080041d5   Thumb Code    56  drv_usart.o(i.RC_Init)
    SVC_Handler                              0x08004215   Thumb Code     2  stm32f4xx_it.o(i.SVC_Handler)
    SysTick_Handler                          0x08004217   Thumb Code     8  stm32f4xx_it.o(i.SysTick_Handler)
    SystemClock_Config                       0x08004221   Thumb Code   170  main.o(i.SystemClock_Config)
    SystemInit                               0x080042d5   Thumb Code    14  system_stm32f4xx.o(i.SystemInit)
    TIM2_IRQHandler                          0x080042e9   Thumb Code    80  stm32f4xx_it.o(i.TIM2_IRQHandler)
    TIM3_IRQHandler                          0x08004341   Thumb Code    14  stm32f4xx_it.o(i.TIM3_IRQHandler)
    TIM_Base_SetConfig                       0x08004355   Thumb Code   170  stm32f4xx_hal_tim.o(i.TIM_Base_SetConfig)
    TIM_CCxChannelCmd                        0x0800442d   Thumb Code    34  stm32f4xx_hal_tim.o(i.TIM_CCxChannelCmd)
    TIM_ETR_SetConfig                        0x0800444f   Thumb Code    22  stm32f4xx_hal_tim.o(i.TIM_ETR_SetConfig)
    TIM_OC2_SetConfig                        0x080044e9   Thumb Code   114  stm32f4xx_hal_tim.o(i.TIM_OC2_SetConfig)
    UART_Start_Receive_DMA                   0x08004b89   Thumb Code   192  stm32f4xx_hal_uart.o(i.UART_Start_Receive_DMA)
    USART1_IRQHandler                        0x08004d49   Thumb Code    14  stm32f4xx_it.o(i.USART1_IRQHandler)
    USART3_IRQHandler                        0x08004d5d   Thumb Code    14  stm32f4xx_it.o(i.USART3_IRQHandler)
    UsageFault_Handler                       0x08004d71   Thumb Code     4  stm32f4xx_it.o(i.UsageFault_Handler)
    __ARM_fpclassify                         0x08004d75   Thumb Code    48  fpclassify.o(i.__ARM_fpclassify)
    __hardfp_cos                             0x08004de1   Thumb Code   180  cos.o(i.__hardfp_cos)
    __hardfp_sin                             0x08004ea9   Thumb Code   180  sin.o(i.__hardfp_sin)
    __ieee754_rem_pio2                       0x08004f71   Thumb Code   938  rred.o(i.__ieee754_rem_pio2)
    __kernel_cos                             0x080053a9   Thumb Code   322  cos_i.o(i.__kernel_cos)
    __kernel_poly                            0x08005519   Thumb Code   248  poly.o(i.__kernel_poly)
    __kernel_sin                             0x08005611   Thumb Code   280  sin_i.o(i.__kernel_sin)
    __mathlib_dbl_infnan                     0x08005741   Thumb Code    20  dunder.o(i.__mathlib_dbl_infnan)
    __mathlib_dbl_invalid                    0x08005759   Thumb Code    24  dunder.o(i.__mathlib_dbl_invalid)
    __mathlib_dbl_underflow                  0x08005779   Thumb Code    24  dunder.o(i.__mathlib_dbl_underflow)
    chasiss_control                          0x08005799   Thumb Code  1172  chasiss.o(i.chasiss_control)
    convert_6623speed                        0x08005c3d   Thumb Code   154  drv_can.o(i.convert_6623speed)
    fabs                                     0x08005cd7   Thumb Code    24  fabs.o(i.fabs)
    gimbals_control                          0x08005cf1   Thumb Code   170  gimbals.o(i.gimbals_control)
    main                                     0x08005dd1   Thumb Code   116  main.o(i.main)
    pitch_loops_pid                          0x08005e51   Thumb Code   108  pid.o(i.pitch_loops_pid)
    shoot_control                            0x08005ed9   Thumb Code   170  shoot.o(i.shoot_control)
    tardy_start                              0x08005fa1   Thumb Code    10  chasiss.o(i.tardy_start)
    tardy_stop                               0x08005fab   Thumb Code    20  chasiss.o(i.tardy_stop)
    yaw_loops_pid                            0x08005fc1   Thumb Code   106  pid.o(i.yaw_loops_pid)
    zero_point_compensate                    0x08006049   Thumb Code    20  pid.o(i.zero_point_compensate)
    __aeabi_dneg                             0x0800605d   Thumb Code     0  basic.o(x$fpl$basic)
    _dneg                                    0x0800605d   Thumb Code     6  basic.o(x$fpl$basic)
    __aeabi_fneg                             0x08006063   Thumb Code     0  basic.o(x$fpl$basic)
    _fneg                                    0x08006063   Thumb Code     6  basic.o(x$fpl$basic)
    _dabs                                    0x08006069   Thumb Code     6  basic.o(x$fpl$basic)
    _fabs                                    0x0800606f   Thumb Code     6  basic.o(x$fpl$basic)
    __aeabi_d2f                              0x08006075   Thumb Code     0  d2f.o(x$fpl$d2f)
    _d2f                                     0x08006075   Thumb Code    98  d2f.o(x$fpl$d2f)
    __aeabi_dadd                             0x080060d9   Thumb Code     0  daddsub_clz.o(x$fpl$dadd)
    _dadd                                    0x080060d9   Thumb Code   332  daddsub_clz.o(x$fpl$dadd)
    __aeabi_ddiv                             0x08006229   Thumb Code     0  ddiv.o(x$fpl$ddiv)
    _ddiv                                    0x08006229   Thumb Code   552  ddiv.o(x$fpl$ddiv)
    __aeabi_d2iz                             0x080064d9   Thumb Code     0  dfix.o(x$fpl$dfix)
    _dfix                                    0x080064d9   Thumb Code    94  dfix.o(x$fpl$dfix)
    __aeabi_i2d                              0x08006537   Thumb Code     0  dflt_clz.o(x$fpl$dflt)
    _dflt                                    0x08006537   Thumb Code    46  dflt_clz.o(x$fpl$dflt)
    __aeabi_ui2d                             0x08006565   Thumb Code     0  dflt_clz.o(x$fpl$dfltu)
    _dfltu                                   0x08006565   Thumb Code    38  dflt_clz.o(x$fpl$dfltu)
    __aeabi_dmul                             0x0800658d   Thumb Code     0  dmul.o(x$fpl$dmul)
    _dmul                                    0x0800658d   Thumb Code   332  dmul.o(x$fpl$dmul)
    __fpl_dnaninf                            0x080066e1   Thumb Code   156  dnaninf.o(x$fpl$dnaninf)
    __fpl_dretinf                            0x0800677d   Thumb Code    12  dretinf.o(x$fpl$dretinf)
    __aeabi_drsub                            0x08006789   Thumb Code     0  daddsub_clz.o(x$fpl$drsb)
    _drsb                                    0x08006789   Thumb Code    22  daddsub_clz.o(x$fpl$drsb)
    __aeabi_dsub                             0x080067a1   Thumb Code     0  daddsub_clz.o(x$fpl$dsub)
    _dsub                                    0x080067a1   Thumb Code   464  daddsub_clz.o(x$fpl$dsub)
    __aeabi_f2d                              0x08006975   Thumb Code     0  f2d.o(x$fpl$f2d)
    _f2d                                     0x08006975   Thumb Code    86  f2d.o(x$fpl$f2d)
    __fpl_fnaninf                            0x080069cb   Thumb Code   140  fnaninf.o(x$fpl$fnaninf)
    _fp_init                                 0x08006a57   Thumb Code    10  fpinit.o(x$fpl$fpinit)
    __fplib_config_fpu_vfp                   0x08006a5f   Thumb Code     0  fpinit.o(x$fpl$fpinit)
    __fplib_config_pureend_doubles           0x08006a5f   Thumb Code     0  fpinit.o(x$fpl$fpinit)
    __fpl_fretinf                            0x08006a61   Thumb Code    10  fretinf.o(x$fpl$fretinf)
    __I$use$fp                               0x08006a6a   Number         0  usenofp.o(x$fpl$usenofp)
    AHBPrescTable                            0x08006a72   Data          16  system_stm32f4xx.o(.constdata)
    APBPrescTable                            0x08006a82   Data           8  system_stm32f4xx.o(.constdata)
    Region$$Table$$Base                      0x08006bb0   Number         0  anon$$obj.o(Region$$Table)
    Region$$Table$$Limit                     0x08006bd0   Number         0  anon$$obj.o(Region$$Table)
    uwTick                                   0x20000000   Data           4  stm32f4xx_hal.o(.data)
    uwTickPrio                               0x20000004   Data           4  stm32f4xx_hal.o(.data)
    uwTickFreq                               0x20000008   Data           1  stm32f4xx_hal.o(.data)
    SystemCoreClock                          0x2000000c   Data           4  system_stm32f4xx.o(.data)
    yaw_angle                                0x20000010   Data           2  drv_can.o(.data)
    pitch_angle                              0x20000012   Data           2  drv_can.o(.data)
    yaw_gyro                                 0x20000014   Data           2  drv_can.o(.data)
    pitch_gyro                               0x20000016   Data           2  drv_can.o(.data)
    filtered_speed6                          0x20000018   Data           2  drv_can.o(.data)
    Raw_pitchData                            0x2000001a   Data           2  drv_can.o(.data)
    speed_a                                  0x2000001c   Data           4  drv_can.o(.data)
    CAN_Tx1Data                              0x20000020   Data           8  drv_can.o(.data)
    CAN_Tx2Data                              0x20000028   Data           8  drv_can.o(.data)
    CAN_RxData                               0x20000030   Data           8  drv_can.o(.data)
    TxMailbox                                0x20000038   Data           4  drv_can.o(.data)
    Moto_1                                   0x2000003c   Data           8  drv_can.o(.data)
    Moto_2                                   0x20000044   Data           8  drv_can.o(.data)
    Moto_3                                   0x2000004c   Data           8  drv_can.o(.data)
    Moto_4                                   0x20000054   Data           8  drv_can.o(.data)
    Moto_5                                   0x2000005c   Data           8  drv_can.o(.data)
    Moto_7                                   0x20000064   Data           8  drv_can.o(.data)
    yaw_moto                                 0x2000006c   Data           6  drv_can.o(.data)
    pitch_moto                               0x20000072   Data           6  drv_can.o(.data)
    RC_Communication                         0x20000078   Data           2  drv_usart.o(.data)
    Mouse                                    0x2000007a   Data           8  dr16.o(.data)
    Mouse_move_gyro_y                        0x20000082   Data           2  dr16.o(.data)
    temperate                                0x20000084   Data           4  jy901s.o(.data)
    yaw_gyro_angle                           0x20000088   Data           2  jy901s.o(.data)
    pitch_gyro_angle                         0x2000008a   Data           2  jy901s.o(.data)
    chassis_value                            0x2000008c   Data           8  chasiss.o(.data)
    chas_speed                               0x20000094   Data           6  chasiss.o(.data)
    chas_x                                   0x2000009a   Data           2  chasiss.o(.data)
    chas_y                                   0x2000009c   Data           2  chasiss.o(.data)
    chas_z                                   0x2000009e   Data           2  chasiss.o(.data)
    mechanic_angle                           0x200000a0   Data           4  chasiss.o(.data)
    angle_error                              0x200000a4   Data           4  chasiss.o(.data)
    y_exp                                    0x200000a8   Data           2  chasiss.o(.data)
    x_exp                                    0x200000aa   Data           2  chasiss.o(.data)
    chas_follow                              0x200000ac   Data           8  chasiss.o(.data)
    chas_angle_error                         0x200000b4   Data           8  chasiss.o(.data)
    chas_gyro_error                          0x200000bc   Data           8  chasiss.o(.data)
    yaw_angle_error                          0x200000c4   Data           8  gimbals.o(.data)
    yaw_gyro_error                           0x200000cc   Data           8  gimbals.o(.data)
    pitch_angle_error                        0x200000d4   Data           8  gimbals.o(.data)
    pitch_gyro_error                         0x200000dc   Data           8  gimbals.o(.data)
    gimbals_scale                            0x200000e4   Data           1  gimbals.o(.data)
    yaw                                      0x200000e6   Data           2  gimbals.o(.data)
    pitch                                    0x200000e8   Data           2  gimbals.o(.data)
    gyro_exp                                 0x200000f0   Data           2  pid.o(.data)
    N_p                                      0x200000f2   Data           2  pid.o(.data)
    N_d                                      0x200000f4   Data           2  pid.o(.data)
    in_p                                     0x200000f8   Data           4  pid.o(.data)
    in_i                                     0x200000fc   Data           4  pid.o(.data)
    in_d                                     0x20000100   Data           4  pid.o(.data)
    out_p                                    0x20000104   Data           4  pid.o(.data)
    out_i                                    0x20000108   Data           4  pid.o(.data)
    out_d                                    0x2000010c   Data           4  pid.o(.data)
    yaw_scale                                0x20000110   Data           1  pid.o(.data)
    pitch_scale                              0x20000111   Data           1  pid.o(.data)
    hcan1                                    0x2000011c   Data          40  main.o(.bss)
    htim2                                    0x20000144   Data          72  main.o(.bss)
    htim3                                    0x2000018c   Data          72  main.o(.bss)
    htim4                                    0x200001d4   Data          72  main.o(.bss)
    htim8                                    0x2000021c   Data          72  main.o(.bss)
    huart1                                   0x20000264   Data          68  main.o(.bss)
    huart3                                   0x200002a8   Data          68  main.o(.bss)
    huart6                                   0x200002ec   Data          68  main.o(.bss)
    hdma_usart1_rx                           0x20000330   Data          96  main.o(.bss)
    hdma_usart3_rx                           0x20000390   Data          96  main.o(.bss)
    Tx1Message                               0x200003f0   Data          24  drv_can.o(.bss)
    Rx1Message                               0x20000408   Data          28  drv_can.o(.bss)
    Moto_6                                   0x20000424   Data          10  drv_can.o(.bss)
    controller_data                          0x2000042e   Data          36  drv_usart.o(.bss)
    Gyro_Data                                0x20000452   Data          22  drv_usart.o(.bss)
    RC                                       0x20000468   Data          12  dr16.o(.bss)
    Mouse_move                               0x20000474   Data          12  dr16.o(.bss)
    Key                                      0x20000480   Data          34  dr16.o(.bss)
    gyro                                     0x200004a4   Data          12  jy901s.o(.bss)
    angle                                    0x200004b0   Data          12  jy901s.o(.bss)
    OutData                                  0x200004bc   Data          16  oscilloscope.o(.bss)
    chas1_error                              0x200004cc   Data          10  chasiss.o(.bss)
    chas2_error                              0x200004d6   Data          10  chasiss.o(.bss)
    chas3_error                              0x200004e0   Data          10  chasiss.o(.bss)
    chas4_error                              0x200004ea   Data          10  chasiss.o(.bss)
    chas7_error                              0x200004f4   Data          10  shoot.o(.bss)
    __libspace_start                         0x20000500   Data          96  libspace.o(.bss)
    __temporary_stack_top$libspace           0x20000560   Data           0  libspace.o(.bss)



==============================================================================

Memory Map of the image

  Image Entry point : 0x08000189

  Load Region LR_IROM1 (Base: 0x08000000, Size: 0x00006cec, Max: 0x00100000, ABSOLUTE)

    Execution Region ER_IROM1 (Base: 0x08000000, Size: 0x00006bd0, Max: 0x00100000, ABSOLUTE)

    Base Addr    Size         Type   Attr      Idx    E Section Name        Object

    0x08000000   0x00000188   Data   RO            3    RESET               startup_stm32f407xx.o
    0x08000188   0x00000008   Code   RO         3695  * !!!main             c_w.l(__main.o)
    0x08000190   0x00000034   Code   RO         3967    !!!scatter          c_w.l(__scatter.o)
    0x080001c4   0x0000001a   Code   RO         3969    !!handler_copy      c_w.l(__scatter_copy.o)
    0x080001de   0x00000002   PAD
    0x080001e0   0x0000001c   Code   RO         3971    !!handler_zi        c_w.l(__scatter_zi.o)
    0x080001fc   0x00000002   Code   RO         3841    .ARM.Collect$$libinit$$00000000  c_w.l(libinit.o)
    0x080001fe   0x00000004   Code   RO         3850    .ARM.Collect$$libinit$$00000001  c_w.l(libinit2.o)
    0x08000202   0x00000000   Code   RO         3853    .ARM.Collect$$libinit$$00000004  c_w.l(libinit2.o)
    0x08000202   0x00000000   Code   RO         3856    .ARM.Collect$$libinit$$0000000A  c_w.l(libinit2.o)
    0x08000202   0x00000000   Code   RO         3858    .ARM.Collect$$libinit$$0000000C  c_w.l(libinit2.o)
    0x08000202   0x00000000   Code   RO         3860    .ARM.Collect$$libinit$$0000000E  c_w.l(libinit2.o)
    0x08000202   0x00000000   Code   RO         3863    .ARM.Collect$$libinit$$00000011  c_w.l(libinit2.o)
    0x08000202   0x00000000   Code   RO         3865    .ARM.Collect$$libinit$$00000013  c_w.l(libinit2.o)
    0x08000202   0x00000000   Code   RO         3867    .ARM.Collect$$libinit$$00000015  c_w.l(libinit2.o)
    0x08000202   0x00000000   Code   RO         3869    .ARM.Collect$$libinit$$00000017  c_w.l(libinit2.o)
    0x08000202   0x00000000   Code   RO         3871    .ARM.Collect$$libinit$$00000019  c_w.l(libinit2.o)
    0x08000202   0x00000000   Code   RO         3873    .ARM.Collect$$libinit$$0000001B  c_w.l(libinit2.o)
    0x08000202   0x00000000   Code   RO         3875    .ARM.Collect$$libinit$$0000001D  c_w.l(libinit2.o)
    0x08000202   0x00000000   Code   RO         3877    .ARM.Collect$$libinit$$0000001F  c_w.l(libinit2.o)
    0x08000202   0x00000000   Code   RO         3879    .ARM.Collect$$libinit$$00000021  c_w.l(libinit2.o)
    0x08000202   0x00000000   Code   RO         3881    .ARM.Collect$$libinit$$00000023  c_w.l(libinit2.o)
    0x08000202   0x00000000   Code   RO         3883    .ARM.Collect$$libinit$$00000025  c_w.l(libinit2.o)
    0x08000202   0x00000000   Code   RO         3887    .ARM.Collect$$libinit$$0000002C  c_w.l(libinit2.o)
    0x08000202   0x00000000   Code   RO         3889    .ARM.Collect$$libinit$$0000002E  c_w.l(libinit2.o)
    0x08000202   0x00000000   Code   RO         3891    .ARM.Collect$$libinit$$00000030  c_w.l(libinit2.o)
    0x08000202   0x00000000   Code   RO         3893    .ARM.Collect$$libinit$$00000032  c_w.l(libinit2.o)
    0x08000202   0x00000002   Code   RO         3894    .ARM.Collect$$libinit$$00000033  c_w.l(libinit2.o)
    0x08000204   0x00000002   Code   RO         3925    .ARM.Collect$$libshutdown$$00000000  c_w.l(libshutdown.o)
    0x08000206   0x00000000   Code   RO         3952    .ARM.Collect$$libshutdown$$00000003  c_w.l(libshutdown2.o)
    0x08000206   0x00000000   Code   RO         3955    .ARM.Collect$$libshutdown$$00000006  c_w.l(libshutdown2.o)
    0x08000206   0x00000000   Code   RO         3958    .ARM.Collect$$libshutdown$$00000009  c_w.l(libshutdown2.o)
    0x08000206   0x00000000   Code   RO         3960    .ARM.Collect$$libshutdown$$0000000B  c_w.l(libshutdown2.o)
    0x08000206   0x00000000   Code   RO         3963    .ARM.Collect$$libshutdown$$0000000E  c_w.l(libshutdown2.o)
    0x08000206   0x00000002   Code   RO         3964    .ARM.Collect$$libshutdown$$0000000F  c_w.l(libshutdown2.o)
    0x08000208   0x00000000   Code   RO         3747    .ARM.Collect$$rtentry$$00000000  c_w.l(__rtentry.o)
    0x08000208   0x00000000   Code   RO         3794    .ARM.Collect$$rtentry$$00000002  c_w.l(__rtentry2.o)
    0x08000208   0x00000006   Code   RO         3806    .ARM.Collect$$rtentry$$00000004  c_w.l(__rtentry4.o)
    0x0800020e   0x00000000   Code   RO         3796    .ARM.Collect$$rtentry$$00000009  c_w.l(__rtentry2.o)
    0x0800020e   0x00000004   Code   RO         3797    .ARM.Collect$$rtentry$$0000000A  c_w.l(__rtentry2.o)
    0x08000212   0x00000000   Code   RO         3799    .ARM.Collect$$rtentry$$0000000C  c_w.l(__rtentry2.o)
    0x08000212   0x00000008   Code   RO         3800    .ARM.Collect$$rtentry$$0000000D  c_w.l(__rtentry2.o)
    0x0800021a   0x00000002   Code   RO         3842    .ARM.Collect$$rtexit$$00000000  c_w.l(rtexit.o)
    0x0800021c   0x00000000   Code   RO         3898    .ARM.Collect$$rtexit$$00000002  c_w.l(rtexit2.o)
    0x0800021c   0x00000004   Code   RO         3899    .ARM.Collect$$rtexit$$00000003  c_w.l(rtexit2.o)
    0x08000220   0x00000006   Code   RO         3900    .ARM.Collect$$rtexit$$00000004  c_w.l(rtexit2.o)
    0x08000226   0x00000002   PAD
    0x08000228   0x00000040   Code   RO            4    .text               startup_stm32f407xx.o
    0x08000268   0x000000ee   Code   RO         3689    .text               c_w.l(lludivv7m.o)
    0x08000356   0x0000004e   Code   RO         3691    .text               c_w.l(rt_memclr_w.o)
    0x080003a4   0x00000006   Code   RO         3693    .text               c_w.l(heapauxi.o)
    0x080003aa   0x00000016   Code   RO         3752    .text               c_w.l(_rserrno.o)
    0x080003c0   0x00000008   Code   RO         3813    .text               c_w.l(rt_errno_addr_intlibspace.o)
    0x080003c8   0x00000008   Code   RO         3825    .text               c_w.l(libspace.o)
    0x080003d0   0x0000004a   Code   RO         3828    .text               c_w.l(sys_stackheap_outer.o)
    0x0800041a   0x0000000c   Code   RO         3830    .text               c_w.l(exit.o)
    0x08000426   0x00000002   PAD
    0x08000428   0x0000000c   Code   RO         3895    .text               c_w.l(sys_exit.o)
    0x08000434   0x00000002   Code   RO         3914    .text               c_w.l(use_no_semi.o)
    0x08000436   0x00000000   Code   RO         3916    .text               c_w.l(indicate_semi.o)
    0x08000436   0x00000004   Code   RO          234    i.BusFault_Handler  stm32f4xx_it.o
    0x0800043a   0x00000002   PAD
    0x0800043c   0x00000010   Code   RO          235    i.CAN1_RX0_IRQHandler  stm32f4xx_it.o
    0x0800044c   0x0000003a   Code   RO         3451    i.CRC_CHECK         oscilloscope.o
    0x08000486   0x00000002   PAD
    0x08000488   0x0000003c   Code   RO         3239    i.CanFilter_Init    drv_can.o
    0x080004c4   0x0000001c   Code   RO         3240    i.Can_Init          drv_can.o
    0x080004e0   0x00000060   Code   RO         3241    i.Can_SendMoto_Chassis  drv_can.o
    0x08000540   0x0000007c   Code   RO         3242    i.Can_SendMoto_Gimbals  drv_can.o
    0x080005bc   0x00000304   Code   RO         3383    i.Controller_handler  dr16.o
    0x080008c0   0x00000010   Code   RO          236    i.DMA1_Stream1_IRQHandler  stm32f4xx_it.o
    0x080008d0   0x00000010   Code   RO          237    i.DMA2_Stream2_IRQHandler  stm32f4xx_it.o
    0x080008e0   0x00000034   Code   RO         1173    i.DMA_CalcBaseAndBitshift  stm32f4xx_hal_dma.o
    0x08000914   0x000000aa   Code   RO         1174    i.DMA_CheckFifoParam  stm32f4xx_hal_dma.o
    0x080009be   0x0000002c   Code   RO         1175    i.DMA_SetConfig     stm32f4xx_hal_dma.o
    0x080009ea   0x00000002   Code   RO          238    i.DebugMon_Handler  stm32f4xx_it.o
    0x080009ec   0x00000006   Code   RO           13    i.Error_Handler     main.o
    0x080009f2   0x00000002   PAD
    0x080009f4   0x00000268   Code   RO         3488    i.Gyro_Chasiss      chasiss.o
    0x08000c5c   0x0000012c   Code   RO         3415    i.Gyro_handler      jy901s.o
    0x08000d88   0x0000002a   Code   RO          436    i.HAL_CAN_ActivateNotification  stm32f4xx_hal_can.o
    0x08000db2   0x00000156   Code   RO          437    i.HAL_CAN_AddTxMessage  stm32f4xx_hal_can.o
    0x08000f08   0x00000124   Code   RO          438    i.HAL_CAN_ConfigFilter  stm32f4xx_hal_can.o
    0x0800102c   0x00000002   Code   RO          441    i.HAL_CAN_ErrorCallback  stm32f4xx_hal_can.o
    0x0800102e   0x0000017a   Code   RO          444    i.HAL_CAN_GetRxMessage  stm32f4xx_hal_can.o
    0x080011a8   0x0000024e   Code   RO          448    i.HAL_CAN_IRQHandler  stm32f4xx_hal_can.o
    0x080013f6   0x00000174   Code   RO          449    i.HAL_CAN_Init      stm32f4xx_hal_can.o
    0x0800156a   0x00000002   PAD
    0x0800156c   0x00000098   Code   RO          369    i.HAL_CAN_MspInit   stm32f4xx_hal_msp.o
    0x08001604   0x00000002   Code   RO          456    i.HAL_CAN_RxFifo0FullCallback  stm32f4xx_hal_can.o
    0x08001606   0x00000002   PAD
    0x08001608   0x0000029c   Code   RO         3243    i.HAL_CAN_RxFifo0MsgPendingCallback  drv_can.o
    0x080018a4   0x00000002   Code   RO          458    i.HAL_CAN_RxFifo1FullCallback  stm32f4xx_hal_can.o
    0x080018a6   0x00000002   Code   RO          459    i.HAL_CAN_RxFifo1MsgPendingCallback  stm32f4xx_hal_can.o
    0x080018a8   0x00000002   Code   RO          460    i.HAL_CAN_SleepCallback  stm32f4xx_hal_can.o
    0x080018aa   0x0000005e   Code   RO          461    i.HAL_CAN_Start     stm32f4xx_hal_can.o
    0x08001908   0x00000002   Code   RO          463    i.HAL_CAN_TxMailbox0AbortCallback  stm32f4xx_hal_can.o
    0x0800190a   0x00000002   Code   RO          464    i.HAL_CAN_TxMailbox0CompleteCallback  stm32f4xx_hal_can.o
    0x0800190c   0x00000002   Code   RO          465    i.HAL_CAN_TxMailbox1AbortCallback  stm32f4xx_hal_can.o
    0x0800190e   0x00000002   Code   RO          466    i.HAL_CAN_TxMailbox1CompleteCallback  stm32f4xx_hal_can.o
    0x08001910   0x00000002   Code   RO          467    i.HAL_CAN_TxMailbox2AbortCallback  stm32f4xx_hal_can.o
    0x08001912   0x00000002   Code   RO          468    i.HAL_CAN_TxMailbox2CompleteCallback  stm32f4xx_hal_can.o
    0x08001914   0x00000002   Code   RO          470    i.HAL_CAN_WakeUpFromRxMsgCallback  stm32f4xx_hal_can.o
    0x08001916   0x000000ac   Code   RO         1176    i.HAL_DMA_Abort     stm32f4xx_hal_dma.o
    0x080019c2   0x00000028   Code   RO         1177    i.HAL_DMA_Abort_IT  stm32f4xx_hal_dma.o
    0x080019ea   0x00000002   PAD
    0x080019ec   0x00000240   Code   RO         1181    i.HAL_DMA_IRQHandler  stm32f4xx_hal_dma.o
    0x08001c2c   0x000000ec   Code   RO         1182    i.HAL_DMA_Init      stm32f4xx_hal_dma.o
    0x08001d18   0x00000092   Code   RO         1186    i.HAL_DMA_Start_IT  stm32f4xx_hal_dma.o
    0x08001daa   0x00000002   PAD
    0x08001dac   0x00000028   Code   RO         1600    i.HAL_Delay         stm32f4xx_hal.o
    0x08001dd4   0x000001f0   Code   RO         1069    i.HAL_GPIO_Init     stm32f4xx_hal_gpio.o
    0x08001fc4   0x0000000c   Code   RO         1606    i.HAL_GetTick       stm32f4xx_hal.o
    0x08001fd0   0x00000018   Code   RO         1612    i.HAL_IncTick       stm32f4xx_hal.o
    0x08001fe8   0x0000003c   Code   RO         1613    i.HAL_Init          stm32f4xx_hal.o
    0x08002024   0x0000004c   Code   RO         1614    i.HAL_InitTick      stm32f4xx_hal.o
    0x08002070   0x00000048   Code   RO          370    i.HAL_MspInit       stm32f4xx_hal_msp.o
    0x080020b8   0x00000020   Code   RO         1458    i.HAL_NVIC_EnableIRQ  stm32f4xx_hal_cortex.o
    0x080020d8   0x0000007c   Code   RO         1464    i.HAL_NVIC_SetPriority  stm32f4xx_hal_cortex.o
    0x08002154   0x00000028   Code   RO         1465    i.HAL_NVIC_SetPriorityGrouping  stm32f4xx_hal_cortex.o
    0x0800217c   0x00000184   Code   RO          670    i.HAL_RCC_ClockConfig  stm32f4xx_hal_rcc.o
    0x08002300   0x0000000c   Code   RO          675    i.HAL_RCC_GetHCLKFreq  stm32f4xx_hal_rcc.o
    0x0800230c   0x00000020   Code   RO          677    i.HAL_RCC_GetPCLK1Freq  stm32f4xx_hal_rcc.o
    0x0800232c   0x00000020   Code   RO          678    i.HAL_RCC_GetPCLK2Freq  stm32f4xx_hal_rcc.o
    0x0800234c   0x000000b0   Code   RO          679    i.HAL_RCC_GetSysClockFreq  stm32f4xx_hal_rcc.o
    0x080023fc   0x0000049c   Code   RO          682    i.HAL_RCC_OscConfig  stm32f4xx_hal_rcc.o
    0x08002898   0x00000034   Code   RO         1469    i.HAL_SYSTICK_Config  stm32f4xx_hal_cortex.o
    0x080028cc   0x00000002   Code   RO         2568    i.HAL_TIMEx_BreakCallback  stm32f4xx_hal_tim_ex.o
    0x080028ce   0x00000002   Code   RO         2569    i.HAL_TIMEx_CommutCallback  stm32f4xx_hal_tim_ex.o
    0x080028d0   0x00000074   Code   RO         2571    i.HAL_TIMEx_ConfigBreakDeadTime  stm32f4xx_hal_tim_ex.o
    0x08002944   0x000000b4   Code   RO         2587    i.HAL_TIMEx_MasterConfigSynchronization  stm32f4xx_hal_tim_ex.o
    0x080029f8   0x00000066   Code   RO         1853    i.HAL_TIM_Base_Init  stm32f4xx_hal_tim.o
    0x08002a5e   0x00000002   PAD
    0x08002a60   0x000000e0   Code   RO          372    i.HAL_TIM_Base_MspInit  stm32f4xx_hal_msp.o
    0x08002b40   0x000000a8   Code   RO         1858    i.HAL_TIM_Base_Start_IT  stm32f4xx_hal_tim.o
    0x08002be8   0x0000010c   Code   RO         1862    i.HAL_TIM_ConfigClockSource  stm32f4xx_hal_tim.o
    0x08002cf4   0x00000002   Code   RO         1887    i.HAL_TIM_IC_CaptureCallback  stm32f4xx_hal_tim.o
    0x08002cf6   0x00000196   Code   RO         1901    i.HAL_TIM_IRQHandler  stm32f4xx_hal_tim.o
    0x08002e8c   0x000000b0   Code   RO          373    i.HAL_TIM_MspPostInit  stm32f4xx_hal_msp.o
    0x08002f3c   0x00000002   Code   RO         1904    i.HAL_TIM_OC_DelayElapsedCallback  stm32f4xx_hal_tim.o
    0x08002f3e   0x00000104   Code   RO         1925    i.HAL_TIM_PWM_ConfigChannel  stm32f4xx_hal_tim.o
    0x08003042   0x00000066   Code   RO         1928    i.HAL_TIM_PWM_Init  stm32f4xx_hal_tim.o
    0x080030a8   0x00000002   Code   RO         1930    i.HAL_TIM_PWM_MspInit  stm32f4xx_hal_tim.o
    0x080030aa   0x00000002   Code   RO         1931    i.HAL_TIM_PWM_PulseFinishedCallback  stm32f4xx_hal_tim.o
    0x080030ac   0x0000010c   Code   RO         1933    i.HAL_TIM_PWM_Start  stm32f4xx_hal_tim.o
    0x080031b8   0x00000002   Code   RO         1939    i.HAL_TIM_PeriodElapsedCallback  stm32f4xx_hal_tim.o
    0x080031ba   0x00000002   Code   RO         1944    i.HAL_TIM_TriggerCallback  stm32f4xx_hal_tim.o
    0x080031bc   0x00000002   Code   RO         2846    i.HAL_UARTEx_RxEventCallback  stm32f4xx_hal_uart.o
    0x080031be   0x0000008a   Code   RO         2858    i.HAL_UART_DMAStop  stm32f4xx_hal_uart.o
    0x08003248   0x00000002   Code   RO         2860    i.HAL_UART_ErrorCallback  stm32f4xx_hal_uart.o
    0x0800324a   0x00000002   PAD
    0x0800324c   0x000002e0   Code   RO         2863    i.HAL_UART_IRQHandler  stm32f4xx_hal_uart.o
    0x0800352c   0x00000072   Code   RO         2864    i.HAL_UART_Init     stm32f4xx_hal_uart.o
    0x0800359e   0x00000002   PAD
    0x080035a0   0x00000268   Code   RO          375    i.HAL_UART_MspInit  stm32f4xx_hal_msp.o
    0x08003808   0x00000042   Code   RO         2868    i.HAL_UART_Receive_DMA  stm32f4xx_hal_uart.o
    0x0800384a   0x00000002   Code   RO         2870    i.HAL_UART_RxCpltCallback  stm32f4xx_hal_uart.o
    0x0800384c   0x00000002   Code   RO         2871    i.HAL_UART_RxHalfCpltCallback  stm32f4xx_hal_uart.o
    0x0800384e   0x000000d2   Code   RO         2872    i.HAL_UART_Transmit  stm32f4xx_hal_uart.o
    0x08003920   0x00000002   Code   RO         2875    i.HAL_UART_TxCpltCallback  stm32f4xx_hal_uart.o
    0x08003922   0x00000004   Code   RO          239    i.HardFault_Handler  stm32f4xx_it.o
    0x08003926   0x00000002   PAD
    0x08003928   0x00000058   Code   RO         3301    i.IDLE_Gyro_Handler  drv_usart.o
    0x08003980   0x00000064   Code   RO         3302    i.IDLE_Handler      drv_usart.o
    0x080039e4   0x00000096   Code   RO         3593    i.Increment_PID     pid.o
    0x08003a7a   0x00000002   PAD
    0x08003a7c   0x00000040   Code   RO         3303    i.JY901_Init        drv_usart.o
    0x08003abc   0x0000004c   Code   RO           14    i.MX_CAN1_Init      main.o
    0x08003b08   0x00000068   Code   RO           15    i.MX_DMA_Init       main.o
    0x08003b70   0x000000dc   Code   RO           16    i.MX_GPIO_Init      main.o
    0x08003c4c   0x00000070   Code   RO           17    i.MX_TIM2_Init      main.o
    0x08003cbc   0x00000074   Code   RO           18    i.MX_TIM3_Init      main.o
    0x08003d30   0x000000a8   Code   RO           19    i.MX_TIM4_Init      main.o
    0x08003dd8   0x00000104   Code   RO           20    i.MX_TIM8_Init      main.o
    0x08003edc   0x0000003c   Code   RO           21    i.MX_USART1_UART_Init  main.o
    0x08003f18   0x00000044   Code   RO           22    i.MX_USART3_UART_Init  main.o
    0x08003f5c   0x00000038   Code   RO           23    i.MX_USART6_UART_Init  main.o
    0x08003f94   0x00000004   Code   RO          240    i.MemManage_Handler  stm32f4xx_it.o
    0x08003f98   0x00000004   Code   RO          241    i.NMI_Handler       stm32f4xx_it.o
    0x08003f9c   0x000000c8   Code   RO         3452    i.OutPut_Data       oscilloscope.o
    0x08004064   0x00000002   Code   RO          242    i.PendSV_Handler    stm32f4xx_it.o
    0x08004066   0x00000002   PAD
    0x08004068   0x000000c4   Code   RO         3594    i.Position_Aangle_pid  pid.o
    0x0800412c   0x000000a8   Code   RO         3595    i.Position_Gyro_pid  pid.o
    0x080041d4   0x00000040   Code   RO         3304    i.RC_Init           drv_usart.o
    0x08004214   0x00000002   Code   RO          243    i.SVC_Handler       stm32f4xx_it.o
    0x08004216   0x00000008   Code   RO          244    i.SysTick_Handler   stm32f4xx_it.o
    0x0800421e   0x00000002   PAD
    0x08004220   0x000000b4   Code   RO           24    i.SystemClock_Config  main.o
    0x080042d4   0x00000014   Code   RO         3203    i.SystemInit        system_stm32f4xx.o
    0x080042e8   0x00000058   Code   RO          245    i.TIM2_IRQHandler   stm32f4xx_it.o
    0x08004340   0x00000014   Code   RO          246    i.TIM3_IRQHandler   stm32f4xx_it.o
    0x08004354   0x000000d8   Code   RO         1946    i.TIM_Base_SetConfig  stm32f4xx_hal_tim.o
    0x0800442c   0x00000022   Code   RO         1947    i.TIM_CCxChannelCmd  stm32f4xx_hal_tim.o
    0x0800444e   0x00000016   Code   RO         1957    i.TIM_ETR_SetConfig  stm32f4xx_hal_tim.o
    0x08004464   0x00000012   Code   RO         1958    i.TIM_ITRx_SetConfig  stm32f4xx_hal_tim.o
    0x08004476   0x00000002   PAD
    0x08004478   0x00000070   Code   RO         1959    i.TIM_OC1_SetConfig  stm32f4xx_hal_tim.o
    0x080044e8   0x0000007c   Code   RO         1960    i.TIM_OC2_SetConfig  stm32f4xx_hal_tim.o
    0x08004564   0x00000078   Code   RO         1961    i.TIM_OC3_SetConfig  stm32f4xx_hal_tim.o
    0x080045dc   0x00000054   Code   RO         1962    i.TIM_OC4_SetConfig  stm32f4xx_hal_tim.o
    0x08004630   0x00000026   Code   RO         1964    i.TIM_TI1_ConfigInputStage  stm32f4xx_hal_tim.o
    0x08004656   0x00000028   Code   RO         1966    i.TIM_TI2_ConfigInputStage  stm32f4xx_hal_tim.o
    0x0800467e   0x00000014   Code   RO         2877    i.UART_DMAAbortOnError  stm32f4xx_hal_uart.o
    0x08004692   0x00000050   Code   RO         2878    i.UART_DMAError     stm32f4xx_hal_uart.o
    0x080046e2   0x000000b0   Code   RO         2879    i.UART_DMAReceiveCplt  stm32f4xx_hal_uart.o
    0x08004792   0x00000020   Code   RO         2881    i.UART_DMARxHalfCplt  stm32f4xx_hal_uart.o
    0x080047b2   0x0000006c   Code   RO         2887    i.UART_EndRxTransfer  stm32f4xx_hal_uart.o
    0x0800481e   0x00000020   Code   RO         2888    i.UART_EndTransmit_IT  stm32f4xx_hal_uart.o
    0x0800483e   0x00000026   Code   RO         2889    i.UART_EndTxTransfer  stm32f4xx_hal_uart.o
    0x08004864   0x000000f8   Code   RO         2890    i.UART_Receive_IT   stm32f4xx_hal_uart.o
    0x0800495c   0x0000022c   Code   RO         2891    i.UART_SetConfig    stm32f4xx_hal_uart.o
    0x08004b88   0x000000cc   Code   RO         2892    i.UART_Start_Receive_DMA  stm32f4xx_hal_uart.o
    0x08004c54   0x00000060   Code   RO         2894    i.UART_Transmit_IT  stm32f4xx_hal_uart.o
    0x08004cb4   0x00000092   Code   RO         2895    i.UART_WaitOnFlagUntilTimeout  stm32f4xx_hal_uart.o
    0x08004d46   0x00000002   PAD
    0x08004d48   0x00000014   Code   RO          247    i.USART1_IRQHandler  stm32f4xx_it.o
    0x08004d5c   0x00000014   Code   RO          248    i.USART3_IRQHandler  stm32f4xx_it.o
    0x08004d70   0x00000004   Code   RO          249    i.UsageFault_Handler  stm32f4xx_it.o
    0x08004d74   0x00000030   Code   RO         3821    i.__ARM_fpclassify  m_wm.l(fpclassify.o)
    0x08004da4   0x00000010   Code   RO         1471    i.__NVIC_GetPriorityGrouping  stm32f4xx_hal_cortex.o
    0x08004db4   0x00000028   Code   RO         1472    i.__NVIC_SetPriority  stm32f4xx_hal_cortex.o
    0x08004ddc   0x00000004   PAD
    0x08004de0   0x000000c8   Code   RO         3723    i.__hardfp_cos      m_wm.l(cos.o)
    0x08004ea8   0x000000c8   Code   RO         3735    i.__hardfp_sin      m_wm.l(sin.o)
    0x08004f70   0x00000438   Code   RO         3782    i.__ieee754_rem_pio2  m_wm.l(rred.o)
    0x080053a8   0x00000170   Code   RO         3765    i.__kernel_cos      m_wm.l(cos_i.o)
    0x08005518   0x000000f8   Code   RO         3823    i.__kernel_poly     m_wm.l(poly.o)
    0x08005610   0x00000130   Code   RO         3787    i.__kernel_sin      m_wm.l(sin_i.o)
    0x08005740   0x00000014   Code   RO         3769    i.__mathlib_dbl_infnan  m_wm.l(dunder.o)
    0x08005754   0x00000004   PAD
    0x08005758   0x00000020   Code   RO         3771    i.__mathlib_dbl_invalid  m_wm.l(dunder.o)
    0x08005778   0x00000020   Code   RO         3774    i.__mathlib_dbl_underflow  m_wm.l(dunder.o)
    0x08005798   0x000004a4   Code   RO         3489    i.chasiss_control   chasiss.o
    0x08005c3c   0x0000009a   Code   RO         3244    i.convert_6623speed  drv_can.o
    0x08005cd6   0x00000018   Code   RO         3817    i.fabs              m_wm.l(fabs.o)
    0x08005cee   0x00000002   PAD
    0x08005cf0   0x000000e0   Code   RO         3553    i.gimbals_control   gimbals.o
    0x08005dd0   0x00000080   Code   RO           25    i.main              main.o
    0x08005e50   0x00000088   Code   RO         3596    i.pitch_loops_pid   pid.o
    0x08005ed8   0x000000c8   Code   RO         3654    i.shoot_control     shoot.o
    0x08005fa0   0x0000000a   Code   RO         3490    i.tardy_start       chasiss.o
    0x08005faa   0x00000014   Code   RO         3491    i.tardy_stop        chasiss.o
    0x08005fbe   0x00000002   PAD
    0x08005fc0   0x00000088   Code   RO         3597    i.yaw_loops_pid     pid.o
    0x08006048   0x00000014   Code   RO         3598    i.zero_point_compensate  pid.o
    0x0800605c   0x00000018   Code   RO         3754    x$fpl$basic         fz_wm.l(basic.o)
    0x08006074   0x00000062   Code   RO         3697    x$fpl$d2f           fz_wm.l(d2f.o)
    0x080060d6   0x00000002   PAD
    0x080060d8   0x00000150   Code   RO         3699    x$fpl$dadd          fz_wm.l(daddsub_clz.o)
    0x08006228   0x000002b0   Code   RO         3706    x$fpl$ddiv          fz_wm.l(ddiv.o)
    0x080064d8   0x0000005e   Code   RO         3709    x$fpl$dfix          fz_wm.l(dfix.o)
    0x08006536   0x0000002e   Code   RO         3714    x$fpl$dflt          fz_wm.l(dflt_clz.o)
    0x08006564   0x00000026   Code   RO         3713    x$fpl$dfltu         fz_wm.l(dflt_clz.o)
    0x0800658a   0x00000002   PAD
    0x0800658c   0x00000154   Code   RO         3719    x$fpl$dmul          fz_wm.l(dmul.o)
    0x080066e0   0x0000009c   Code   RO         3756    x$fpl$dnaninf       fz_wm.l(dnaninf.o)
    0x0800677c   0x0000000c   Code   RO         3758    x$fpl$dretinf       fz_wm.l(dretinf.o)
    0x08006788   0x00000016   Code   RO         3700    x$fpl$drsb          fz_wm.l(daddsub_clz.o)
    0x0800679e   0x00000002   PAD
    0x080067a0   0x000001d4   Code   RO         3701    x$fpl$dsub          fz_wm.l(daddsub_clz.o)
    0x08006974   0x00000056   Code   RO         3721    x$fpl$f2d           fz_wm.l(f2d.o)
    0x080069ca   0x0000008c   Code   RO         3760    x$fpl$fnaninf       fz_wm.l(fnaninf.o)
    0x08006a56   0x0000000a   Code   RO         3910    x$fpl$fpinit        fz_wm.l(fpinit.o)
    0x08006a60   0x0000000a   Code   RO         3762    x$fpl$fretinf       fz_wm.l(fretinf.o)
    0x08006a6a   0x00000000   Code   RO         3764    x$fpl$usenofp       fz_wm.l(usenofp.o)
    0x08006a6a   0x00000008   Data   RO         1188    .constdata          stm32f4xx_hal_dma.o
    0x08006a72   0x00000018   Data   RO         3204    .constdata          system_stm32f4xx.o
    0x08006a8a   0x00000006   PAD
    0x08006a90   0x00000030   Data   RO         3766    .constdata          m_wm.l(cos_i.o)
    0x08006ac0   0x000000c8   Data   RO         3784    .constdata          m_wm.l(rred.o)
    0x08006b88   0x00000028   Data   RO         3788    .constdata          m_wm.l(sin_i.o)
    0x08006bb0   0x00000020   Data   RO         3965    Region$$Table       anon$$obj.o


    Execution Region RW_IRAM2 (Base: 0x10000000, Size: 0x00000000, Max: 0x00010000, ABSOLUTE)

    **** No section assigned to this execution region ****


    Execution Region RW_IRAM1 (Base: 0x20000000, Size: 0x00000b60, Max: 0x00020000, ABSOLUTE)

    Base Addr    Size         Type   Attr      Idx    E Section Name        Object

    0x20000000   0x00000009   Data   RW         1620    .data               stm32f4xx_hal.o
    0x20000009   0x00000003   PAD
    0x2000000c   0x00000004   Data   RW         3205    .data               system_stm32f4xx.o
    0x20000010   0x00000068   Data   RW         3246    .data               drv_can.o
    0x20000078   0x00000002   Data   RW         3306    .data               drv_usart.o
    0x2000007a   0x0000000a   Data   RW         3385    .data               dr16.o
    0x20000084   0x00000008   Data   RW         3417    .data               jy901s.o
    0x2000008c   0x00000038   Data   RW         3493    .data               chasiss.o
    0x200000c4   0x0000002a   Data   RW         3554    .data               gimbals.o
    0x200000ee   0x00000002   PAD
    0x200000f0   0x0000002a   Data   RW         3599    .data               pid.o
    0x2000011a   0x00000002   PAD
    0x2000011c   0x000002d4   Zero   RW           26    .bss                main.o
    0x200003f0   0x0000003e   Zero   RW         3245    .bss                drv_can.o
    0x2000042e   0x0000003a   Zero   RW         3305    .bss                drv_usart.o
    0x20000468   0x0000003a   Zero   RW         3384    .bss                dr16.o
    0x200004a2   0x00000002   PAD
    0x200004a4   0x00000018   Zero   RW         3416    .bss                jy901s.o
    0x200004bc   0x00000010   Zero   RW         3453    .bss                oscilloscope.o
    0x200004cc   0x00000028   Zero   RW         3492    .bss                chasiss.o
    0x200004f4   0x0000000a   Zero   RW         3655    .bss                shoot.o
    0x200004fe   0x00000002   PAD
    0x20000500   0x00000060   Zero   RW         3826    .bss                c_w.l(libspace.o)
    0x20000560   0x00000200   Zero   RW            2    HEAP                startup_stm32f407xx.o
    0x20000760   0x00000400   Zero   RW            1    STACK               startup_stm32f407xx.o


==============================================================================

Image component sizes


      Code (inc. data)   RO Data    RW Data    ZI Data      Debug   Object Name

      1834        148          0         56         40       4895   chasiss.o
       772         38          0         10         58       1939   dr16.o
      1130        130          0        104         62       5964   drv_can.o
       316         46          0          2         58       3055   drv_usart.o
       224         54          0         42          0       1871   gimbals.o
       300         38          0          8         24       1278   jy901s.o
      1554        104          0          0        724     708458   main.o
       258          8          0          0         16       2076   oscilloscope.o
       806         72          0         42          0       6452   pid.o
       200         30          0          0         10       1795   shoot.o
        64         26        392          0       1536        840   startup_stm32f407xx.o
       212         36          0          9          0       9341   stm32f4xx_hal.o
      2134          6          0          0          0      14139   stm32f4xx_hal_can.o
       304         22          0          0          0      34387   stm32f4xx_hal_cortex.o
      1436         16          8          0          0       6878   stm32f4xx_hal_dma.o
       496         44          0          0          0       1424   stm32f4xx_hal_gpio.o
      1240        106          0          0          0       4264   stm32f4xx_hal_msp.o
      1820         84          0          0          0       5564   stm32f4xx_hal_rcc.o
      2394        142          0          0          0      16728   stm32f4xx_hal_tim.o
       300         30          0          0          0       3265   stm32f4xx_hal_tim_ex.o
      3010         26          0          0          0      17149   stm32f4xx_hal_uart.o
       230         44          0          0          0       7532   stm32f4xx_it.o
        20          6         24          4          0       1095   system_stm32f4xx.o

    ----------------------------------------------------------------------
     21092       1260        462        284       2532     860389   Object Totals
         0          0         32          0          0          0   (incl. Generated)
        38          4          6          7          4          0   (incl. Padding)

    ----------------------------------------------------------------------

      Code (inc. data)   RO Data    RW Data    ZI Data      Debug   Library Member Name

         8          0          0          0          0         68   __main.o
         0          0          0          0          0          0   __rtentry.o
        12          0          0          0          0          0   __rtentry2.o
         6          0          0          0          0          0   __rtentry4.o
        52          8          0          0          0          0   __scatter.o
        26          0          0          0          0          0   __scatter_copy.o
        28          0          0          0          0          0   __scatter_zi.o
        22          0          0          0          0        100   _rserrno.o
        12          0          0          0          0         72   exit.o
         6          0          0          0          0        152   heapauxi.o
         0          0          0          0          0          0   indicate_semi.o
         2          0          0          0          0          0   libinit.o
         6          0          0          0          0          0   libinit2.o
         2          0          0          0          0          0   libshutdown.o
         2          0          0          0          0          0   libshutdown2.o
         8          4          0          0         96         68   libspace.o
       238          0          0          0          0        100   lludivv7m.o
         8          4          0          0          0         68   rt_errno_addr_intlibspace.o
        78          0          0          0          0         80   rt_memclr_w.o
         2          0          0          0          0          0   rtexit.o
        10          0          0          0          0          0   rtexit2.o
        12          4          0          0          0         68   sys_exit.o
        74          0          0          0          0         80   sys_stackheap_outer.o
         2          0          0          0          0         68   use_no_semi.o
        24          0          0          0          0        164   basic.o
        98          4          0          0          0        140   d2f.o
       826         16          0          0          0        492   daddsub_clz.o
       688        140          0          0          0        256   ddiv.o
        94          4          0          0          0        140   dfix.o
        84          0          0          0          0        232   dflt_clz.o
       340         12          0          0          0        152   dmul.o
       156          4          0          0          0        140   dnaninf.o
        12          0          0          0          0        116   dretinf.o
        86          4          0          0          0        132   f2d.o
       140          4          0          0          0        132   fnaninf.o
        10          0          0          0          0        116   fpinit.o
        10          0          0          0          0        116   fretinf.o
         0          0          0          0          0          0   usenofp.o
       200         20          0          0          0        164   cos.o
       368         46         48          0          0        200   cos_i.o
        84         16          0          0          0        372   dunder.o
        24          0          0          0          0        124   fabs.o
        48          0          0          0          0        124   fpclassify.o
       248          0          0          0          0        152   poly.o
      1080        142        200          0          0        188   rred.o
       200         20          0          0          0        164   sin.o
       304         24         40          0          0        208   sin_i.o

    ----------------------------------------------------------------------
      5758        476        288          0         96       4948   Library Totals
        18          0          0          0          0          0   (incl. Padding)

    ----------------------------------------------------------------------

      Code (inc. data)   RO Data    RW Data    ZI Data      Debug   Library Name

       616         20          0          0         96        924   c_w.l
      2568        188          0          0          0       2328   fz_wm.l
      2556        268        288          0          0       1696   m_wm.l

    ----------------------------------------------------------------------
      5758        476        288          0         96       4948   Library Totals

    ----------------------------------------------------------------------

==============================================================================


      Code (inc. data)   RO Data    RW Data    ZI Data      Debug   

     26850       1736        750        284       2628     847773   Grand Totals
     26850       1736        750        284       2628     847773   ELF Image Totals
     26850       1736        750        284          0          0   ROM Totals

==============================================================================

    Total RO  Size (Code + RO Data)                27600 (  26.95kB)
    Total RW  Size (RW Data + ZI Data)              2912 (   2.84kB)
    Total ROM Size (Code + RO Data + RW Data)      27884 (  27.23kB)

==============================================================================

