<html>
<body>
<pre>
<h1>µVision Build Log</h1>
<h2>Tool Versions:</h2>
IDE-Version: ¦ÌVision V5.14.0.0
Copyright (C) 2015 ARM Ltd and ARM Germany GmbH. All rights reserved.
License Information: none none, none, LIC=HF82M-XSHLF-VJH6J-USIN1-0HQEV-6D813
 
Tool Versions:
Toolchain:       MDK-ARM Professional  Version: 5.14.0.0
Toolchain Path:  C:\Tools software\keil5 MDK\ARM\ARMCC\Bin
C Compiler:      Armcc.exe V5.05 update 1 (build 106)
Assembler:       Armasm.exe V5.05 update 1 (build 106)
Linker/Locator:  ArmLink.exe V5.05 update 1 (build 106)
Library Manager: ArmAr.exe V5.05 update 1 (build 106)
Hex Converter:   FromElf.exe V5.05 update 1 (build 106)
CPU DLL:         SARMCM3.DLL V5.14.0.0
Dialog DLL:      DCM.DLL V1.13.1.0
Target DLL:      STLink\ST-LINKIII-KEIL_SWO.dll V2.0.14.0_KEIL
Dialog DLL:      TCM.DLL V1.14.4.0
 
<h2>Project:</h2>
F:\STM32\STM32Cube\rm2022\Engineer_RTOS\MDK-ARM\Engineer_RTOS.uvprojx
Project File Date:  08/25/2022

<h2>Output:</h2>
Build target 'Engineer_RTOS'
compiling main.c...
compiling gimbals.c...
..\User\Controller\gimbals.c(124): warning:  #550-D: variable "arm3_exp" was set but never used
        int16_t arm1_exp,arm2_exp[2],arm3_exp,arm4_exp;
..\User\Controller\gimbals.c: 1 warning, 0 errors
linking...
Program Size: Code=44836 RO-data=2984 RW-data=428 ZI-data=20564  
FromELF: creating hex file...
"Engineer_RTOS\Engineer_RTOS.axf" - 0 Error(s), 1 Warning(s).

<h2>Software Packages used:</h2>

Package Vendor: ARM
                http://www.keil.com/pack/ARM.CMSIS.4.2.0.pack
                ARM::CMSIS:CORE:3.40.0
                CMSIS (Cortex Microcontroller Software Interface Standard)
   * Component: CORE Version: 3.40.0

<h2>Collection of Component include folders:</h2>
  F:\STM32\STM32Cube\rm2022\Engineer_RTOS\MDK-ARM\RTE
  C:\Tools software\keil5 MDK\ARM\PACK\ARM\CMSIS\4.2.0\CMSIS\Include
  C:\Tools software\keil5 MDK\ARM\PACK\Keil\STM32F4xx_DFP\2.5.0

<h2>Collection of Component Files used:</h2>

   * Component: ARM::CMSIS:CORE:3.40.0
      Source file:   CMSIS\UserCodeTemplates\ARM\ITM_Retarget.c
</pre>
</body>
</html>
