Component: ARM Compiler 5.05 update 1 (build 106) Tool: armlink [4d0efa]

==============================================================================

Section Cross References

    startup_stm32f407xx.o(STACK) refers (Special) to heapauxi.o(.text) for __use_two_region_memory
    startup_stm32f407xx.o(HEAP) refers (Special) to heapauxi.o(.text) for __use_two_region_memory
    startup_stm32f407xx.o(RESET) refers (Special) to heapauxi.o(.text) for __use_two_region_memory
    startup_stm32f407xx.o(RESET) refers to startup_stm32f407xx.o(STACK) for __initial_sp
    startup_stm32f407xx.o(RESET) refers to startup_stm32f407xx.o(.text) for Reset_Handler
    startup_stm32f407xx.o(RESET) refers to stm32f4xx_it.o(i.NMI_Handler) for NMI_Handler
    startup_stm32f407xx.o(RESET) refers to stm32f4xx_it.o(i.HardFault_Handler) for HardFault_Handler
    startup_stm32f407xx.o(RESET) refers to stm32f4xx_it.o(i.MemManage_Handler) for MemManage_Handler
    startup_stm32f407xx.o(RESET) refers to stm32f4xx_it.o(i.BusFault_Handler) for BusFault_Handler
    startup_stm32f407xx.o(RESET) refers to stm32f4xx_it.o(i.UsageFault_Handler) for UsageFault_Handler
    startup_stm32f407xx.o(RESET) refers to stm32f4xx_it.o(i.SVC_Handler) for SVC_Handler
    startup_stm32f407xx.o(RESET) refers to stm32f4xx_it.o(i.DebugMon_Handler) for DebugMon_Handler
    startup_stm32f407xx.o(RESET) refers to stm32f4xx_it.o(i.PendSV_Handler) for PendSV_Handler
    startup_stm32f407xx.o(RESET) refers to stm32f4xx_it.o(i.SysTick_Handler) for SysTick_Handler
    startup_stm32f407xx.o(RESET) refers to stm32f4xx_it.o(i.DMA1_Stream1_IRQHandler) for DMA1_Stream1_IRQHandler
    startup_stm32f407xx.o(RESET) refers to stm32f4xx_it.o(i.CAN1_RX0_IRQHandler) for CAN1_RX0_IRQHandler
    startup_stm32f407xx.o(RESET) refers to stm32f4xx_it.o(i.TIM2_IRQHandler) for TIM2_IRQHandler
    startup_stm32f407xx.o(RESET) refers to stm32f4xx_it.o(i.TIM3_IRQHandler) for TIM3_IRQHandler
    startup_stm32f407xx.o(RESET) refers to stm32f4xx_it.o(i.USART1_IRQHandler) for USART1_IRQHandler
    startup_stm32f407xx.o(RESET) refers to stm32f4xx_it.o(i.USART3_IRQHandler) for USART3_IRQHandler
    startup_stm32f407xx.o(RESET) refers to stm32f4xx_it.o(i.DMA2_Stream2_IRQHandler) for DMA2_Stream2_IRQHandler
    startup_stm32f407xx.o(RESET) refers to stm32f4xx_it.o(i.CAN2_RX0_IRQHandler) for CAN2_RX0_IRQHandler
    startup_stm32f407xx.o(.text) refers (Special) to heapauxi.o(.text) for __use_two_region_memory
    startup_stm32f407xx.o(.text) refers to system_stm32f4xx.o(i.SystemInit) for SystemInit
    startup_stm32f407xx.o(.text) refers to __main.o(!!!main) for __main
    startup_stm32f407xx.o(.text) refers to startup_stm32f407xx.o(HEAP) for Heap_Mem
    startup_stm32f407xx.o(.text) refers to startup_stm32f407xx.o(STACK) for Stack_Mem
    main.o(i.MX_CAN1_Init) refers to stm32f4xx_hal_can.o(i.HAL_CAN_Init) for HAL_CAN_Init
    main.o(i.MX_CAN1_Init) refers to main.o(i.Error_Handler) for Error_Handler
    main.o(i.MX_CAN1_Init) refers to main.o(.bss) for hcan1
    main.o(i.MX_CAN2_Init) refers to stm32f4xx_hal_can.o(i.HAL_CAN_Init) for HAL_CAN_Init
    main.o(i.MX_CAN2_Init) refers to main.o(i.Error_Handler) for Error_Handler
    main.o(i.MX_CAN2_Init) refers to drv_can.o(i.Can_Init) for Can_Init
    main.o(i.MX_CAN2_Init) refers to main.o(.bss) for hcan2
    main.o(i.MX_DMA_Init) refers to stm32f4xx_hal_cortex.o(i.HAL_NVIC_SetPriority) for HAL_NVIC_SetPriority
    main.o(i.MX_DMA_Init) refers to stm32f4xx_hal_cortex.o(i.HAL_NVIC_EnableIRQ) for HAL_NVIC_EnableIRQ
    main.o(i.MX_GPIO_Init) refers to rt_memclr_w.o(.text) for __aeabi_memclr4
    main.o(i.MX_GPIO_Init) refers to stm32f4xx_hal_gpio.o(i.HAL_GPIO_WritePin) for HAL_GPIO_WritePin
    main.o(i.MX_GPIO_Init) refers to stm32f4xx_hal_gpio.o(i.HAL_GPIO_Init) for HAL_GPIO_Init
    main.o(i.MX_TIM2_Init) refers to stm32f4xx_hal_tim.o(i.HAL_TIM_Base_Init) for HAL_TIM_Base_Init
    main.o(i.MX_TIM2_Init) refers to main.o(i.Error_Handler) for Error_Handler
    main.o(i.MX_TIM2_Init) refers to stm32f4xx_hal_tim.o(i.HAL_TIM_ConfigClockSource) for HAL_TIM_ConfigClockSource
    main.o(i.MX_TIM2_Init) refers to stm32f4xx_hal_tim_ex.o(i.HAL_TIMEx_MasterConfigSynchronization) for HAL_TIMEx_MasterConfigSynchronization
    main.o(i.MX_TIM2_Init) refers to stm32f4xx_hal_tim.o(i.HAL_TIM_Base_Start_IT) for HAL_TIM_Base_Start_IT
    main.o(i.MX_TIM2_Init) refers to main.o(.bss) for htim2
    main.o(i.MX_TIM3_Init) refers to stm32f4xx_hal_tim.o(i.HAL_TIM_Base_Init) for HAL_TIM_Base_Init
    main.o(i.MX_TIM3_Init) refers to main.o(i.Error_Handler) for Error_Handler
    main.o(i.MX_TIM3_Init) refers to stm32f4xx_hal_tim.o(i.HAL_TIM_ConfigClockSource) for HAL_TIM_ConfigClockSource
    main.o(i.MX_TIM3_Init) refers to stm32f4xx_hal_tim_ex.o(i.HAL_TIMEx_MasterConfigSynchronization) for HAL_TIMEx_MasterConfigSynchronization
    main.o(i.MX_TIM3_Init) refers to stm32f4xx_hal_tim.o(i.HAL_TIM_Base_Start_IT) for HAL_TIM_Base_Start_IT
[...]
    i.HAL_RCC_ClockConfig                    0x08002220   Section        0  stm32f4xx_hal_rcc.o(i.HAL_RCC_ClockConfig)
    i.HAL_RCC_GetHCLKFreq                    0x080023a4   Section        0  stm32f4xx_hal_rcc.o(i.HAL_RCC_GetHCLKFreq)
    i.HAL_RCC_GetPCLK1Freq                   0x080023b0   Section        0  stm32f4xx_hal_rcc.o(i.HAL_RCC_GetPCLK1Freq)
    i.HAL_RCC_GetPCLK2Freq                   0x080023d0   Section        0  stm32f4xx_hal_rcc.o(i.HAL_RCC_GetPCLK2Freq)
    i.HAL_RCC_GetSysClockFreq                0x080023f0   Section        0  stm32f4xx_hal_rcc.o(i.HAL_RCC_GetSysClockFreq)
    i.HAL_RCC_OscConfig                      0x080024a0   Section        0  stm32f4xx_hal_rcc.o(i.HAL_RCC_OscConfig)
    i.HAL_SYSTICK_Config                     0x0800293c   Section        0  stm32f4xx_hal_cortex.o(i.HAL_SYSTICK_Config)
    i.HAL_TIMEx_BreakCallback                0x08002970   Section        0  stm32f4xx_hal_tim_ex.o(i.HAL_TIMEx_BreakCallback)
    i.HAL_TIMEx_CommutCallback               0x08002972   Section        0  stm32f4xx_hal_tim_ex.o(i.HAL_TIMEx_CommutCallback)
    i.HAL_TIMEx_MasterConfigSynchronization  0x08002974   Section        0  stm32f4xx_hal_tim_ex.o(i.HAL_TIMEx_MasterConfigSynchronization)
    i.HAL_TIM_Base_Init                      0x08002a28   Section        0  stm32f4xx_hal_tim.o(i.HAL_TIM_Base_Init)
    i.HAL_TIM_Base_MspInit                   0x08002a90   Section        0  stm32f4xx_hal_msp.o(i.HAL_TIM_Base_MspInit)
    i.HAL_TIM_Base_Start_IT                  0x08002b40   Section        0  stm32f4xx_hal_tim.o(i.HAL_TIM_Base_Start_IT)
    i.HAL_TIM_ConfigClockSource              0x08002be8   Section        0  stm32f4xx_hal_tim.o(i.HAL_TIM_ConfigClockSource)
    i.HAL_TIM_IC_CaptureCallback             0x08002cf4   Section        0  stm32f4xx_hal_tim.o(i.HAL_TIM_IC_CaptureCallback)
    i.HAL_TIM_IRQHandler                     0x08002cf6   Section        0  stm32f4xx_hal_tim.o(i.HAL_TIM_IRQHandler)
    i.HAL_TIM_MspPostInit                    0x08002e8c   Section        0  stm32f4xx_hal_msp.o(i.HAL_TIM_MspPostInit)
    i.HAL_TIM_OC_DelayElapsedCallback        0x08002ef0   Section        0  stm32f4xx_hal_tim.o(i.HAL_TIM_OC_DelayElapsedCallback)
    i.HAL_TIM_PWM_ConfigChannel              0x08002ef2   Section        0  stm32f4xx_hal_tim.o(i.HAL_TIM_PWM_ConfigChannel)
    i.HAL_TIM_PWM_Init                       0x08002ff6   Section        0  stm32f4xx_hal_tim.o(i.HAL_TIM_PWM_Init)
    i.HAL_TIM_PWM_MspInit                    0x0800305c   Section        0  stm32f4xx_hal_tim.o(i.HAL_TIM_PWM_MspInit)
    i.HAL_TIM_PWM_PulseFinishedCallback      0x0800305e   Section        0  stm32f4xx_hal_tim.o(i.HAL_TIM_PWM_PulseFinishedCallback)
    i.HAL_TIM_PWM_Start                      0x08003060   Section        0  stm32f4xx_hal_tim.o(i.HAL_TIM_PWM_Start)
    i.HAL_TIM_PeriodElapsedCallback          0x0800316c   Section        0  stm32f4xx_hal_tim.o(i.HAL_TIM_PeriodElapsedCallback)
    i.HAL_TIM_TriggerCallback                0x0800316e   Section        0  stm32f4xx_hal_tim.o(i.HAL_TIM_TriggerCallback)
    i.HAL_UARTEx_RxEventCallback             0x08003170   Section        0  stm32f4xx_hal_uart.o(i.HAL_UARTEx_RxEventCallback)
    i.HAL_UART_DMAStop                       0x08003172   Section        0  stm32f4xx_hal_uart.o(i.HAL_UART_DMAStop)
    i.HAL_UART_ErrorCallback                 0x080031fc   Section        0  stm32f4xx_hal_uart.o(i.HAL_UART_ErrorCallback)
    i.HAL_UART_IRQHandler                    0x08003200   Section        0  stm32f4xx_hal_uart.o(i.HAL_UART_IRQHandler)
    i.HAL_UART_Init                          0x080034e0   Section        0  stm32f4xx_hal_uart.o(i.HAL_UART_Init)
    i.HAL_UART_MspInit                       0x08003554   Section        0  stm32f4xx_hal_msp.o(i.HAL_UART_MspInit)
    i.HAL_UART_Receive_DMA                   0x080037b8   Section        0  stm32f4xx_hal_uart.o(i.HAL_UART_Receive_DMA)
    i.HAL_UART_RxCpltCallback                0x080037fa   Section        0  stm32f4xx_hal_uart.o(i.HAL_UART_RxCpltCallback)
    i.HAL_UART_RxHalfCpltCallback            0x080037fc   Section        0  stm32f4xx_hal_uart.o(i.HAL_UART_RxHalfCpltCallback)
    i.HAL_UART_Transmit                      0x080037fe   Section        0  stm32f4xx_hal_uart.o(i.HAL_UART_Transmit)
    i.HAL_UART_TxCpltCallback                0x080038d0   Section        0  stm32f4xx_hal_uart.o(i.HAL_UART_TxCpltCallback)
    i.HardFault_Handler                      0x080038d2   Section        0  stm32f4xx_it.o(i.HardFault_Handler)
    i.IDLE_Gyro_Handler                      0x080038d8   Section        0  drv_usart.o(i.IDLE_Gyro_Handler)
    i.IDLE_Handler                           0x08003930   Section        0  drv_usart.o(i.IDLE_Handler)
    i.Increment_PID                          0x08003994   Section        0  pid.o(i.Increment_PID)
    i.JY901_Init                             0x08003a2c   Section        0  drv_usart.o(i.JY901_Init)
    i.MX_CAN1_Init                           0x08003a6c   Section        0  main.o(i.MX_CAN1_Init)
    MX_CAN1_Init                             0x08003a6d   Thumb Code    66  main.o(i.MX_CAN1_Init)
    i.MX_CAN2_Init                           0x08003ab8   Section        0  main.o(i.MX_CAN2_Init)
    MX_CAN2_Init                             0x08003ab9   Thumb Code    70  main.o(i.MX_CAN2_Init)
    i.MX_DMA_Init                            0x08003b08   Section        0  main.o(i.MX_DMA_Init)
    MX_DMA_Init                              0x08003b09   Thumb Code    98  main.o(i.MX_DMA_Init)
    i.MX_GPIO_Init                           0x08003b70   Section        0  main.o(i.MX_GPIO_Init)
    MX_GPIO_Init                             0x08003b71   Thumb Code   260  main.o(i.MX_GPIO_Init)
    i.MX_TIM2_Init                           0x08003c7c   Section        0  main.o(i.MX_TIM2_Init)
    MX_TIM2_Init                             0x08003c7d   Thumb Code   108  main.o(i.MX_TIM2_Init)
    i.MX_TIM3_Init                           0x08003cec   Section        0  main.o(i.MX_TIM3_Init)
    MX_TIM3_Init                             0x08003ced   Thumb Code   106  main.o(i.MX_TIM3_Init)
    i.MX_TIM4_Init                           0x08003d60   Section        0  main.o(i.MX_TIM4_Init)
    MX_TIM4_Init                             0x08003d61   Thumb Code   160  main.o(i.MX_TIM4_Init)
    i.MX_USART1_UART_Init                    0x08003e08   Section        0  main.o(i.MX_USART1_UART_Init)
    MX_USART1_UART_Init                      0x08003e09   Thumb Code    50  main.o(i.MX_USART1_UART_Init)
    i.MX_USART3_UART_Init                    0x08003e44   Section        0  main.o(i.MX_USART3_UART_Init)
    MX_USART3_UART_Init                      0x08003e45   Thumb Code    56  main.o(i.MX_USART3_UART_Init)
    i.MX_USART6_UART_Init                    0x08003e88   Section        0  main.o(i.MX_USART6_UART_Init)
    MX_USART6_UART_Init                      0x08003e89   Thumb Code    46  main.o(i.MX_USART6_UART_Init)
    i.MemManage_Handler                      0x08003ec0   Section        0  stm32f4xx_it.o(i.MemManage_Handler)
    i.NMI_Handler                            0x08003ec4   Section        0  stm32f4xx_it.o(i.NMI_Handler)
    i.OutPut_Data                            0x08003ec8   Section        0  oscilloscope.o(i.OutPut_Data)
    i.PendSV_Handler                         0x08003f90   Section        0  stm32f4xx_it.o(i.PendSV_Handler)
    i.Position_Aangle_pid                    0x08003f94   Section        0  pid.o(i.Position_Aangle_pid)
    i.Position_Gyro_pid                      0x08004080   Section        0  pid.o(i.Position_Gyro_pid)
    i.RC_Init                                0x0800412c   Section        0  drv_usart.o(i.RC_Init)
    i.SVC_Handler                            0x0800416c   Section        0  stm32f4xx_it.o(i.SVC_Handler)
    i.SysTick_Handler                        0x0800416e   Section        0  stm32f4xx_it.o(i.SysTick_Handler)
    i.SystemClock_Config                     0x08004178   Section        0  main.o(i.SystemClock_Config)
    i.SystemInit                             0x0800422c   Section        0  system_stm32f4xx.o(i.SystemInit)
    i.TIM2_IRQHandler                        0x08004240   Section        0  stm32f4xx_it.o(i.TIM2_IRQHandler)
    i.TIM3_IRQHandler                        0x08004298   Section        0  stm32f4xx_it.o(i.TIM3_IRQHandler)
    i.TIM_Base_SetConfig                     0x080042cc   Section        0  stm32f4xx_hal_tim.o(i.TIM_Base_SetConfig)
    i.TIM_CCxChannelCmd                      0x080043a4   Section        0  stm32f4xx_hal_tim.o(i.TIM_CCxChannelCmd)
    i.TIM_ETR_SetConfig                      0x080043c6   Section        0  stm32f4xx_hal_tim.o(i.TIM_ETR_SetConfig)
    i.TIM_ITRx_SetConfig                     0x080043dc   Section        0  stm32f4xx_hal_tim.o(i.TIM_ITRx_SetConfig)
    TIM_ITRx_SetConfig                       0x080043dd   Thumb Code    18  stm32f4xx_hal_tim.o(i.TIM_ITRx_SetConfig)
    i.TIM_OC1_SetConfig                      0x080043f0   Section        0  stm32f4xx_hal_tim.o(i.TIM_OC1_SetConfig)
    TIM_OC1_SetConfig                        0x080043f1   Thumb Code   104  stm32f4xx_hal_tim.o(i.TIM_OC1_SetConfig)
    i.TIM_OC2_SetConfig                      0x08004460   Section        0  stm32f4xx_hal_tim.o(i.TIM_OC2_SetConfig)
    i.TIM_OC3_SetConfig                      0x080044dc   Section        0  stm32f4xx_hal_tim.o(i.TIM_OC3_SetConfig)
    TIM_OC3_SetConfig                        0x080044dd   Thumb Code   112  stm32f4xx_hal_tim.o(i.TIM_OC3_SetConfig)
    i.TIM_OC4_SetConfig                      0x08004554   Section        0  stm32f4xx_hal_tim.o(i.TIM_OC4_SetConfig)
    TIM_OC4_SetConfig                        0x08004555   Thumb Code    74  stm32f4xx_hal_tim.o(i.TIM_OC4_SetConfig)
    i.TIM_TI1_ConfigInputStage               0x080045a8   Section        0  stm32f4xx_hal_tim.o(i.TIM_TI1_ConfigInputStage)
    TIM_TI1_ConfigInputStage                 0x080045a9   Thumb Code    38  stm32f4xx_hal_tim.o(i.TIM_TI1_ConfigInputStage)
    i.TIM_TI2_ConfigInputStage               0x080045ce   Section        0  stm32f4xx_hal_tim.o(i.TIM_TI2_ConfigInputStage)
    TIM_TI2_ConfigInputStage                 0x080045cf   Thumb Code    40  stm32f4xx_hal_tim.o(i.TIM_TI2_ConfigInputStage)
    i.UART_DMAAbortOnError                   0x080045f6   Section        0  stm32f4xx_hal_uart.o(i.UART_DMAAbortOnError)
    UART_DMAAbortOnError                     0x080045f7   Thumb Code    20  stm32f4xx_hal_uart.o(i.UART_DMAAbortOnError)
    i.UART_DMAError                          0x0800460a   Section        0  stm32f4xx_hal_uart.o(i.UART_DMAError)
    UART_DMAError                            0x0800460b   Thumb Code    80  stm32f4xx_hal_uart.o(i.UART_DMAError)
    i.UART_DMAReceiveCplt                    0x0800465a   Section        0  stm32f4xx_hal_uart.o(i.UART_DMAReceiveCplt)
    UART_DMAReceiveCplt                      0x0800465b   Thumb Code   176  stm32f4xx_hal_uart.o(i.UART_DMAReceiveCplt)
    i.UART_DMARxHalfCplt                     0x0800470a   Section        0  stm32f4xx_hal_uart.o(i.UART_DMARxHalfCplt)
    UART_DMARxHalfCplt                       0x0800470b   Thumb Code    32  stm32f4xx_hal_uart.o(i.UART_DMARxHalfCplt)
    i.UART_EndRxTransfer                     0x0800472a   Section        0  stm32f4xx_hal_uart.o(i.UART_EndRxTransfer)
    UART_EndRxTransfer                       0x0800472b   Thumb Code   108  stm32f4xx_hal_uart.o(i.UART_EndRxTransfer)
    i.UART_EndTransmit_IT                    0x08004796   Section        0  stm32f4xx_hal_uart.o(i.UART_EndTransmit_IT)
    UART_EndTransmit_IT                      0x08004797   Thumb Code    32  stm32f4xx_hal_uart.o(i.UART_EndTransmit_IT)
    i.UART_EndTxTransfer                     0x080047b6   Section        0  stm32f4xx_hal_uart.o(i.UART_EndTxTransfer)
    UART_EndTxTransfer                       0x080047b7   Thumb Code    38  stm32f4xx_hal_uart.o(i.UART_EndTxTransfer)
    i.UART_Receive_IT                        0x080047dc   Section        0  stm32f4xx_hal_uart.o(i.UART_Receive_IT)
    UART_Receive_IT                          0x080047dd   Thumb Code   248  stm32f4xx_hal_uart.o(i.UART_Receive_IT)
    i.UART_SetConfig                         0x080048d4   Section        0  stm32f4xx_hal_uart.o(i.UART_SetConfig)
    UART_SetConfig                           0x080048d5   Thumb Code   546  stm32f4xx_hal_uart.o(i.UART_SetConfig)
    i.UART_Start_Receive_DMA                 0x08004b00   Section        0  stm32f4xx_hal_uart.o(i.UART_Start_Receive_DMA)
    i.UART_Transmit_IT                       0x08004bcc   Section        0  stm32f4xx_hal_uart.o(i.UART_Transmit_IT)
    UART_Transmit_IT                         0x08004bcd   Thumb Code    96  stm32f4xx_hal_uart.o(i.UART_Transmit_IT)
    i.UART_WaitOnFlagUntilTimeout            0x08004c2c   Section        0  stm32f4xx_hal_uart.o(i.UART_WaitOnFlagUntilTimeout)
    UART_WaitOnFlagUntilTimeout              0x08004c2d   Thumb Code   146  stm32f4xx_hal_uart.o(i.UART_WaitOnFlagUntilTimeout)
    i.USART1_IRQHandler                      0x08004cc0   Section        0  stm32f4xx_it.o(i.USART1_IRQHandler)
    i.USART3_IRQHandler                      0x08004cd4   Section        0  stm32f4xx_it.o(i.USART3_IRQHandler)
    i.UsageFault_Handler                     0x08004ce8   Section        0  stm32f4xx_it.o(i.UsageFault_Handler)
    i.__NVIC_GetPriorityGrouping             0x08004cec   Section        0  stm32f4xx_hal_cortex.o(i.__NVIC_GetPriorityGrouping)
    __NVIC_GetPriorityGrouping               0x08004ced   Thumb Code    10  stm32f4xx_hal_cortex.o(i.__NVIC_GetPriorityGrouping)
    i.__NVIC_SetPriority                     0x08004cfc   Section        0  stm32f4xx_hal_cortex.o(i.__NVIC_SetPriority)
    __NVIC_SetPriority                       0x08004cfd   Thumb Code    32  stm32f4xx_hal_cortex.o(i.__NVIC_SetPriority)
    i.chasiss_control                        0x08004d24   Section        0  chasiss.o(i.chasiss_control)
    i.convert_6623speed                      0x08005194   Section        0  drv_can.o(i.convert_6623speed)
    i.gimbals_control                        0x08005230   Section        0  gimbals.o(i.gimbals_control)
    i.main                                   0x0800533c   Section        0  main.o(i.main)
    i.pitch_loops_pid                        0x080053d8   Section        0  pid.o(i.pitch_loops_pid)
    i.shoot_control                          0x08005460   Section        0  shoot.o(i.shoot_control)
    i.tardy_start                            0x08005608   Section        0  chasiss.o(i.tardy_start)
    i.tardy_stop                             0x08005612   Section        0  chasiss.o(i.tardy_stop)
    i.yaw_loops_pid                          0x08005628   Section        0  pid.o(i.yaw_loops_pid)
    i.zero_point_compensate                  0x080056b8   Section        0  pid.o(i.zero_point_compensate)
    x$fpl$d2f                                0x080056cc   Section       98  d2f.o(x$fpl$d2f)
    $v0                                      0x080056cc   Number         0  d2f.o(x$fpl$d2f)
    x$fpl$ddiv                               0x08005730   Section      688  ddiv.o(x$fpl$ddiv)
    $v0                                      0x08005730   Number         0  ddiv.o(x$fpl$ddiv)
    ddiv_entry                               0x08005737   Thumb Code     0  ddiv.o(x$fpl$ddiv)
    x$fpl$dflt                               0x080059e0   Section       46  dflt_clz.o(x$fpl$dflt)
    $v0                                      0x080059e0   Number         0  dflt_clz.o(x$fpl$dflt)
    x$fpl$dmul                               0x08005a10   Section      340  dmul.o(x$fpl$dmul)
    $v0                                      0x08005a10   Number         0  dmul.o(x$fpl$dmul)
    x$fpl$dnaninf                            0x08005b64   Section      156  dnaninf.o(x$fpl$dnaninf)
    $v0                                      0x08005b64   Number         0  dnaninf.o(x$fpl$dnaninf)
    x$fpl$dretinf                            0x08005c00   Section       12  dretinf.o(x$fpl$dretinf)
    $v0                                      0x08005c00   Number         0  dretinf.o(x$fpl$dretinf)
    x$fpl$fpinit                             0x08005c0c   Section       10  fpinit.o(x$fpl$fpinit)
    $v0                                      0x08005c0c   Number         0  fpinit.o(x$fpl$fpinit)
    x$fpl$fretinf                            0x08005c16   Section       10  fretinf.o(x$fpl$fretinf)
    $v0                                      0x08005c16   Number         0  fretinf.o(x$fpl$fretinf)
    .constdata                               0x08005c20   Section        8  stm32f4xx_hal_dma.o(.constdata)
    x$fpl$usenofp                            0x08005c20   Section        0  usenofp.o(x$fpl$usenofp)
    flagBitshiftOffset                       0x08005c20   Data           8  stm32f4xx_hal_dma.o(.constdata)
    .constdata                               0x08005c28   Section       24  system_stm32f4xx.o(.constdata)
    .data                                    0x20000000   Section        4  stm32f4xx_hal_msp.o(.data)
    HAL_RCC_CAN1_CLK_ENABLED                 0x20000000   Data           4  stm32f4xx_hal_msp.o(.data)
    .data                                    0x20000004   Section        9  stm32f4xx_hal.o(.data)
    .data                                    0x20000010   Section        4  system_stm32f4xx.o(.data)
    .data                                    0x20000014   Section      140  drv_can.o(.data)
    .data                                    0x200000a0   Section        2  drv_usart.o(.data)
    .data                                    0x200000a2   Section       10  dr16.o(.data)
    .data                                    0x200000ac   Section        8  jy901s.o(.data)
    .data                                    0x200000b4   Section       52  chasiss.o(.data)
    .data                                    0x200000e8   Section       32  gimbals.o(.data)
    .data                                    0x20000108   Section       40  pid.o(.data)
    position_out1                            0x20000128   Data           2  pid.o(.data)
    position_out2                            0x2000012a   Data           2  pid.o(.data)
    position_out1                            0x2000012c   Data           2  pid.o(.data)
    position_out2                            0x2000012e   Data           2  pid.o(.data)
    .bss                                     0x20000130   Section      692  main.o(.bss)
    .bss                                     0x200003e4   Section      124  drv_can.o(.bss)
    .bss                                     0x20000460   Section       58  drv_usart.o(.bss)
    .bss                                     0x2000049c   Section       58  dr16.o(.bss)
    .bss                                     0x200004d8   Section       24  jy901s.o(.bss)
    .bss                                     0x200004f0   Section       16  oscilloscope.o(.bss)
    .bss                                     0x20000500   Section       40  chasiss.o(.bss)
    .bss                                     0x20000528   Section       30  shoot.o(.bss)
    .bss                                     0x20000548   Section       96  libspace.o(.bss)
    HEAP                                     0x200005a8   Section      512  startup_stm32f407xx.o(HEAP)
    Heap_Mem                                 0x200005a8   Data         512  startup_stm32f407xx.o(HEAP)
    STACK                                    0x200007a8   Section     1024  startup_stm32f407xx.o(STACK)
    Stack_Mem                                0x200007a8   Data        1024  startup_stm32f407xx.o(STACK)
    __initial_sp                             0x20000ba8   Data           0  startup_stm32f407xx.o(STACK)

    Global Symbols

    Symbol Name                              Value     Ov Type        Size  Object(Section)

    BuildAttributes$$THM_ISAv4$E$P$D$K$B$S$7EM$VFPi3$EXTD16$VFPS$VFMA$PE$A:L22UL41UL21$X:L11$S22US41US21$IEEE1$IW$USESV6$~STKCKD$USESV7$~SHL$OTIME$ROPI$IEEEX$EBA8$UX$STANDARDLIB$REQ8$PRES8$EABIv2 0x00000000   Number         0  anon$$obj.o ABSOLUTE
    __ARM_use_no_argv                        0x00000000   Number         0  main.o ABSOLUTE
    __ARM_exceptions_init                     - Undefined Weak Reference
    __alloca_initialize                       - Undefined Weak Reference
    __arm_preinit_                            - Undefined Weak Reference
    __cpp_initialize__aeabi_                  - Undefined Weak Reference
    __cxa_finalize                            - Undefined Weak Reference
    __rt_locale                               - Undefined Weak Reference
    __sigvec_lookup                           - Undefined Weak Reference
    _atexit_init                              - Undefined Weak Reference
    _call_atexit_fns                          - Undefined Weak Reference
    _clock_init                               - Undefined Weak Reference
    _fp_trap_init                             - Undefined Weak Reference
    _fp_trap_shutdown                         - Undefined Weak Reference
    _get_lc_collate                           - Undefined Weak Reference
    _get_lc_ctype                             - Undefined Weak Reference
    _get_lc_monetary                          - Undefined Weak Reference
    _get_lc_numeric                           - Undefined Weak Reference
    _get_lc_time                              - Undefined Weak Reference
    _getenv_init                              - Undefined Weak Reference
    _handle_redirection                       - Undefined Weak Reference
    _init_alloc                               - Undefined Weak Reference
    _init_user_alloc                          - Undefined Weak Reference
    _initio                                   - Undefined Weak Reference
    _rand_init                                - Undefined Weak Reference
    _signal_finish                            - Undefined Weak Reference
    _signal_init                              - Undefined Weak Reference
    _terminate_alloc                          - Undefined Weak Reference
    _terminate_user_alloc                     - Undefined Weak Reference
    _terminateio                              - Undefined Weak Reference
    __Vectors_Size                           0x00000188   Number         0  startup_stm32f407xx.o ABSOLUTE
    __Vectors                                0x08000000   Data           4  startup_stm32f407xx.o(RESET)
    __Vectors_End                            0x08000188   Data           0  startup_stm32f407xx.o(RESET)
    __main                                   0x08000189   Thumb Code     8  __main.o(!!!main)
    __scatterload                            0x08000191   Thumb Code     0  __scatter.o(!!!scatter)
    __scatterload_rt2                        0x08000191   Thumb Code    44  __scatter.o(!!!scatter)
    __scatterload_rt2_thumb_only             0x08000191   Thumb Code     0  __scatter.o(!!!scatter)
    __scatterload_null                       0x0800019f   Thumb Code     0  __scatter.o(!!!scatter)
    __decompress                             0x080001c5   Thumb Code    58  __dczerorl.o(!!dczerorl)
    __decompress0                            0x080001c5   Thumb Code     0  __dczerorl.o(!!dczerorl)
    __scatterload_zeroinit                   0x08000201   Thumb Code    28  __scatter_zi.o(!!handler_zi)
    __rt_lib_init                            0x0800021d   Thumb Code     0  libinit.o(.ARM.Collect$$libinit$$00000000)
    __rt_lib_init_fp_1                       0x0800021f   Thumb Code     0  libinit2.o(.ARM.Collect$$libinit$$00000001)
    __rt_lib_init_alloca_1                   0x08000223   Thumb Code     0  libinit2.o(.ARM.Collect$$libinit$$0000002E)
    __rt_lib_init_argv_1                     0x08000223   Thumb Code     0  libinit2.o(.ARM.Collect$$libinit$$0000002C)
    __rt_lib_init_atexit_1                   0x08000223   Thumb Code     0  libinit2.o(.ARM.Collect$$libinit$$0000001B)
    __rt_lib_init_clock_1                    0x08000223   Thumb Code     0  libinit2.o(.ARM.Collect$$libinit$$00000021)
    __rt_lib_init_cpp_1                      0x08000223   Thumb Code     0  libinit2.o(.ARM.Collect$$libinit$$00000032)
    __rt_lib_init_exceptions_1               0x08000223   Thumb Code     0  libinit2.o(.ARM.Collect$$libinit$$00000030)
    __rt_lib_init_fp_trap_1                  0x08000223   Thumb Code     0  libinit2.o(.ARM.Collect$$libinit$$0000001F)
    __rt_lib_init_getenv_1                   0x08000223   Thumb Code     0  libinit2.o(.ARM.Collect$$libinit$$00000023)
    __rt_lib_init_heap_1                     0x08000223   Thumb Code     0  libinit2.o(.ARM.Collect$$libinit$$0000000A)
    __rt_lib_init_lc_collate_1               0x08000223   Thumb Code     0  libinit2.o(.ARM.Collect$$libinit$$00000011)
    __rt_lib_init_lc_ctype_1                 0x08000223   Thumb Code     0  libinit2.o(.ARM.Collect$$libinit$$00000013)
    __rt_lib_init_lc_monetary_1              0x08000223   Thumb Code     0  libinit2.o(.ARM.Collect$$libinit$$00000015)
    __rt_lib_init_lc_numeric_1               0x08000223   Thumb Code     0  libinit2.o(.ARM.Collect$$libinit$$00000017)
    __rt_lib_init_lc_time_1                  0x08000223   Thumb Code     0  libinit2.o(.ARM.Collect$$libinit$$00000019)
    __rt_lib_init_preinit_1                  0x08000223   Thumb Code     0  libinit2.o(.ARM.Collect$$libinit$$00000004)
    __rt_lib_init_rand_1                     0x08000223   Thumb Code     0  libinit2.o(.ARM.Collect$$libinit$$0000000E)
    __rt_lib_init_return                     0x08000223   Thumb Code     0  libinit2.o(.ARM.Collect$$libinit$$00000033)
    __rt_lib_init_signal_1                   0x08000223   Thumb Code     0  libinit2.o(.ARM.Collect$$libinit$$0000001D)
    __rt_lib_init_stdio_1                    0x08000223   Thumb Code     0  libinit2.o(.ARM.Collect$$libinit$$00000025)
    __rt_lib_init_user_alloc_1               0x08000223   Thumb Code     0  libinit2.o(.ARM.Collect$$libinit$$0000000C)
    __rt_lib_shutdown                        0x08000225   Thumb Code     0  libshutdown.o(.ARM.Collect$$libshutdown$$00000000)
    __rt_lib_shutdown_fp_trap_1              0x08000227   Thumb Code     0  libshutdown2.o(.ARM.Collect$$libshutdown$$00000006)
    __rt_lib_shutdown_heap_1                 0x08000227   Thumb Code     0  libshutdown2.o(.ARM.Collect$$libshutdown$$0000000E)
    __rt_lib_shutdown_return                 0x08000227   Thumb Code     0  libshutdown2.o(.ARM.Collect$$libshutdown$$0000000F)
    __rt_lib_shutdown_signal_1               0x08000227   Thumb Code     0  libshutdown2.o(.ARM.Collect$$libshutdown$$00000009)
    __rt_lib_shutdown_stdio_1                0x08000227   Thumb Code     0  libshutdown2.o(.ARM.Collect$$libshutdown$$00000003)
    __rt_lib_shutdown_user_alloc_1           0x08000227   Thumb Code     0  libshutdown2.o(.ARM.Collect$$libshutdown$$0000000B)
    __rt_entry                               0x08000229   Thumb Code     0  __rtentry.o(.ARM.Collect$$rtentry$$00000000)
    __rt_entry_presh_1                       0x08000229   Thumb Code     0  __rtentry2.o(.ARM.Collect$$rtentry$$00000002)
    __rt_entry_sh                            0x08000229   Thumb Code     0  __rtentry4.o(.ARM.Collect$$rtentry$$00000004)
    __rt_entry_li                            0x0800022f   Thumb Code     0  __rtentry2.o(.ARM.Collect$$rtentry$$0000000A)
    __rt_entry_postsh_1                      0x0800022f   Thumb Code     0  __rtentry2.o(.ARM.Collect$$rtentry$$00000009)
    __rt_entry_main                          0x08000233   Thumb Code     0  __rtentry2.o(.ARM.Collect$$rtentry$$0000000D)
    __rt_entry_postli_1                      0x08000233   Thumb Code     0  __rtentry2.o(.ARM.Collect$$rtentry$$0000000C)
    __rt_exit                                0x0800023b   Thumb Code     0  rtexit.o(.ARM.Collect$$rtexit$$00000000)
    __rt_exit_ls                             0x0800023d   Thumb Code     0  rtexit2.o(.ARM.Collect$$rtexit$$00000003)
    __rt_exit_prels_1                        0x0800023d   Thumb Code     0  rtexit2.o(.ARM.Collect$$rtexit$$00000002)
    __rt_exit_exit                           0x08000241   Thumb Code     0  rtexit2.o(.ARM.Collect$$rtexit$$00000004)
    Reset_Handler                            0x08000249   Thumb Code     8  startup_stm32f407xx.o(.text)
    ADC_IRQHandler                           0x08000263   Thumb Code     0  startup_stm32f407xx.o(.text)
    CAN1_RX1_IRQHandler                      0x08000263   Thumb Code     0  startup_stm32f407xx.o(.text)
    CAN1_SCE_IRQHandler                      0x08000263   Thumb Code     0  startup_stm32f407xx.o(.text)
    CAN1_TX_IRQHandler                       0x08000263   Thumb Code     0  startup_stm32f407xx.o(.text)
    CAN2_RX1_IRQHandler                      0x08000263   Thumb Code     0  startup_stm32f407xx.o(.text)
    CAN2_SCE_IRQHandler                      0x08000263   Thumb Code     0  startup_stm32f407xx.o(.text)
    CAN2_TX_IRQHandler                       0x08000263   Thumb Code     0  startup_stm32f407xx.o(.text)
    DCMI_IRQHandler                          0x08000263   Thumb Code     0  startup_stm32f407xx.o(.text)
    DMA1_Stream0_IRQHandler                  0x08000263   Thumb Code     0  startup_stm32f407xx.o(.text)
    DMA1_Stream2_IRQHandler                  0x08000263   Thumb Code     0  startup_stm32f407xx.o(.text)
    DMA1_Stream3_IRQHandler                  0x08000263   Thumb Code     0  startup_stm32f407xx.o(.text)
    DMA1_Stream4_IRQHandler                  0x08000263   Thumb Code     0  startup_stm32f407xx.o(.text)
    DMA1_Stream5_IRQHandler                  0x08000263   Thumb Code     0  startup_stm32f407xx.o(.text)
    DMA1_Stream6_IRQHandler                  0x08000263   Thumb Code     0  startup_stm32f407xx.o(.text)
    DMA1_Stream7_IRQHandler                  0x08000263   Thumb Code     0  startup_stm32f407xx.o(.text)
    DMA2_Stream0_IRQHandler                  0x08000263   Thumb Code     0  startup_stm32f407xx.o(.text)
    DMA2_Stream1_IRQHandler                  0x08000263   Thumb Code     0  startup_stm32f407xx.o(.text)
    DMA2_Stream3_IRQHandler                  0x08000263   Thumb Code     0  startup_stm32f407xx.o(.text)
    DMA2_Stream4_IRQHandler                  0x08000263   Thumb Code     0  startup_stm32f407xx.o(.text)
    DMA2_Stream5_IRQHandler                  0x08000263   Thumb Code     0  startup_stm32f407xx.o(.text)
    DMA2_Stream6_IRQHandler                  0x08000263   Thumb Code     0  startup_stm32f407xx.o(.text)
    DMA2_Stream7_IRQHandler                  0x08000263   Thumb Code     0  startup_stm32f407xx.o(.text)
    ETH_IRQHandler                           0x08000263   Thumb Code     0  startup_stm32f407xx.o(.text)
    ETH_WKUP_IRQHandler                      0x08000263   Thumb Code     0  startup_stm32f407xx.o(.text)
    EXTI0_IRQHandler                         0x08000263   Thumb Code     0  startup_stm32f407xx.o(.text)
    EXTI15_10_IRQHandler                     0x08000263   Thumb Code     0  startup_stm32f407xx.o(.text)
    EXTI1_IRQHandler                         0x08000263   Thumb Code     0  startup_stm32f407xx.o(.text)
    EXTI2_IRQHandler                         0x08000263   Thumb Code     0  startup_stm32f407xx.o(.text)
    EXTI3_IRQHandler                         0x08000263   Thumb Code     0  startup_stm32f407xx.o(.text)
    EXTI4_IRQHandler                         0x08000263   Thumb Code     0  startup_stm32f407xx.o(.text)
    EXTI9_5_IRQHandler                       0x08000263   Thumb Code     0  startup_stm32f407xx.o(.text)
    FLASH_IRQHandler                         0x08000263   Thumb Code     0  startup_stm32f407xx.o(.text)
    FMC_IRQHandler                           0x08000263   Thumb Code     0  startup_stm32f407xx.o(.text)
    FPU_IRQHandler                           0x08000263   Thumb Code     0  startup_stm32f407xx.o(.text)
    HASH_RNG_IRQHandler                      0x08000263   Thumb Code     0  startup_stm32f407xx.o(.text)
    I2C1_ER_IRQHandler                       0x08000263   Thumb Code     0  startup_stm32f407xx.o(.text)
    I2C1_EV_IRQHandler                       0x08000263   Thumb Code     0  startup_stm32f407xx.o(.text)
    I2C2_ER_IRQHandler                       0x08000263   Thumb Code     0  startup_stm32f407xx.o(.text)
    I2C2_EV_IRQHandler                       0x08000263   Thumb Code     0  startup_stm32f407xx.o(.text)
    I2C3_ER_IRQHandler                       0x08000263   Thumb Code     0  startup_stm32f407xx.o(.text)
    I2C3_EV_IRQHandler                       0x08000263   Thumb Code     0  startup_stm32f407xx.o(.text)
    OTG_FS_IRQHandler                        0x08000263   Thumb Code     0  startup_stm32f407xx.o(.text)
    OTG_FS_WKUP_IRQHandler                   0x08000263   Thumb Code     0  startup_stm32f407xx.o(.text)
    OTG_HS_EP1_IN_IRQHandler                 0x08000263   Thumb Code     0  startup_stm32f407xx.o(.text)
    OTG_HS_EP1_OUT_IRQHandler                0x08000263   Thumb Code     0  startup_stm32f407xx.o(.text)
    OTG_HS_IRQHandler                        0x08000263   Thumb Code     0  startup_stm32f407xx.o(.text)
    OTG_HS_WKUP_IRQHandler                   0x08000263   Thumb Code     0  startup_stm32f407xx.o(.text)
    PVD_IRQHandler                           0x08000263   Thumb Code     0  startup_stm32f407xx.o(.text)
    RCC_IRQHandler                           0x08000263   Thumb Code     0  startup_stm32f407xx.o(.text)
    RTC_Alarm_IRQHandler                     0x08000263   Thumb Code     0  startup_stm32f407xx.o(.text)
    RTC_WKUP_IRQHandler                      0x08000263   Thumb Code     0  startup_stm32f407xx.o(.text)
    SDIO_IRQHandler                          0x08000263   Thumb Code     0  startup_stm32f407xx.o(.text)
    SPI1_IRQHandler                          0x08000263   Thumb Code     0  startup_stm32f407xx.o(.text)
    SPI2_IRQHandler                          0x08000263   Thumb Code     0  startup_stm32f407xx.o(.text)
    SPI3_IRQHandler                          0x08000263   Thumb Code     0  startup_stm32f407xx.o(.text)
    TAMP_STAMP_IRQHandler                    0x08000263   Thumb Code     0  startup_stm32f407xx.o(.text)
    TIM1_BRK_TIM9_IRQHandler                 0x08000263   Thumb Code     0  startup_stm32f407xx.o(.text)
    TIM1_CC_IRQHandler                       0x08000263   Thumb Code     0  startup_stm32f407xx.o(.text)
    TIM1_TRG_COM_TIM11_IRQHandler            0x08000263   Thumb Code     0  startup_stm32f407xx.o(.text)
    TIM1_UP_TIM10_IRQHandler                 0x08000263   Thumb Code     0  startup_stm32f407xx.o(.text)
    TIM4_IRQHandler                          0x08000263   Thumb Code     0  startup_stm32f407xx.o(.text)
    TIM5_IRQHandler                          0x08000263   Thumb Code     0  startup_stm32f407xx.o(.text)
    TIM6_DAC_IRQHandler                      0x08000263   Thumb Code     0  startup_stm32f407xx.o(.text)
    TIM7_IRQHandler                          0x08000263   Thumb Code     0  startup_stm32f407xx.o(.text)
    TIM8_BRK_TIM12_IRQHandler                0x08000263   Thumb Code     0  startup_stm32f407xx.o(.text)
    TIM8_CC_IRQHandler                       0x08000263   Thumb Code     0  startup_stm32f407xx.o(.text)
    TIM8_TRG_COM_TIM14_IRQHandler            0x08000263   Thumb Code     0  startup_stm32f407xx.o(.text)
    TIM8_UP_TIM13_IRQHandler                 0x08000263   Thumb Code     0  startup_stm32f407xx.o(.text)
    UART4_IRQHandler                         0x08000263   Thumb Code     0  startup_stm32f407xx.o(.text)
    UART5_IRQHandler                         0x08000263   Thumb Code     0  startup_stm32f407xx.o(.text)
    USART2_IRQHandler                        0x08000263   Thumb Code     0  startup_stm32f407xx.o(.text)
    USART6_IRQHandler                        0x08000263   Thumb Code     0  startup_stm32f407xx.o(.text)
    WWDG_IRQHandler                          0x08000263   Thumb Code     0  startup_stm32f407xx.o(.text)
    __user_initial_stackheap                 0x08000265   Thumb Code     0  startup_stm32f407xx.o(.text)
    __aeabi_uldivmod                         0x08000289   Thumb Code     0  lludivv7m.o(.text)
    _ll_udiv                                 0x08000289   Thumb Code   238  lludivv7m.o(.text)
    __aeabi_memclr4                          0x08000377   Thumb Code     0  rt_memclr_w.o(.text)
    __aeabi_memclr8                          0x08000377   Thumb Code     0  rt_memclr_w.o(.text)
    __rt_memclr_w                            0x08000377   Thumb Code    78  rt_memclr_w.o(.text)
    _memset_w                                0x0800037b   Thumb Code     0  rt_memclr_w.o(.text)
    __use_two_region_memory                  0x080003c5   Thumb Code     2  heapauxi.o(.text)
    __rt_heap_escrow$2region                 0x080003c7   Thumb Code     2  heapauxi.o(.text)
    __rt_heap_expand$2region                 0x080003c9   Thumb Code     2  heapauxi.o(.text)
    __user_libspace                          0x080003cd   Thumb Code     8  libspace.o(.text)
    __user_perproc_libspace                  0x080003cd   Thumb Code     0  libspace.o(.text)
    __user_perthread_libspace                0x080003cd   Thumb Code     0  libspace.o(.text)
    __user_setup_stackheap                   0x080003d5   Thumb Code    74  sys_stackheap_outer.o(.text)
    exit                                     0x0800041f   Thumb Code    12  exit.o(.text)
    _sys_exit                                0x0800042d   Thumb Code     8  sys_exit.o(.text)
    __I$use$semihosting                      0x08000439   Thumb Code     0  use_no_semi.o(.text)
    __use_no_semihosting_swi                 0x08000439   Thumb Code     2  use_no_semi.o(.text)
    BusFault_Handler                         0x0800043b   Thumb Code     4  stm32f4xx_it.o(i.BusFault_Handler)
    __semihosting_library_function           0x0800043b   Thumb Code     0  indicate_semi.o(.text)
    CAN1_RX0_IRQHandler                      0x08000441   Thumb Code    10  stm32f4xx_it.o(i.CAN1_RX0_IRQHandler)
    CAN2_RX0_IRQHandler                      0x08000451   Thumb Code    10  stm32f4xx_it.o(i.CAN2_RX0_IRQHandler)
    CRC_CHECK                                0x08000461   Thumb Code    58  oscilloscope.o(i.CRC_CHECK)
    Can2Filter_Init                          0x0800049d   Thumb Code    48  drv_can.o(i.Can2Filter_Init)
    CanFilter_Init                           0x080004d1   Thumb Code    56  drv_can.o(i.CanFilter_Init)
    Can_Init                                 0x0800050d   Thumb Code    40  drv_can.o(i.Can_Init)
    Can_SendMoto                             0x0800053d   Thumb Code   106  drv_can.o(i.Can_SendMoto)
    Can_SendMoto_Chassis                     0x080005b9   Thumb Code    78  drv_can.o(i.Can_SendMoto_Chassis)
    Can_SendMoto_Gimbals                     0x08000619   Thumb Code   106  drv_can.o(i.Can_SendMoto_Gimbals)
    Can_SendMoto_shoot                       0x08000695   Thumb Code   106  drv_can.o(i.Can_SendMoto_shoot)
    Controller_handler                       0x08000711   Thumb Code   730  dr16.o(i.Controller_handler)
    DMA1_Stream1_IRQHandler                  0x08000a11   Thumb Code    10  stm32f4xx_it.o(i.DMA1_Stream1_IRQHandler)
    DMA2_Stream2_IRQHandler                  0x08000a21   Thumb Code    10  stm32f4xx_it.o(i.DMA2_Stream2_IRQHandler)
    DebugMon_Handler                         0x08000b3b   Thumb Code     2  stm32f4xx_it.o(i.DebugMon_Handler)
    Error_Handler                            0x08000b3d   Thumb Code     6  main.o(i.Error_Handler)
    Gyro_handler                             0x08000b45   Thumb Code   262  jy901s.o(i.Gyro_handler)
    HAL_CAN_ActivateNotification             0x08000c71   Thumb Code    42  stm32f4xx_hal_can.o(i.HAL_CAN_ActivateNotification)
    HAL_CAN_AddTxMessage                     0x08000c9b   Thumb Code   342  stm32f4xx_hal_can.o(i.HAL_CAN_AddTxMessage)
    HAL_CAN_ConfigFilter                     0x08000df1   Thumb Code   286  stm32f4xx_hal_can.o(i.HAL_CAN_ConfigFilter)
    HAL_CAN_ErrorCallback                    0x08000f15   Thumb Code     2  stm32f4xx_hal_can.o(i.HAL_CAN_ErrorCallback)
    HAL_CAN_GetRxMessage                     0x08000f17   Thumb Code   378  stm32f4xx_hal_can.o(i.HAL_CAN_GetRxMessage)
    HAL_CAN_IRQHandler                       0x08001091   Thumb Code   590  stm32f4xx_hal_can.o(i.HAL_CAN_IRQHandler)
    HAL_CAN_Init                             0x080012df   Thumb Code   372  stm32f4xx_hal_can.o(i.HAL_CAN_Init)
    HAL_CAN_MspInit                          0x08001455   Thumb Code   328  stm32f4xx_hal_msp.o(i.HAL_CAN_MspInit)
    HAL_CAN_RxFifo0FullCallback              0x080015b5   Thumb Code     2  stm32f4xx_hal_can.o(i.HAL_CAN_RxFifo0FullCallback)
    HAL_CAN_RxFifo0MsgPendingCallback        0x080015b9   Thumb Code   830  drv_can.o(i.HAL_CAN_RxFifo0MsgPendingCallback)
    HAL_CAN_RxFifo1FullCallback              0x08001965   Thumb Code     2  stm32f4xx_hal_can.o(i.HAL_CAN_RxFifo1FullCallback)
    HAL_CAN_RxFifo1MsgPendingCallback        0x08001967   Thumb Code     2  stm32f4xx_hal_can.o(i.HAL_CAN_RxFifo1MsgPendingCallback)
    HAL_CAN_SleepCallback                    0x08001969   Thumb Code     2  stm32f4xx_hal_can.o(i.HAL_CAN_SleepCallback)
    HAL_CAN_Start                            0x0800196b   Thumb Code    94  stm32f4xx_hal_can.o(i.HAL_CAN_Start)
    HAL_CAN_TxMailbox0AbortCallback          0x080019c9   Thumb Code     2  stm32f4xx_hal_can.o(i.HAL_CAN_TxMailbox0AbortCallback)
    HAL_CAN_TxMailbox0CompleteCallback       0x080019cb   Thumb Code     2  stm32f4xx_hal_can.o(i.HAL_CAN_TxMailbox0CompleteCallback)
    HAL_CAN_TxMailbox1AbortCallback          0x080019cd   Thumb Code     2  stm32f4xx_hal_can.o(i.HAL_CAN_TxMailbox1AbortCallback)
    HAL_CAN_TxMailbox1CompleteCallback       0x080019cf   Thumb Code     2  stm32f4xx_hal_can.o(i.HAL_CAN_TxMailbox1CompleteCallback)
    HAL_CAN_TxMailbox2AbortCallback          0x080019d1   Thumb Code     2  stm32f4xx_hal_can.o(i.HAL_CAN_TxMailbox2AbortCallback)
    HAL_CAN_TxMailbox2CompleteCallback       0x080019d3   Thumb Code     2  stm32f4xx_hal_can.o(i.HAL_CAN_TxMailbox2CompleteCallback)
    HAL_CAN_WakeUpFromRxMsgCallback          0x080019d5   Thumb Code     2  stm32f4xx_hal_can.o(i.HAL_CAN_WakeUpFromRxMsgCallback)
    HAL_DMA_Abort                            0x080019d7   Thumb Code   172  stm32f4xx_hal_dma.o(i.HAL_DMA_Abort)
    HAL_DMA_Abort_IT                         0x08001a83   Thumb Code    40  stm32f4xx_hal_dma.o(i.HAL_DMA_Abort_IT)
    HAL_DMA_IRQHandler                       0x08001aad   Thumb Code   570  stm32f4xx_hal_dma.o(i.HAL_DMA_IRQHandler)
    HAL_DMA_Init                             0x08001ced   Thumb Code   232  stm32f4xx_hal_dma.o(i.HAL_DMA_Init)
    HAL_DMA_Start_IT                         0x08001dd9   Thumb Code   146  stm32f4xx_hal_dma.o(i.HAL_DMA_Start_IT)
    HAL_GPIO_Init                            0x08001e6d   Thumb Code   452  stm32f4xx_hal_gpio.o(i.HAL_GPIO_Init)
    HAL_GPIO_WritePin                        0x0800205d   Thumb Code    12  stm32f4xx_hal_gpio.o(i.HAL_GPIO_WritePin)
    HAL_GetTick                              0x08002069   Thumb Code     6  stm32f4xx_hal.o(i.HAL_GetTick)
    HAL_IncTick                              0x08002075   Thumb Code    16  stm32f4xx_hal.o(i.HAL_IncTick)
    HAL_Init                                 0x0800208d   Thumb Code    54  stm32f4xx_hal.o(i.HAL_Init)
    HAL_InitTick                             0x080020c9   Thumb Code    64  stm32f4xx_hal.o(i.HAL_InitTick)
    HAL_MspInit                              0x08002115   Thumb Code    68  stm32f4xx_hal_msp.o(i.HAL_MspInit)
    HAL_NVIC_EnableIRQ                       0x0800215d   Thumb Code    32  stm32f4xx_hal_cortex.o(i.HAL_NVIC_EnableIRQ)
    HAL_NVIC_SetPriority                     0x0800217d   Thumb Code   124  stm32f4xx_hal_cortex.o(i.HAL_NVIC_SetPriority)
    HAL_NVIC_SetPriorityGrouping             0x080021f9   Thumb Code    32  stm32f4xx_hal_cortex.o(i.HAL_NVIC_SetPriorityGrouping)
    HAL_RCC_ClockConfig                      0x08002221   Thumb Code   368  stm32f4xx_hal_rcc.o(i.HAL_RCC_ClockConfig)
    HAL_RCC_GetHCLKFreq                      0x080023a5   Thumb Code     6  stm32f4xx_hal_rcc.o(i.HAL_RCC_GetHCLKFreq)
    HAL_RCC_GetPCLK1Freq                     0x080023b1   Thumb Code    22  stm32f4xx_hal_rcc.o(i.HAL_RCC_GetPCLK1Freq)
    HAL_RCC_GetPCLK2Freq                     0x080023d1   Thumb Code    22  stm32f4xx_hal_rcc.o(i.HAL_RCC_GetPCLK2Freq)
    HAL_RCC_GetSysClockFreq                  0x080023f1   Thumb Code   162  stm32f4xx_hal_rcc.o(i.HAL_RCC_GetSysClockFreq)
    HAL_RCC_OscConfig                        0x080024a1   Thumb Code  1172  stm32f4xx_hal_rcc.o(i.HAL_RCC_OscConfig)
    HAL_SYSTICK_Config                       0x0800293d   Thumb Code    52  stm32f4xx_hal_cortex.o(i.HAL_SYSTICK_Config)
    HAL_TIMEx_BreakCallback                  0x08002971   Thumb Code     2  stm32f4xx_hal_tim_ex.o(i.HAL_TIMEx_BreakCallback)
    HAL_TIMEx_CommutCallback                 0x08002973   Thumb Code     2  stm32f4xx_hal_tim_ex.o(i.HAL_TIMEx_CommutCallback)
    HAL_TIMEx_MasterConfigSynchronization    0x08002975   Thumb Code   150  stm32f4xx_hal_tim_ex.o(i.HAL_TIMEx_MasterConfigSynchronization)
    HAL_TIM_Base_Init                        0x08002a29   Thumb Code   102  stm32f4xx_hal_tim.o(i.HAL_TIM_Base_Init)
    HAL_TIM_Base_MspInit                     0x08002a91   Thumb Code   162  stm32f4xx_hal_msp.o(i.HAL_TIM_Base_MspInit)
    HAL_TIM_Base_Start_IT                    0x08002b41   Thumb Code   138  stm32f4xx_hal_tim.o(i.HAL_TIM_Base_Start_IT)
    HAL_TIM_ConfigClockSource                0x08002be9   Thumb Code   268  stm32f4xx_hal_tim.o(i.HAL_TIM_ConfigClockSource)
    HAL_TIM_IC_CaptureCallback               0x08002cf5   Thumb Code     2  stm32f4xx_hal_tim.o(i.HAL_TIM_IC_CaptureCallback)
    HAL_TIM_IRQHandler                       0x08002cf7   Thumb Code   406  stm32f4xx_hal_tim.o(i.HAL_TIM_IRQHandler)
    HAL_TIM_MspPostInit                      0x08002e8d   Thumb Code    86  stm32f4xx_hal_msp.o(i.HAL_TIM_MspPostInit)
    HAL_TIM_OC_DelayElapsedCallback          0x08002ef1   Thumb Code     2  stm32f4xx_hal_tim.o(i.HAL_TIM_OC_DelayElapsedCallback)
    HAL_TIM_PWM_ConfigChannel                0x08002ef3   Thumb Code   260  stm32f4xx_hal_tim.o(i.HAL_TIM_PWM_ConfigChannel)
    HAL_TIM_PWM_Init                         0x08002ff7   Thumb Code   102  stm32f4xx_hal_tim.o(i.HAL_TIM_PWM_Init)
    HAL_TIM_PWM_MspInit                      0x0800305d   Thumb Code     2  stm32f4xx_hal_tim.o(i.HAL_TIM_PWM_MspInit)
    HAL_TIM_PWM_PulseFinishedCallback        0x0800305f   Thumb Code     2  stm32f4xx_hal_tim.o(i.HAL_TIM_PWM_PulseFinishedCallback)
    HAL_TIM_PWM_Start                        0x08003061   Thumb Code   238  stm32f4xx_hal_tim.o(i.HAL_TIM_PWM_Start)
    HAL_TIM_PeriodElapsedCallback            0x0800316d   Thumb Code     2  stm32f4xx_hal_tim.o(i.HAL_TIM_PeriodElapsedCallback)
    HAL_TIM_TriggerCallback                  0x0800316f   Thumb Code     2  stm32f4xx_hal_tim.o(i.HAL_TIM_TriggerCallback)
    HAL_UARTEx_RxEventCallback               0x08003171   Thumb Code     2  stm32f4xx_hal_uart.o(i.HAL_UARTEx_RxEventCallback)
    HAL_UART_DMAStop                         0x08003173   Thumb Code   138  stm32f4xx_hal_uart.o(i.HAL_UART_DMAStop)
    HAL_UART_ErrorCallback                   0x080031fd   Thumb Code     2  stm32f4xx_hal_uart.o(i.HAL_UART_ErrorCallback)
    HAL_UART_IRQHandler                      0x08003201   Thumb Code   732  stm32f4xx_hal_uart.o(i.HAL_UART_IRQHandler)
    HAL_UART_Init                            0x080034e1   Thumb Code   114  stm32f4xx_hal_uart.o(i.HAL_UART_Init)
    HAL_UART_MspInit                         0x08003555   Thumb Code   564  stm32f4xx_hal_msp.o(i.HAL_UART_MspInit)
    HAL_UART_Receive_DMA                     0x080037b9   Thumb Code    66  stm32f4xx_hal_uart.o(i.HAL_UART_Receive_DMA)
    HAL_UART_RxCpltCallback                  0x080037fb   Thumb Code     2  stm32f4xx_hal_uart.o(i.HAL_UART_RxCpltCallback)
    HAL_UART_RxHalfCpltCallback              0x080037fd   Thumb Code     2  stm32f4xx_hal_uart.o(i.HAL_UART_RxHalfCpltCallback)
    HAL_UART_Transmit                        0x080037ff   Thumb Code   210  stm32f4xx_hal_uart.o(i.HAL_UART_Transmit)
    HAL_UART_TxCpltCallback                  0x080038d1   Thumb Code     2  stm32f4xx_hal_uart.o(i.HAL_UART_TxCpltCallback)
    HardFault_Handler                        0x080038d3   Thumb Code     4  stm32f4xx_it.o(i.HardFault_Handler)
    IDLE_Gyro_Handler                        0x080038d9   Thumb Code    76  drv_usart.o(i.IDLE_Gyro_Handler)
    IDLE_Handler                             0x08003931   Thumb Code    82  drv_usart.o(i.IDLE_Handler)
    Increment_PID                            0x08003995   Thumb Code   150  pid.o(i.Increment_PID)
    JY901_Init                               0x08003a2d   Thumb Code    56  drv_usart.o(i.JY901_Init)
    MemManage_Handler                        0x08003ec1   Thumb Code     4  stm32f4xx_it.o(i.MemManage_Handler)
    NMI_Handler                              0x08003ec5   Thumb Code     4  stm32f4xx_it.o(i.NMI_Handler)
    OutPut_Data                              0x08003ec9   Thumb Code   192  oscilloscope.o(i.OutPut_Data)
    PendSV_Handler                           0x08003f91   Thumb Code     2  stm32f4xx_it.o(i.PendSV_Handler)
    Position_Aangle_pid                      0x08003f95   Thumb Code   222  pid.o(i.Position_Aangle_pid)
    Position_Gyro_pid                        0x08004081   Thumb Code   166  pid.o(i.Position_Gyro_pid)
    RC_Init                                  0x0800412d   Thumb Code    56  drv_usart.o(i.RC_Init)
    SVC_Handler                              0x0800416d   Thumb Code     2  stm32f4xx_it.o(i.SVC_Handler)
    SysTick_Handler                          0x0800416f   Thumb Code     8  stm32f4xx_it.o(i.SysTick_Handler)
    SystemClock_Config                       0x08004179   Thumb Code   170  main.o(i.SystemClock_Config)
    SystemInit                               0x0800422d   Thumb Code    14  system_stm32f4xx.o(i.SystemInit)
    TIM2_IRQHandler                          0x08004241   Thumb Code    80  stm32f4xx_it.o(i.TIM2_IRQHandler)
    TIM3_IRQHandler                          0x08004299   Thumb Code    44  stm32f4xx_it.o(i.TIM3_IRQHandler)
    TIM_Base_SetConfig                       0x080042cd   Thumb Code   170  stm32f4xx_hal_tim.o(i.TIM_Base_SetConfig)
    TIM_CCxChannelCmd                        0x080043a5   Thumb Code    34  stm32f4xx_hal_tim.o(i.TIM_CCxChannelCmd)
    TIM_ETR_SetConfig                        0x080043c7   Thumb Code    22  stm32f4xx_hal_tim.o(i.TIM_ETR_SetConfig)
    TIM_OC2_SetConfig                        0x08004461   Thumb Code   114  stm32f4xx_hal_tim.o(i.TIM_OC2_SetConfig)
    UART_Start_Receive_DMA                   0x08004b01   Thumb Code   192  stm32f4xx_hal_uart.o(i.UART_Start_Receive_DMA)
    USART1_IRQHandler                        0x08004cc1   Thumb Code    14  stm32f4xx_it.o(i.USART1_IRQHandler)
    USART3_IRQHandler                        0x08004cd5   Thumb Code    14  stm32f4xx_it.o(i.USART3_IRQHandler)
    UsageFault_Handler                       0x08004ce9   Thumb Code     4  stm32f4xx_it.o(i.UsageFault_Handler)
    chasiss_control                          0x08004d25   Thumb Code  1130  chasiss.o(i.chasiss_control)
    convert_6623speed                        0x08005195   Thumb Code   154  drv_can.o(i.convert_6623speed)
    gimbals_control                          0x08005231   Thumb Code   216  gimbals.o(i.gimbals_control)
    main                                     0x0800533d   Thumb Code   134  main.o(i.main)
    pitch_loops_pid                          0x080053d9   Thumb Code   110  pid.o(i.pitch_loops_pid)
    shoot_control                            0x08005461   Thumb Code   372  shoot.o(i.shoot_control)
    tardy_start                              0x08005609   Thumb Code    10  chasiss.o(i.tardy_start)
    tardy_stop                               0x08005613   Thumb Code    20  chasiss.o(i.tardy_stop)
    yaw_loops_pid                            0x08005629   Thumb Code   108  pid.o(i.yaw_loops_pid)
    zero_point_compensate                    0x080056b9   Thumb Code    20  pid.o(i.zero_point_compensate)
    __aeabi_d2f                              0x080056cd   Thumb Code     0  d2f.o(x$fpl$d2f)
    _d2f                                     0x080056cd   Thumb Code    98  d2f.o(x$fpl$d2f)
    __aeabi_ddiv                             0x08005731   Thumb Code     0  ddiv.o(x$fpl$ddiv)
    _ddiv                                    0x08005731   Thumb Code   552  ddiv.o(x$fpl$ddiv)
    __aeabi_i2d                              0x080059e1   Thumb Code     0  dflt_clz.o(x$fpl$dflt)
    _dflt                                    0x080059e1   Thumb Code    46  dflt_clz.o(x$fpl$dflt)
    __aeabi_dmul                             0x08005a11   Thumb Code     0  dmul.o(x$fpl$dmul)
    _dmul                                    0x08005a11   Thumb Code   332  dmul.o(x$fpl$dmul)
    __fpl_dnaninf                            0x08005b65   Thumb Code   156  dnaninf.o(x$fpl$dnaninf)
    __fpl_dretinf                            0x08005c01   Thumb Code    12  dretinf.o(x$fpl$dretinf)
    _fp_init                                 0x08005c0d   Thumb Code    10  fpinit.o(x$fpl$fpinit)
    __fplib_config_fpu_vfp                   0x08005c15   Thumb Code     0  fpinit.o(x$fpl$fpinit)
    __fplib_config_pureend_doubles           0x08005c15   Thumb Code     0  fpinit.o(x$fpl$fpinit)
    __fpl_fretinf                            0x08005c17   Thumb Code    10  fretinf.o(x$fpl$fretinf)
    __I$use$fp                               0x08005c20   Number         0  usenofp.o(x$fpl$usenofp)
    AHBPrescTable                            0x08005c28   Data          16  system_stm32f4xx.o(.constdata)
    APBPrescTable                            0x08005c38   Data           8  system_stm32f4xx.o(.constdata)
    Region$$Table$$Base                      0x08005c40   Number         0  anon$$obj.o(Region$$Table)
    Region$$Table$$Limit                     0x08005c60   Number         0  anon$$obj.o(Region$$Table)
    uwTick                                   0x20000004   Data           4  stm32f4xx_hal.o(.data)
    uwTickPrio                               0x20000008   Data           4  stm32f4xx_hal.o(.data)
    uwTickFreq                               0x2000000c   Data           1  stm32f4xx_hal.o(.data)
    SystemCoreClock                          0x20000010   Data           4  system_stm32f4xx.o(.data)
    yaw_angle                                0x20000014   Data           2  drv_can.o(.data)
    pitch_angle                              0x20000016   Data           2  drv_can.o(.data)
    yaw_speed                                0x20000018   Data           2  drv_can.o(.data)
    pitch_speed                              0x2000001a   Data           2  drv_can.o(.data)
    filtered_speed8                          0x2000001c   Data           2  drv_can.o(.data)
    filtered_speed9                          0x2000001e   Data           2  drv_can.o(.data)
    Raw_yawData                              0x20000020   Data           2  drv_can.o(.data)
    Raw_pitchData                            0x20000022   Data           2  drv_can.o(.data)
    speed_a                                  0x20000024   Data           4  drv_can.o(.data)
    CAN_Tx1Data                              0x20000028   Data           8  drv_can.o(.data)
    CAN_Tx2Data                              0x20000030   Data           8  drv_can.o(.data)
    CAN_RxData                               0x20000038   Data           8  drv_can.o(.data)
    CAN2_Tx1Data                             0x20000040   Data           8  drv_can.o(.data)
    CAN2_Tx2Data                             0x20000048   Data           8  drv_can.o(.data)
    CAN2_RxData                              0x20000050   Data           8  drv_can.o(.data)
    TxMailbox                                0x20000058   Data           4  drv_can.o(.data)
    Moto_1                                   0x2000005c   Data           8  drv_can.o(.data)
    Moto_2                                   0x20000064   Data           8  drv_can.o(.data)
    Moto_3                                   0x2000006c   Data           8  drv_can.o(.data)
    Moto_4                                   0x20000074   Data           8  drv_can.o(.data)
    Moto_5                                   0x2000007c   Data           8  drv_can.o(.data)
    Moto_6                                   0x20000084   Data           8  drv_can.o(.data)
    Moto_7                                   0x2000008c   Data           8  drv_can.o(.data)
    yaw_moto                                 0x20000094   Data           6  drv_can.o(.data)
    pitch_moto                               0x2000009a   Data           6  drv_can.o(.data)
    RC_Communication                         0x200000a0   Data           2  drv_usart.o(.data)
    Mouse                                    0x200000a2   Data           8  dr16.o(.data)
    Mouse_move_gyro_y                        0x200000aa   Data           2  dr16.o(.data)
    temperate                                0x200000ac   Data           4  jy901s.o(.data)
    yaw_gyro_angle                           0x200000b0   Data           2  jy901s.o(.data)
    pitch_gyro_angle                         0x200000b2   Data           2  jy901s.o(.data)
    chassis_value                            0x200000b4   Data           8  chasiss.o(.data)
    chas_speed                               0x200000bc   Data           2  chasiss.o(.data)
    chas_x                                   0x200000be   Data           2  chasiss.o(.data)
    chas_y                                   0x200000c0   Data           2  chasiss.o(.data)
    chas_z                                   0x200000c2   Data           2  chasiss.o(.data)
    mechanic_angle                           0x200000c4   Data           4  chasiss.o(.data)
    angle_error                              0x200000c8   Data           4  chasiss.o(.data)
    y_exp                                    0x200000cc   Data           2  chasiss.o(.data)
    x_exp                                    0x200000ce   Data           2  chasiss.o(.data)
    chas_follow                              0x200000d0   Data           8  chasiss.o(.data)
    chas_angle_error                         0x200000d8   Data           8  chasiss.o(.data)
    chas_gyro_error                          0x200000e0   Data           8  chasiss.o(.data)
    yaw_angle_error                          0x200000e8   Data           8  gimbals.o(.data)
    yaw_gyro_error                           0x200000f0   Data           8  gimbals.o(.data)
    pitch_angle_error                        0x200000f8   Data           8  gimbals.o(.data)
    pitch_gyro_error                         0x20000100   Data           8  gimbals.o(.data)
    gyro_exp                                 0x20000108   Data           2  pid.o(.data)
    in_p                                     0x2000010c   Data           4  pid.o(.data)
    in_i                                     0x20000110   Data           4  pid.o(.data)
    in_d                                     0x20000114   Data           4  pid.o(.data)
    out_p                                    0x20000118   Data           4  pid.o(.data)
    out_i                                    0x2000011c   Data           4  pid.o(.data)
    out_d                                    0x20000120   Data           4  pid.o(.data)
    yaw_scale                                0x20000124   Data           1  pid.o(.data)
    pitch_scale                              0x20000125   Data           1  pid.o(.data)
    D_data                                   0x20000126   Data           2  pid.o(.data)
    hcan1                                    0x20000130   Data          40  main.o(.bss)
    hcan2                                    0x20000158   Data          40  main.o(.bss)
    htim2                                    0x20000180   Data          72  main.o(.bss)
    htim3                                    0x200001c8   Data          72  main.o(.bss)
    htim4                                    0x20000210   Data          72  main.o(.bss)
    huart1                                   0x20000258   Data          68  main.o(.bss)
    huart3                                   0x2000029c   Data          68  main.o(.bss)
    huart6                                   0x200002e0   Data          68  main.o(.bss)
    hdma_usart1_rx                           0x20000324   Data          96  main.o(.bss)
    hdma_usart3_rx                           0x20000384   Data          96  main.o(.bss)
    Tx1Message                               0x200003e4   Data          24  drv_can.o(.bss)
    Rx1Message                               0x200003fc   Data          28  drv_can.o(.bss)
    Tx2Message                               0x20000418   Data          24  drv_can.o(.bss)
    Rx2Message                               0x20000430   Data          28  drv_can.o(.bss)
    Moto_8                                   0x2000044c   Data          10  drv_can.o(.bss)
    Moto_9                                   0x20000456   Data          10  drv_can.o(.bss)
    controller_data                          0x20000460   Data          36  drv_usart.o(.bss)
    Gyro_Data                                0x20000484   Data          22  drv_usart.o(.bss)
    RC                                       0x2000049c   Data          12  dr16.o(.bss)
    Mouse_move                               0x200004a8   Data          12  dr16.o(.bss)
    Key                                      0x200004b4   Data          34  dr16.o(.bss)
    gyro                                     0x200004d8   Data          12  jy901s.o(.bss)
    angle                                    0x200004e4   Data          12  jy901s.o(.bss)
    OutData                                  0x200004f0   Data          16  oscilloscope.o(.bss)
    chas1_error                              0x20000500   Data          10  chasiss.o(.bss)
    chas2_error                              0x2000050a   Data          10  chasiss.o(.bss)
    chas3_error                              0x20000514   Data          10  chasiss.o(.bss)
    chas4_error                              0x2000051e   Data          10  chasiss.o(.bss)
    chas5_error                              0x20000528   Data          10  shoot.o(.bss)
    chas6_error                              0x20000532   Data          10  shoot.o(.bss)
    chas7_error                              0x2000053c   Data          10  shoot.o(.bss)
    __libspace_start                         0x20000548   Data          96  libspace.o(.bss)
    __temporary_stack_top$libspace           0x200005a8   Data           0  libspace.o(.bss)



==============================================================================

Memory Map of the image

  Image Entry point : 0x08000189

  Load Region LR_IROM1 (Base: 0x08000000, Size: 0x00005d90, Max: 0x00100000, ABSOLUTE, COMPRESSED[0x00005c70])

    Execution Region ER_IROM1 (Base: 0x08000000, Size: 0x00005c60, Max: 0x00100000, ABSOLUTE)

    Base Addr    Size         Type   Attr      Idx    E Section Name        Object

    0x08000000   0x00000188   Data   RO            3    RESET               startup_stm32f407xx.o
    0x08000188   0x00000008   Code   RO         3697  * !!!main             c_w.l(__main.o)
    0x08000190   0x00000034   Code   RO         3971    !!!scatter          c_w.l(__scatter.o)
    0x080001c4   0x0000003a   Code   RO         3969    !!dczerorl          c_w.l(__dczerorl.o)
    0x080001fe   0x00000002   PAD
    0x08000200   0x0000001c   Code   RO         3973    !!handler_zi        c_w.l(__scatter_zi.o)
    0x0800021c   0x00000002   Code   RO         3843    .ARM.Collect$$libinit$$00000000  c_w.l(libinit.o)
    0x0800021e   0x00000004   Code   RO         3852    .ARM.Collect$$libinit$$00000001  c_w.l(libinit2.o)
    0x08000222   0x00000000   Code   RO         3855    .ARM.Collect$$libinit$$00000004  c_w.l(libinit2.o)
    0x08000222   0x00000000   Code   RO         3858    .ARM.Collect$$libinit$$0000000A  c_w.l(libinit2.o)
    0x08000222   0x00000000   Code   RO         3860    .ARM.Collect$$libinit$$0000000C  c_w.l(libinit2.o)
    0x08000222   0x00000000   Code   RO         3862    .ARM.Collect$$libinit$$0000000E  c_w.l(libinit2.o)
    0x08000222   0x00000000   Code   RO         3865    .ARM.Collect$$libinit$$00000011  c_w.l(libinit2.o)
    0x08000222   0x00000000   Code   RO         3867    .ARM.Collect$$libinit$$00000013  c_w.l(libinit2.o)
    0x08000222   0x00000000   Code   RO         3869    .ARM.Collect$$libinit$$00000015  c_w.l(libinit2.o)
    0x08000222   0x00000000   Code   RO         3871    .ARM.Collect$$libinit$$00000017  c_w.l(libinit2.o)
    0x08000222   0x00000000   Code   RO         3873    .ARM.Collect$$libinit$$00000019  c_w.l(libinit2.o)
    0x08000222   0x00000000   Code   RO         3875    .ARM.Collect$$libinit$$0000001B  c_w.l(libinit2.o)
    0x08000222   0x00000000   Code   RO         3877    .ARM.Collect$$libinit$$0000001D  c_w.l(libinit2.o)
    0x08000222   0x00000000   Code   RO         3879    .ARM.Collect$$libinit$$0000001F  c_w.l(libinit2.o)
    0x08000222   0x00000000   Code   RO         3881    .ARM.Collect$$libinit$$00000021  c_w.l(libinit2.o)
    0x08000222   0x00000000   Code   RO         3883    .ARM.Collect$$libinit$$00000023  c_w.l(libinit2.o)
    0x08000222   0x00000000   Code   RO         3885    .ARM.Collect$$libinit$$00000025  c_w.l(libinit2.o)
    0x08000222   0x00000000   Code   RO         3889    .ARM.Collect$$libinit$$0000002C  c_w.l(libinit2.o)
    0x08000222   0x00000000   Code   RO         3891    .ARM.Collect$$libinit$$0000002E  c_w.l(libinit2.o)
    0x08000222   0x00000000   Code   RO         3893    .ARM.Collect$$libinit$$00000030  c_w.l(libinit2.o)
    0x08000222   0x00000000   Code   RO         3895    .ARM.Collect$$libinit$$00000032  c_w.l(libinit2.o)
    0x08000222   0x00000002   Code   RO         3896    .ARM.Collect$$libinit$$00000033  c_w.l(libinit2.o)
    0x08000224   0x00000002   Code   RO         3927    .ARM.Collect$$libshutdown$$00000000  c_w.l(libshutdown.o)
    0x08000226   0x00000000   Code   RO         3954    .ARM.Collect$$libshutdown$$00000003  c_w.l(libshutdown2.o)
    0x08000226   0x00000000   Code   RO         3957    .ARM.Collect$$libshutdown$$00000006  c_w.l(libshutdown2.o)
    0x08000226   0x00000000   Code   RO         3960    .ARM.Collect$$libshutdown$$00000009  c_w.l(libshutdown2.o)
    0x08000226   0x00000000   Code   RO         3962    .ARM.Collect$$libshutdown$$0000000B  c_w.l(libshutdown2.o)
    0x08000226   0x00000000   Code   RO         3965    .ARM.Collect$$libshutdown$$0000000E  c_w.l(libshutdown2.o)
    0x08000226   0x00000002   Code   RO         3966    .ARM.Collect$$libshutdown$$0000000F  c_w.l(libshutdown2.o)
    0x08000228   0x00000000   Code   RO         3749    .ARM.Collect$$rtentry$$00000000  c_w.l(__rtentry.o)
    0x08000228   0x00000000   Code   RO         3796    .ARM.Collect$$rtentry$$00000002  c_w.l(__rtentry2.o)
    0x08000228   0x00000006   Code   RO         3808    .ARM.Collect$$rtentry$$00000004  c_w.l(__rtentry4.o)
    0x0800022e   0x00000000   Code   RO         3798    .ARM.Collect$$rtentry$$00000009  c_w.l(__rtentry2.o)
    0x0800022e   0x00000004   Code   RO         3799    .ARM.Collect$$rtentry$$0000000A  c_w.l(__rtentry2.o)
    0x08000232   0x00000000   Code   RO         3801    .ARM.Collect$$rtentry$$0000000C  c_w.l(__rtentry2.o)
    0x08000232   0x00000008   Code   RO         3802    .ARM.Collect$$rtentry$$0000000D  c_w.l(__rtentry2.o)
    0x0800023a   0x00000002   Code   RO         3844    .ARM.Collect$$rtexit$$00000000  c_w.l(rtexit.o)
    0x0800023c   0x00000000   Code   RO         3900    .ARM.Collect$$rtexit$$00000002  c_w.l(rtexit2.o)
    0x0800023c   0x00000004   Code   RO         3901    .ARM.Collect$$rtexit$$00000003  c_w.l(rtexit2.o)
    0x08000240   0x00000006   Code   RO         3902    .ARM.Collect$$rtexit$$00000004  c_w.l(rtexit2.o)
    0x08000246   0x00000002   PAD
    0x08000248   0x00000040   Code   RO            4    .text               startup_stm32f407xx.o
    0x08000288   0x000000ee   Code   RO         3691    .text               c_w.l(lludivv7m.o)
    0x08000376   0x0000004e   Code   RO         3693    .text               c_w.l(rt_memclr_w.o)
    0x080003c4   0x00000006   Code   RO         3695    .text               c_w.l(heapauxi.o)
    0x080003ca   0x00000002   PAD
    0x080003cc   0x00000008   Code   RO         3827    .text               c_w.l(libspace.o)
    0x080003d4   0x0000004a   Code   RO         3830    .text               c_w.l(sys_stackheap_outer.o)
    0x0800041e   0x0000000c   Code   RO         3832    .text               c_w.l(exit.o)
    0x0800042a   0x00000002   PAD
    0x0800042c   0x0000000c   Code   RO         3897    .text               c_w.l(sys_exit.o)
    0x08000438   0x00000002   Code   RO         3916    .text               c_w.l(use_no_semi.o)
    0x0800043a   0x00000000   Code   RO         3918    .text               c_w.l(indicate_semi.o)
    0x0800043a   0x00000004   Code   RO          227    i.BusFault_Handler  stm32f4xx_it.o
    0x0800043e   0x00000002   PAD
    0x08000440   0x00000010   Code   RO          228    i.CAN1_RX0_IRQHandler  stm32f4xx_it.o
    0x08000450   0x00000010   Code   RO          229    i.CAN2_RX0_IRQHandler  stm32f4xx_it.o
    0x08000460   0x0000003a   Code   RO         3446    i.CRC_CHECK         oscilloscope.o
    0x0800049a   0x00000002   PAD
    0x0800049c   0x00000034   Code   RO         3244    i.Can2Filter_Init   drv_can.o
    0x080004d0   0x0000003c   Code   RO         3245    i.CanFilter_Init    drv_can.o
    0x0800050c   0x00000030   Code   RO         3246    i.Can_Init          drv_can.o
    0x0800053c   0x0000007c   Code   RO         3247    i.Can_SendMoto      drv_can.o
    0x080005b8   0x00000060   Code   RO         3248    i.Can_SendMoto_Chassis  drv_can.o
    0x08000618   0x0000007c   Code   RO         3249    i.Can_SendMoto_Gimbals  drv_can.o
    0x08000694   0x0000007c   Code   RO         3250    i.Can_SendMoto_shoot  drv_can.o
    0x08000710   0x00000300   Code   RO         3378    i.Controller_handler  dr16.o
    0x08000a10   0x00000010   Code   RO          230    i.DMA1_Stream1_IRQHandler  stm32f4xx_it.o
    0x08000a20   0x00000010   Code   RO          231    i.DMA2_Stream2_IRQHandler  stm32f4xx_it.o
    0x08000a30   0x00000034   Code   RO         1178    i.DMA_CalcBaseAndBitshift  stm32f4xx_hal_dma.o
    0x08000a64   0x000000aa   Code   RO         1179    i.DMA_CheckFifoParam  stm32f4xx_hal_dma.o
    0x08000b0e   0x0000002c   Code   RO         1180    i.DMA_SetConfig     stm32f4xx_hal_dma.o
    0x08000b3a   0x00000002   Code   RO          232    i.DebugMon_Handler  stm32f4xx_it.o
    0x08000b3c   0x00000006   Code   RO           13    i.Error_Handler     main.o
    0x08000b42   0x00000002   PAD
    0x08000b44   0x0000012c   Code   RO         3410    i.Gyro_handler      jy901s.o
    0x08000c70   0x0000002a   Code   RO          441    i.HAL_CAN_ActivateNotification  stm32f4xx_hal_can.o
    0x08000c9a   0x00000156   Code   RO          442    i.HAL_CAN_AddTxMessage  stm32f4xx_hal_can.o
    0x08000df0   0x00000124   Code   RO          443    i.HAL_CAN_ConfigFilter  stm32f4xx_hal_can.o
    0x08000f14   0x00000002   Code   RO          446    i.HAL_CAN_ErrorCallback  stm32f4xx_hal_can.o
    0x08000f16   0x0000017a   Code   RO          449    i.HAL_CAN_GetRxMessage  stm32f4xx_hal_can.o
    0x08001090   0x0000024e   Code   RO          453    i.HAL_CAN_IRQHandler  stm32f4xx_hal_can.o
    0x080012de   0x00000174   Code   RO          454    i.HAL_CAN_Init      stm32f4xx_hal_can.o
    0x08001452   0x00000002   PAD
    0x08001454   0x00000160   Code   RO          372    i.HAL_CAN_MspInit   stm32f4xx_hal_msp.o
    0x080015b4   0x00000002   Code   RO          461    i.HAL_CAN_RxFifo0FullCallback  stm32f4xx_hal_can.o
    0x080015b6   0x00000002   PAD
    0x080015b8   0x000003ac   Code   RO         3251    i.HAL_CAN_RxFifo0MsgPendingCallback  drv_can.o
    0x08001964   0x00000002   Code   RO          463    i.HAL_CAN_RxFifo1FullCallback  stm32f4xx_hal_can.o
    0x08001966   0x00000002   Code   RO          464    i.HAL_CAN_RxFifo1MsgPendingCallback  stm32f4xx_hal_can.o
    0x08001968   0x00000002   Code   RO          465    i.HAL_CAN_SleepCallback  stm32f4xx_hal_can.o
    0x0800196a   0x0000005e   Code   RO          466    i.HAL_CAN_Start     stm32f4xx_hal_can.o
    0x080019c8   0x00000002   Code   RO          468    i.HAL_CAN_TxMailbox0AbortCallback  stm32f4xx_hal_can.o
    0x080019ca   0x00000002   Code   RO          469    i.HAL_CAN_TxMailbox0CompleteCallback  stm32f4xx_hal_can.o
    0x080019cc   0x00000002   Code   RO          470    i.HAL_CAN_TxMailbox1AbortCallback  stm32f4xx_hal_can.o
    0x080019ce   0x00000002   Code   RO          471    i.HAL_CAN_TxMailbox1CompleteCallback  stm32f4xx_hal_can.o
    0x080019d0   0x00000002   Code   RO          472    i.HAL_CAN_TxMailbox2AbortCallback  stm32f4xx_hal_can.o
    0x080019d2   0x00000002   Code   RO          473    i.HAL_CAN_TxMailbox2CompleteCallback  stm32f4xx_hal_can.o
    0x080019d4   0x00000002   Code   RO          475    i.HAL_CAN_WakeUpFromRxMsgCallback  stm32f4xx_hal_can.o
    0x080019d6   0x000000ac   Code   RO         1181    i.HAL_DMA_Abort     stm32f4xx_hal_dma.o
    0x08001a82   0x00000028   Code   RO         1182    i.HAL_DMA_Abort_IT  stm32f4xx_hal_dma.o
    0x08001aaa   0x00000002   PAD
    0x08001aac   0x00000240   Code   RO         1186    i.HAL_DMA_IRQHandler  stm32f4xx_hal_dma.o
    0x08001cec   0x000000ec   Code   RO         1187    i.HAL_DMA_Init      stm32f4xx_hal_dma.o
    0x08001dd8   0x00000092   Code   RO         1191    i.HAL_DMA_Start_IT  stm32f4xx_hal_dma.o
    0x08001e6a   0x00000002   PAD
    0x08001e6c   0x000001f0   Code   RO         1074    i.HAL_GPIO_Init     stm32f4xx_hal_gpio.o
    0x0800205c   0x0000000c   Code   RO         1078    i.HAL_GPIO_WritePin  stm32f4xx_hal_gpio.o
    0x08002068   0x0000000c   Code   RO         1611    i.HAL_GetTick       stm32f4xx_hal.o
    0x08002074   0x00000018   Code   RO         1617    i.HAL_IncTick       stm32f4xx_hal.o
    0x0800208c   0x0000003c   Code   RO         1618    i.HAL_Init          stm32f4xx_hal.o
    0x080020c8   0x0000004c   Code   RO         1619    i.HAL_InitTick      stm32f4xx_hal.o
    0x08002114   0x00000048   Code   RO          373    i.HAL_MspInit       stm32f4xx_hal_msp.o
    0x0800215c   0x00000020   Code   RO         1463    i.HAL_NVIC_EnableIRQ  stm32f4xx_hal_cortex.o
    0x0800217c   0x0000007c   Code   RO         1469    i.HAL_NVIC_SetPriority  stm32f4xx_hal_cortex.o
    0x080021f8   0x00000028   Code   RO         1470    i.HAL_NVIC_SetPriorityGrouping  stm32f4xx_hal_cortex.o
    0x08002220   0x00000184   Code   RO          675    i.HAL_RCC_ClockConfig  stm32f4xx_hal_rcc.o
    0x080023a4   0x0000000c   Code   RO          680    i.HAL_RCC_GetHCLKFreq  stm32f4xx_hal_rcc.o
    0x080023b0   0x00000020   Code   RO          682    i.HAL_RCC_GetPCLK1Freq  stm32f4xx_hal_rcc.o
    0x080023d0   0x00000020   Code   RO          683    i.HAL_RCC_GetPCLK2Freq  stm32f4xx_hal_rcc.o
    0x080023f0   0x000000b0   Code   RO          684    i.HAL_RCC_GetSysClockFreq  stm32f4xx_hal_rcc.o
    0x080024a0   0x0000049c   Code   RO          687    i.HAL_RCC_OscConfig  stm32f4xx_hal_rcc.o
    0x0800293c   0x00000034   Code   RO         1474    i.HAL_SYSTICK_Config  stm32f4xx_hal_cortex.o
    0x08002970   0x00000002   Code   RO         2573    i.HAL_TIMEx_BreakCallback  stm32f4xx_hal_tim_ex.o
    0x08002972   0x00000002   Code   RO         2574    i.HAL_TIMEx_CommutCallback  stm32f4xx_hal_tim_ex.o
    0x08002974   0x000000b4   Code   RO         2592    i.HAL_TIMEx_MasterConfigSynchronization  stm32f4xx_hal_tim_ex.o
    0x08002a28   0x00000066   Code   RO         1858    i.HAL_TIM_Base_Init  stm32f4xx_hal_tim.o
    0x08002a8e   0x00000002   PAD
    0x08002a90   0x000000b0   Code   RO          375    i.HAL_TIM_Base_MspInit  stm32f4xx_hal_msp.o
    0x08002b40   0x000000a8   Code   RO         1863    i.HAL_TIM_Base_Start_IT  stm32f4xx_hal_tim.o
    0x08002be8   0x0000010c   Code   RO         1867    i.HAL_TIM_ConfigClockSource  stm32f4xx_hal_tim.o
    0x08002cf4   0x00000002   Code   RO         1892    i.HAL_TIM_IC_CaptureCallback  stm32f4xx_hal_tim.o
    0x08002cf6   0x00000196   Code   RO         1906    i.HAL_TIM_IRQHandler  stm32f4xx_hal_tim.o
    0x08002e8c   0x00000064   Code   RO          376    i.HAL_TIM_MspPostInit  stm32f4xx_hal_msp.o
    0x08002ef0   0x00000002   Code   RO         1909    i.HAL_TIM_OC_DelayElapsedCallback  stm32f4xx_hal_tim.o
    0x08002ef2   0x00000104   Code   RO         1930    i.HAL_TIM_PWM_ConfigChannel  stm32f4xx_hal_tim.o
    0x08002ff6   0x00000066   Code   RO         1933    i.HAL_TIM_PWM_Init  stm32f4xx_hal_tim.o
    0x0800305c   0x00000002   Code   RO         1935    i.HAL_TIM_PWM_MspInit  stm32f4xx_hal_tim.o
    0x0800305e   0x00000002   Code   RO         1936    i.HAL_TIM_PWM_PulseFinishedCallback  stm32f4xx_hal_tim.o
    0x08003060   0x0000010c   Code   RO         1938    i.HAL_TIM_PWM_Start  stm32f4xx_hal_tim.o
    0x0800316c   0x00000002   Code   RO         1944    i.HAL_TIM_PeriodElapsedCallback  stm32f4xx_hal_tim.o
    0x0800316e   0x00000002   Code   RO         1949    i.HAL_TIM_TriggerCallback  stm32f4xx_hal_tim.o
    0x08003170   0x00000002   Code   RO         2851    i.HAL_UARTEx_RxEventCallback  stm32f4xx_hal_uart.o
    0x08003172   0x0000008a   Code   RO         2863    i.HAL_UART_DMAStop  stm32f4xx_hal_uart.o
    0x080031fc   0x00000002   Code   RO         2865    i.HAL_UART_ErrorCallback  stm32f4xx_hal_uart.o
    0x080031fe   0x00000002   PAD
    0x08003200   0x000002e0   Code   RO         2868    i.HAL_UART_IRQHandler  stm32f4xx_hal_uart.o
    0x080034e0   0x00000072   Code   RO         2869    i.HAL_UART_Init     stm32f4xx_hal_uart.o
    0x08003552   0x00000002   PAD
    0x08003554   0x00000264   Code   RO          378    i.HAL_UART_MspInit  stm32f4xx_hal_msp.o
    0x080037b8   0x00000042   Code   RO         2873    i.HAL_UART_Receive_DMA  stm32f4xx_hal_uart.o
    0x080037fa   0x00000002   Code   RO         2875    i.HAL_UART_RxCpltCallback  stm32f4xx_hal_uart.o
    0x080037fc   0x00000002   Code   RO         2876    i.HAL_UART_RxHalfCpltCallback  stm32f4xx_hal_uart.o
    0x080037fe   0x000000d2   Code   RO         2877    i.HAL_UART_Transmit  stm32f4xx_hal_uart.o
    0x080038d0   0x00000002   Code   RO         2880    i.HAL_UART_TxCpltCallback  stm32f4xx_hal_uart.o
    0x080038d2   0x00000004   Code   RO          233    i.HardFault_Handler  stm32f4xx_it.o
    0x080038d6   0x00000002   PAD
    0x080038d8   0x00000058   Code   RO         3324    i.IDLE_Gyro_Handler  drv_usart.o
    0x08003930   0x00000064   Code   RO         3325    i.IDLE_Handler      drv_usart.o
    0x08003994   0x00000096   Code   RO         3631    i.Increment_PID     pid.o
    0x08003a2a   0x00000002   PAD
    0x08003a2c   0x00000040   Code   RO         3326    i.JY901_Init        drv_usart.o
    0x08003a6c   0x0000004c   Code   RO           14    i.MX_CAN1_Init      main.o
    0x08003ab8   0x00000050   Code   RO           15    i.MX_CAN2_Init      main.o
    0x08003b08   0x00000068   Code   RO           16    i.MX_DMA_Init       main.o
    0x08003b70   0x0000010c   Code   RO           17    i.MX_GPIO_Init      main.o
    0x08003c7c   0x00000070   Code   RO           18    i.MX_TIM2_Init      main.o
    0x08003cec   0x00000074   Code   RO           19    i.MX_TIM3_Init      main.o
    0x08003d60   0x000000a8   Code   RO           20    i.MX_TIM4_Init      main.o
    0x08003e08   0x0000003c   Code   RO           21    i.MX_USART1_UART_Init  main.o
    0x08003e44   0x00000044   Code   RO           22    i.MX_USART3_UART_Init  main.o
    0x08003e88   0x00000038   Code   RO           23    i.MX_USART6_UART_Init  main.o
    0x08003ec0   0x00000004   Code   RO          234    i.MemManage_Handler  stm32f4xx_it.o
    0x08003ec4   0x00000004   Code   RO          235    i.NMI_Handler       stm32f4xx_it.o
    0x08003ec8   0x000000c8   Code   RO         3447    i.OutPut_Data       oscilloscope.o
    0x08003f90   0x00000002   Code   RO          236    i.PendSV_Handler    stm32f4xx_it.o
    0x08003f92   0x00000002   PAD
    0x08003f94   0x000000ec   Code   RO         3632    i.Position_Aangle_pid  pid.o
    0x08004080   0x000000ac   Code   RO         3633    i.Position_Gyro_pid  pid.o
    0x0800412c   0x00000040   Code   RO         3327    i.RC_Init           drv_usart.o
    0x0800416c   0x00000002   Code   RO          237    i.SVC_Handler       stm32f4xx_it.o
    0x0800416e   0x00000008   Code   RO          238    i.SysTick_Handler   stm32f4xx_it.o
    0x08004176   0x00000002   PAD
    0x08004178   0x000000b4   Code   RO           24    i.SystemClock_Config  main.o
    0x0800422c   0x00000014   Code   RO         3208    i.SystemInit        system_stm32f4xx.o
    0x08004240   0x00000058   Code   RO          239    i.TIM2_IRQHandler   stm32f4xx_it.o
    0x08004298   0x00000034   Code   RO          240    i.TIM3_IRQHandler   stm32f4xx_it.o
    0x080042cc   0x000000d8   Code   RO         1951    i.TIM_Base_SetConfig  stm32f4xx_hal_tim.o
    0x080043a4   0x00000022   Code   RO         1952    i.TIM_CCxChannelCmd  stm32f4xx_hal_tim.o
    0x080043c6   0x00000016   Code   RO         1962    i.TIM_ETR_SetConfig  stm32f4xx_hal_tim.o
    0x080043dc   0x00000012   Code   RO         1963    i.TIM_ITRx_SetConfig  stm32f4xx_hal_tim.o
    0x080043ee   0x00000002   PAD
    0x080043f0   0x00000070   Code   RO         1964    i.TIM_OC1_SetConfig  stm32f4xx_hal_tim.o
    0x08004460   0x0000007c   Code   RO         1965    i.TIM_OC2_SetConfig  stm32f4xx_hal_tim.o
    0x080044dc   0x00000078   Code   RO         1966    i.TIM_OC3_SetConfig  stm32f4xx_hal_tim.o
    0x08004554   0x00000054   Code   RO         1967    i.TIM_OC4_SetConfig  stm32f4xx_hal_tim.o
    0x080045a8   0x00000026   Code   RO         1969    i.TIM_TI1_ConfigInputStage  stm32f4xx_hal_tim.o
    0x080045ce   0x00000028   Code   RO         1971    i.TIM_TI2_ConfigInputStage  stm32f4xx_hal_tim.o
    0x080045f6   0x00000014   Code   RO         2882    i.UART_DMAAbortOnError  stm32f4xx_hal_uart.o
    0x0800460a   0x00000050   Code   RO         2883    i.UART_DMAError     stm32f4xx_hal_uart.o
    0x0800465a   0x000000b0   Code   RO         2884    i.UART_DMAReceiveCplt  stm32f4xx_hal_uart.o
    0x0800470a   0x00000020   Code   RO         2886    i.UART_DMARxHalfCplt  stm32f4xx_hal_uart.o
    0x0800472a   0x0000006c   Code   RO         2892    i.UART_EndRxTransfer  stm32f4xx_hal_uart.o
    0x08004796   0x00000020   Code   RO         2893    i.UART_EndTransmit_IT  stm32f4xx_hal_uart.o
    0x080047b6   0x00000026   Code   RO         2894    i.UART_EndTxTransfer  stm32f4xx_hal_uart.o
    0x080047dc   0x000000f8   Code   RO         2895    i.UART_Receive_IT   stm32f4xx_hal_uart.o
    0x080048d4   0x0000022c   Code   RO         2896    i.UART_SetConfig    stm32f4xx_hal_uart.o
    0x08004b00   0x000000cc   Code   RO         2897    i.UART_Start_Receive_DMA  stm32f4xx_hal_uart.o
    0x08004bcc   0x00000060   Code   RO         2899    i.UART_Transmit_IT  stm32f4xx_hal_uart.o
    0x08004c2c   0x00000092   Code   RO         2900    i.UART_WaitOnFlagUntilTimeout  stm32f4xx_hal_uart.o
    0x08004cbe   0x00000002   PAD
    0x08004cc0   0x00000014   Code   RO          241    i.USART1_IRQHandler  stm32f4xx_it.o
    0x08004cd4   0x00000014   Code   RO          242    i.USART3_IRQHandler  stm32f4xx_it.o
    0x08004ce8   0x00000004   Code   RO          243    i.UsageFault_Handler  stm32f4xx_it.o
    0x08004cec   0x00000010   Code   RO         1476    i.__NVIC_GetPriorityGrouping  stm32f4xx_hal_cortex.o
    0x08004cfc   0x00000028   Code   RO         1477    i.__NVIC_SetPriority  stm32f4xx_hal_cortex.o
    0x08004d24   0x00000470   Code   RO         3505    i.chasiss_control   chasiss.o
    0x08005194   0x0000009a   Code   RO         3252    i.convert_6623speed  drv_can.o
    0x0800522e   0x00000002   PAD
    0x08005230   0x0000010c   Code   RO         3565    i.gimbals_control   gimbals.o
    0x0800533c   0x0000009c   Code   RO           25    i.main              main.o
    0x080053d8   0x00000088   Code   RO         3634    i.pitch_loops_pid   pid.o
    0x08005460   0x000001a8   Code   RO         3600    i.shoot_control     shoot.o
    0x08005608   0x0000000a   Code   RO         3506    i.tardy_start       chasiss.o
    0x08005612   0x00000014   Code   RO         3507    i.tardy_stop        chasiss.o
    0x08005626   0x00000002   PAD
    0x08005628   0x00000090   Code   RO         3635    i.yaw_loops_pid     pid.o
    0x080056b8   0x00000014   Code   RO         3636    i.zero_point_compensate  pid.o
    0x080056cc   0x00000062   Code   RO         3699    x$fpl$d2f           fz_wm.l(d2f.o)
    0x0800572e   0x00000002   PAD
    0x08005730   0x000002b0   Code   RO         3708    x$fpl$ddiv          fz_wm.l(ddiv.o)
    0x080059e0   0x0000002e   Code   RO         3716    x$fpl$dflt          fz_wm.l(dflt_clz.o)
    0x08005a0e   0x00000002   PAD
    0x08005a10   0x00000154   Code   RO         3721    x$fpl$dmul          fz_wm.l(dmul.o)
    0x08005b64   0x0000009c   Code   RO         3758    x$fpl$dnaninf       fz_wm.l(dnaninf.o)
    0x08005c00   0x0000000c   Code   RO         3760    x$fpl$dretinf       fz_wm.l(dretinf.o)
    0x08005c0c   0x0000000a   Code   RO         3912    x$fpl$fpinit        fz_wm.l(fpinit.o)
    0x08005c16   0x0000000a   Code   RO         3764    x$fpl$fretinf       fz_wm.l(fretinf.o)
    0x08005c20   0x00000000   Code   RO         3766    x$fpl$usenofp       fz_wm.l(usenofp.o)
    0x08005c20   0x00000008   Data   RO         1193    .constdata          stm32f4xx_hal_dma.o
    0x08005c28   0x00000018   Data   RO         3209    .constdata          system_stm32f4xx.o
    0x08005c40   0x00000020   Data   RO         3967    Region$$Table       anon$$obj.o


    Execution Region RW_IRAM2 (Base: 0x10000000, Size: 0x00000000, Max: 0x00010000, ABSOLUTE)

    **** No section assigned to this execution region ****


    Execution Region RW_IRAM1 (Base: 0x20000000, Size: 0x00000ba8, Max: 0x00020000, ABSOLUTE, COMPRESSED[0x00000010])

    Base Addr    Size         Type   Attr      Idx    E Section Name        Object

    0x20000000   0x00000004   Data   RW          379    .data               stm32f4xx_hal_msp.o
    0x20000004   0x00000009   Data   RW         1625    .data               stm32f4xx_hal.o
    0x2000000d   0x00000003   PAD
    0x20000010   0x00000004   Data   RW         3210    .data               system_stm32f4xx.o
    0x20000014   0x0000008c   Data   RW         3254    .data               drv_can.o
    0x200000a0   0x00000002   Data   RW         3329    .data               drv_usart.o
    0x200000a2   0x0000000a   Data   RW         3380    .data               dr16.o
    0x200000ac   0x00000008   Data   RW         3412    .data               jy901s.o
    0x200000b4   0x00000034   Data   RW         3509    .data               chasiss.o
    0x200000e8   0x00000020   Data   RW         3566    .data               gimbals.o
    0x20000108   0x00000028   Data   RW         3637    .data               pid.o
    0x20000130   0x000002b4   Zero   RW           26    .bss                main.o
    0x200003e4   0x0000007c   Zero   RW         3253    .bss                drv_can.o
    0x20000460   0x0000003a   Zero   RW         3328    .bss                drv_usart.o
    0x2000049a   0x00000002   PAD
    0x2000049c   0x0000003a   Zero   RW         3379    .bss                dr16.o
    0x200004d6   0x00000002   PAD
    0x200004d8   0x00000018   Zero   RW         3411    .bss                jy901s.o
    0x200004f0   0x00000010   Zero   RW         3448    .bss                oscilloscope.o
    0x20000500   0x00000028   Zero   RW         3508    .bss                chasiss.o
    0x20000528   0x0000001e   Zero   RW         3601    .bss                shoot.o
    0x20000546   0x00000002   PAD
    0x20000548   0x00000060   Zero   RW         3828    .bss                c_w.l(libspace.o)
    0x200005a8   0x00000200   Zero   RW            2    HEAP                startup_stm32f407xx.o
    0x200007a8   0x00000400   Zero   RW            1    STACK               startup_stm32f407xx.o


==============================================================================

Image component sizes


      Code (inc. data)   RO Data    RW Data    ZI Data      Debug   Object Name

      1166         82          0         52         40       3317   chasiss.o
       768         38          0         10         58       1927   dr16.o
      1722        206          0        140        124       8232   drv_can.o
       316         46          0          2         58       3031   drv_usart.o
       268         52          0         32          0       1607   gimbals.o
       300         38          0          8         24       1266   jy901s.o
      1450        120          0          0        692     708985   main.o
       258          8          0          0         16       2060   oscilloscope.o
       858         82          0         40          0       6172   pid.o
       424         52          0          0         30        994   shoot.o
        64         26        392          0       1536        836   startup_stm32f407xx.o
       172         32          0          9          0       8685   stm32f4xx_hal.o
      2134          6          0          0          0      14059   stm32f4xx_hal_can.o
       304         22          0          0          0      34359   stm32f4xx_hal_cortex.o
      1436         16          8          0          0       6842   stm32f4xx_hal_dma.o
       508         44          0          0          0       2064   stm32f4xx_hal_gpio.o
      1312        104          0          4          0       4500   stm32f4xx_hal_msp.o
      1820         84          0          0          0       5536   stm32f4xx_hal_rcc.o
      2394        142          0          0          0      16632   stm32f4xx_hal_tim.o
       184         30          0          0          0       2441   stm32f4xx_hal_tim_ex.o
      3010         26          0          0          0      17057   stm32f4xx_hal_uart.o
       278         52          0          0          0       7962   stm32f4xx_it.o
        20          6         24          4          0       1083   system_stm32f4xx.o

    ----------------------------------------------------------------------
     21202       1314        456        304       2584     859647   Object Totals
         0          0         32          0          0          0   (incl. Generated)
        36          0          0          3          6          0   (incl. Padding)

    ----------------------------------------------------------------------

      Code (inc. data)   RO Data    RW Data    ZI Data      Debug   Library Member Name

        58          0          0          0          0          0   __dczerorl.o
         8          0          0          0          0         68   __main.o
         0          0          0          0          0          0   __rtentry.o
        12          0          0          0          0          0   __rtentry2.o
         6          0          0          0          0          0   __rtentry4.o
        52          8          0          0          0          0   __scatter.o
        28          0          0          0          0          0   __scatter_zi.o
        12          0          0          0          0         72   exit.o
         6          0          0          0          0        152   heapauxi.o
         0          0          0          0          0          0   indicate_semi.o
         2          0          0          0          0          0   libinit.o
         6          0          0          0          0          0   libinit2.o
         2          0          0          0          0          0   libshutdown.o
         2          0          0          0          0          0   libshutdown2.o
         8          4          0          0         96         68   libspace.o
       238          0          0          0          0        100   lludivv7m.o
        78          0          0          0          0         80   rt_memclr_w.o
         2          0          0          0          0          0   rtexit.o
        10          0          0          0          0          0   rtexit2.o
        12          4          0          0          0         68   sys_exit.o
        74          0          0          0          0         80   sys_stackheap_outer.o
         2          0          0          0          0         68   use_no_semi.o
        98          4          0          0          0        140   d2f.o
       688        140          0          0          0        256   ddiv.o
        46          0          0          0          0        116   dflt_clz.o
       340         12          0          0          0        152   dmul.o
       156          4          0          0          0        140   dnaninf.o
        12          0          0          0          0        116   dretinf.o
        10          0          0          0          0        116   fpinit.o
        10          0          0          0          0        116   fretinf.o
         0          0          0          0          0          0   usenofp.o

    ----------------------------------------------------------------------
      1990        176          0          0         96       1908   Library Totals
        12          0          0          0          0          0   (incl. Padding)

    ----------------------------------------------------------------------

      Code (inc. data)   RO Data    RW Data    ZI Data      Debug   Library Name

       618         16          0          0         96        756   c_w.l
      1360        160          0          0          0       1152   fz_wm.l

    ----------------------------------------------------------------------
      1990        176          0          0         96       1908   Library Totals

    ----------------------------------------------------------------------

==============================================================================


      Code (inc. data)   RO Data    RW Data    ZI Data      Debug   

     23192       1490        456        304       2680     845795   Grand Totals
     23192       1490        456         16       2680     845795   ELF Image Totals (compressed)
     23192       1490        456         16          0          0   ROM Totals

==============================================================================

    Total RO  Size (Code + RO Data)                23648 (  23.09kB)
    Total RW  Size (RW Data + ZI Data)              2984 (   2.91kB)
    Total ROM Size (Code + RO Data + RW Data)      23664 (  23.11kB)

==============================================================================

